C51 COMPILER V9.60.0.0   KEY                                                               04/21/2023 13:03:53 PAGE 1   


C51 COMPILER V9.60.0.0, COMPILATION OF MODULE KEY
OBJECT MODULE PLACED IN .\OBJ\key.obj
COMPILER INVOKED BY: C:\Keil_v5\C51\BIN\C51.EXE Library\src\key.c LARGE OMF2 WARNINGLEVEL(1) OPTIMIZE(8,SPEED) INCDIR(.\
                    -Library\inc;.\USER) PRINT(.\key.lst) TABS(2) OBJECT(.\OBJ\key.obj)

line level    source

   1          
   2          /***************************************************************************************************    
   3          库名称：  key
   4          作者： Jun
   5          日期：  2023-4-21
   6          ***************************************************************************************************/
   7          #include "key.h"      //包含头文件
   8          uchar KeyValue = 16;
   9          
  10          
  11          
  12          //**************************************************************************************************
  13          //矩阵键盘扫描函数
  14          //**************************************************************************************************
  15          void KeyDown(void){
  16   1        char a=0;
  17   1        GPIO_KEY=0x0f;
  18   1        if(GPIO_KEY!=0x0f){ //读取按键是否按下     
  19   2          Delay_Ms(10);//延时10ms进行消抖
  20   2          if(GPIO_KEY!=0x0f){//再次检测键盘是否按下
  21   3            //测试列
  22   3            GPIO_KEY=0X0F;
  23   3            switch(GPIO_KEY){
  24   4              case(0X07): KeyValue=0;break;
  25   4              case(0X0b): KeyValue=1;break;
  26   4              case(0X0d): KeyValue=2;break;
  27   4              case(0X0e): KeyValue=3;break;
  28   4            }
  29   3            //测试行
  30   3            GPIO_KEY=0XF0;
  31   3            switch(GPIO_KEY){
  32   4              case(0X70): KeyValue=KeyValue;break;
  33   4              case(0Xb0): KeyValue=KeyValue+4;break;
  34   4              case(0Xd0): KeyValue=KeyValue+8;break;
  35   4              case(0Xe0): KeyValue=KeyValue+12;break;
  36   4            }
  37   3            while((a<50)&&(GPIO_KEY!=0xf0)){   //检测按键松手检测
  38   4              Delay_Ms(10);
  39   4              a++;
  40   4            }
  41   3          }
  42   2        }
  43   1      } 
  44          /**
  45            * @brief  获取独立按键键码
  46            * @param  无
  47            * @retval 按下按键的键码，范围：0~4，无按键按下时返回值为0
  48            */
  49          unsigned char KeyScan(){
  50   1        unsigned char KeyNumber=0;
  51   1        if(key1==0){Delay_Ms(20);while(key1==0);Delay_Ms(20);KeyNumber=1;}
  52   1        if(key2==0){Delay_Ms(20);while(key2==0);Delay_Ms(20);KeyNumber=2;}
  53   1        if(key3==0){Delay_Ms(20);while(key3==0);Delay_Ms(20);KeyNumber=3;}
  54   1        if(key4==0){Delay_Ms(20);while(key4==0);Delay_Ms(20);KeyNumber=4;}
C51 COMPILER V9.60.0.0   KEY                                                               04/21/2023 13:03:53 PAGE 2   

  55   1        return KeyNumber;
  56   1      }
  57                                   
  58          


MODULE INFORMATION:   STATIC OVERLAYABLE
   CODE SIZE        =    296    ----
   CONSTANT SIZE    =   ----    ----
   XDATA SIZE       =      1       2
   PDATA SIZE       =   ----    ----
   DATA SIZE        =   ----    ----
   IDATA SIZE       =   ----    ----
   BIT SIZE         =   ----    ----
   EDATA SIZE       =   ----    ----
   HDATA SIZE       =   ----    ----
   XDATA CONST SIZE =   ----    ----
   FAR CONST SIZE   =   ----    ----
END OF MODULE INFORMATION.


C51 COMPILATION COMPLETE.  0 WARNING(S),  0 ERROR(S)
