LX51 LINKER/LOCATER V4.66.97.0                                                          04/21/2023  13:03:53  PAGE 1


LX51 LINKER/LOCATER V4.66.97.0, INVOKED BY:
C:\KEIL_V5\C51\BIN\LX51.EXE .\OBJ\main.obj, .\OBJ\ADC.obj, .\OBJ\AT24C02.obj, .\OBJ\Digital_tube.obj, .\OBJ\DS18B20.obj,
>>  .\OBJ\ds1302.obj, .\OBJ\int_it.obj, .\OBJ\IO_expand.obj, .\OBJ\LCD1602.obj, .\OBJ\parallel_12864.obj, .\OBJ\PCF8591.
>> obj, .\OBJ\PWM.obj, .\OBJ\stepper_motor.obj, .\OBJ\time.obj, .\OBJ\usart.obj, .\OBJ\HX711.obj, .\OBJ\as608.obj, .\OBJ
>> \buzz.obj, .\OBJ\delay.obj, .\OBJ\mpu6050.obj, .\OBJ\key.obj TO .\OBJ\project PRINT (.\project.map) DISABLEWARNING (1
>> 6)


CPU MODE:     8051 MODE
MEMORY MODEL: LARGE WITH FLOATING POINT ARITHMETIC


INPUT MODULES INCLUDED:
  .\OBJ\main.obj (MAIN)
         COMMENT TYPE 0: C51 V9.60.0.0
  .\OBJ\ADC.obj (ADC)
         COMMENT TYPE 0: C51 V9.60.0.0
  .\OBJ\AT24C02.obj (AT24C02)
         COMMENT TYPE 0: C51 V9.60.0.0
  .\OBJ\Digital_tube.obj (DIGITAL_TUBE)
         COMMENT TYPE 0: C51 V9.60.0.0
  .\OBJ\DS18B20.obj (DS18B20)
         COMMENT TYPE 0: C51 V9.60.0.0
  .\OBJ\ds1302.obj (DS1302)
         COMMENT TYPE 0: C51 V9.60.0.0
  .\OBJ\int_it.obj (INT_IT)
         COMMENT TYPE 0: C51 V9.60.0.0
  .\OBJ\IO_expand.obj (IO_EXPAND)
         COMMENT TYPE 0: C51 V9.60.0.0
  .\OBJ\LCD1602.obj (LCD1602)
         COMMENT TYPE 0: C51 V9.60.0.0
  .\OBJ\parallel_12864.obj (PARALLEL_12864)
         COMMENT TYPE 0: C51 V9.60.0.0
  .\OBJ\PCF8591.obj (PCF8591)
         COMMENT TYPE 0: C51 V9.60.0.0
  .\OBJ\PWM.obj (PWM)
         COMMENT TYPE 0: C51 V9.60.0.0
  .\OBJ\stepper_motor.obj (STEPPER_MOTOR)
         COMMENT TYPE 0: C51 V9.60.0.0
  .\OBJ\time.obj (TIME)
         COMMENT TYPE 0: C51 V9.60.0.0
  .\OBJ\usart.obj (USART)
         COMMENT TYPE 0: C51 V9.60.0.0
  .\OBJ\HX711.obj (HX711)
         COMMENT TYPE 0: C51 V9.60.0.0
  .\OBJ\as608.obj (AS608)
         COMMENT TYPE 0: C51 V9.60.0.0
  .\OBJ\buzz.obj (BUZZ)
         COMMENT TYPE 0: C51 V9.60.0.0
  .\OBJ\delay.obj (DELAY)
         COMMENT TYPE 0: C51 V9.60.0.0
  .\OBJ\mpu6050.obj (MPU6050)
         COMMENT TYPE 0: C51 V9.60.0.0
  .\OBJ\key.obj (KEY)
         COMMENT TYPE 0: C51 V9.60.0.0
  C:\KEIL_V5\C51\LIB\C51FPL.LIB (?C?FPMUL)
         COMMENT TYPE 1: A51 / ASM51 Assembler
  C:\KEIL_V5\C51\LIB\C51FPL.LIB (?C?FPDIV)
         COMMENT TYPE 1: A51 / ASM51 Assembler
  C:\KEIL_V5\C51\LIB\C51FPL.LIB (?C?FCAST)
         COMMENT TYPE 1: A51 / ASM51 Assembler
  C:\KEIL_V5\C51\LIB\C51FPL.LIB (?C?FPGETOPN)
         COMMENT TYPE 1: A51 / ASM51 Assembler
  C:\KEIL_V5\C51\LIB\C51L.LIB (?C_STARTUP)
         COMMENT TYPE 1: A51 / ASM51 Assembler
  C:\KEIL_V5\C51\LIB\C51L.LIB (?C?COPY)
LX51 LINKER/LOCATER V4.66.97.0                                                        04/21/2023  13:03:53  PAGE 2


         COMMENT TYPE 1: A51 / ASM51 Assembler
  C:\KEIL_V5\C51\LIB\C51L.LIB (?C?CLDPTR)
         COMMENT TYPE 1: A51 / ASM51 Assembler
  C:\KEIL_V5\C51\LIB\C51L.LIB (?C?CLDOPTR)
         COMMENT TYPE 1: A51 / ASM51 Assembler
  C:\KEIL_V5\C51\LIB\C51L.LIB (?C?IMUL)
         COMMENT TYPE 1: A51 / ASM51 Assembler
  C:\KEIL_V5\C51\LIB\C51L.LIB (?C?UIDIV)
         COMMENT TYPE 1: A51 / ASM51 Assembler
  C:\KEIL_V5\C51\LIB\C51L.LIB (?C?IILDX)
         COMMENT TYPE 1: A51 / ASM51 Assembler
  C:\KEIL_V5\C51\LIB\C51L.LIB (?C?ILDIX)
         COMMENT TYPE 1: A51 / ASM51 Assembler
  C:\KEIL_V5\C51\LIB\C51L.LIB (?C?ULDIV)
         COMMENT TYPE 1: A51 / ASM51 Assembler
  C:\KEIL_V5\C51\LIB\C51L.LIB (?C?LNEG)
         COMMENT TYPE 1: A51 / ASM51 Assembler
  C:\KEIL_V5\C51\LIB\C51L.LIB (?C?ULSHR)
         COMMENT TYPE 1: A51 / ASM51 Assembler
  C:\KEIL_V5\C51\LIB\C51L.LIB (?C?LSHL)
         COMMENT TYPE 1: A51 / ASM51 Assembler
  C:\KEIL_V5\C51\LIB\C51L.LIB (?C?LSTXDATA)
         COMMENT TYPE 1: A51 / ASM51 Assembler
  C:\KEIL_V5\C51\LIB\C51L.LIB (?C?LSTKXDATA)
         COMMENT TYPE 1: A51 / ASM51 Assembler
  C:\KEIL_V5\C51\LIB\C51L.LIB (?C?OFFXADD)
         COMMENT TYPE 1: A51 / ASM51 Assembler
  C:\KEIL_V5\C51\LIB\C51L.LIB (?C_INIT)
         COMMENT TYPE 1: A51 / ASM51 Assembler


ACTIVE MEMORY CLASSES OF MODULE:  .\OBJ\project (MAIN)

BASE        START       END         USED      MEMORY CLASS
==========================================================
C:000000H   C:000000H   C:00FFFFH   001F06H   CODE
X:000000H   X:000000H   X:00FFFFH   0000E3H   XDATA
C:000000H   C:000000H   C:00FFFFH   000082H   CONST
I:000020H.0 I:000020H.0 I:00002FH.7 000000H.2 BIT
I:000000H   I:000000H   I:0000FFH   000001H   IDATA
I:000000H   I:000000H   I:00007FH   000008H   DATA


MEMORY MAP OF MODULE:  .\OBJ\project (MAIN)


START     STOP      LENGTH    ALIGN  RELOC    MEMORY CLASS   SEGMENT NAME
=========================================================================

* * * * * * * * * * *   D A T A   M E M O R Y   * * * * * * * * * * * * *
000000H   000007H   000008H   ---    AT..     DATA           "REG BANK 0"
000008H.0 00001FH.7 000018H.0 ---    ---      **GAP**
000020H.0 000020H.0 000000H.1 BIT    UNIT     BIT            ?BI?PCF8591_SENDACK?PCF8591
000020H.1 000020H.1 000000H.1 BIT    UNIT     BIT            ?BI?I2C_SENDACK?MPU6050
000020H.2 000020H   000000H.6 ---    ---      **GAP**
000021H   000021H   000001H   BYTE   UNIT     IDATA          ?STACK

* * * * * * * * * * *   C O D E   M E M O R Y   * * * * * * * * * * * * *
000000H   000002H   000003H   ---    OFFS..   CODE           ?CO??C_STARTUP?0
000003H   000005H   000003H   BYTE   OFFS..   CODE           ?INT_IT?00003
000006H   000006H   000001H   BYTE   UNIT     CODE           ?PR?INT0?INT_IT
000007H   000007H   000001H   BYTE   UNIT     CODE           ?PR?INT1?INT_IT
000008H   00000AH   000003H   ---    ---      **GAP**
00000BH   00000DH   000003H   BYTE   OFFS..   CODE           ?TIME?0000B
00000EH   000012H   000005H   ---    ---      **GAP**
LX51 LINKER/LOCATER V4.66.97.0                                                        04/21/2023  13:03:53  PAGE 3


000013H   000015H   000003H   BYTE   OFFS..   CODE           ?INT_IT?00013
000016H   00001AH   000005H   ---    ---      **GAP**
00001BH   00001DH   000003H   BYTE   OFFS..   CODE           ?TIME?0001B
00001EH   000022H   000005H   ---    ---      **GAP**
000023H   000025H   000003H   BYTE   OFFS..   CODE           ?USART?00023
000026H   00056DH   000548H   BYTE   UNIT     CODE           ?C?LIB_CODE
00056EH   000754H   0001E7H   BYTE   UNIT     CODE           ?PR?_LCD_12864_DRAWLINE?PARALLEL_12864
000755H   0008ACH   000158H   BYTE   UNIT     CODE           ?PR?_IMG_DISPLEFT?PARALLEL_12864
0008ADH   000985H   0000D9H   BYTE   UNIT     CODE           ?PR?_SET_12864_POINT?PARALLEL_12864
000986H   000A57H   0000D2H   BYTE   UNIT     CODE           ?PR?_NUM_DISPLAY?PARALLEL_12864
000A58H   000B1CH   0000C5H   BYTE   UNIT     CODE           ?PR?GETDS1302?DS1302
000B1DH   000BE0H   0000C4H   BYTE   UNIT     CODE           ?PR?_WRITE_NUM?LCD1602
000BE1H   000C99H   0000B9H   BYTE   UNIT     CODE           ?PR?_FPM10A_CMD_SAVE_FINGER?AS608
000C9AH   000D4FH   0000B6H   BYTE   UNIT     CODE           ?PR?KEYDOWN?KEY
000D50H   000E04H   0000B5H   BYTE   UNIT     CODE           ?PR?HX711_READ?HX711
000E05H   000E9CH   000098H   BYTE   UNIT     CODE           ?PR?_PHO_DISPLAY?PARALLEL_12864
000E9DH   000F28H   00008CH   BYTE   UNIT     CODE           ?C_C51STARTUP
000F29H   000FA9H   000081H   BYTE   UNIT     CODE           ?PR?_STEPPER_MOTOR?STEPPER_MOTOR
000FAAH   001026H   00007DH   BYTE   UNIT     CODE           ?PR?CLEAR_12864?PARALLEL_12864
001027H   0010A3H   00007DH   BYTE   UNIT     CODE           ?PR?FPM10A_FIND_FINGERPRINT?AS608
0010A4H   001118H   000075H   BYTE   UNIT     CODE           ?PR?_WRITE_12864_COM?PARALLEL_12864
001119H   00118AH   000072H   BYTE   UNIT     CODE           ?PR?KEYSCAN?KEY
00118BH   0011FBH   000071H   BYTE   UNIT     CODE           ?PR?_FPM10A_ADD_FINGERPRINT?AS608
0011FCH   001266H   00006BH   BYTE   UNIT     CODE           ?PR?_WRITE_12864_DATA?PARALLEL_12864
001267H   0012D0H   00006AH   BYTE   UNIT     CODE           ?PR?CHECK_12864_BUSY?PARALLEL_12864
0012D1H   001333H   000063H   BYTE   UNIT     CODE           ?C_INITSEG
001334H   001386H   000053H   BYTE   UNIT     CODE           ?PR?USART_INTERRUPT?USART
001387H   0013D2H   00004CH   BYTE   UNIT     CODE           ?PR?READ_12864_DATA?PARALLEL_12864
0013D3H   00141CH   00004AH   BYTE   UNIT     CODE           ?PR?_GETADCRESULT?ADC
00141DH   001466H   00004AH   BYTE   UNIT     CODE           ?PR?AT24C02_READ_BYTE?AT24C02
001467H   0014AFH   000049H   BYTE   UNIT     CODE           ?PR?INITDS1302?DS1302
0014B0H   0014F8H   000049H   BYTE   UNIT     CODE           ?PR?FINGERPRINT_CMD_IMG_TO_BUFFER2?AS608
0014F9H   001541H   000049H   BYTE   UNIT     CODE           ?PR?FINGERPRINT_CMD_DELETE_ALL_MODEL?AS608
001542H   001589H   000048H   BYTE   UNIT     CODE           ?PR?DS18B20_READBYTE?DS18B20
00158AH   0015CFH   000046H   BYTE   UNIT     CODE           ?PR?_AT24C02_WRITE_BYTE?AT24C02
0015D0H   001615H   000046H   BYTE   UNIT     CODE           ?PR?I2C_RECVBYTE?MPU6050
001616H   001659H   000044H   BYTE   UNIT     CODE           ?PR?_DS18B20_WRITEBYTE?DS18B20
00165AH   00169DH   000044H   BYTE   UNIT     CODE           ?PR?_PCF8591_SEND_BYTE?PCF8591
00169EH   0016E1H   000044H   BYTE   UNIT     CODE           ?PR?FPM10A_CMD_CHECK?AS608
0016E2H   001724H   000043H   BYTE   UNIT     CODE           ?PR?PCF8591_RECEIVE_BYTE?PCF8591
001725H   001764H   000040H   BYTE   UNIT     CODE           ?PR?DS18B20_END?DS18B20
001765H   0017A2H   00003EH   BYTE   UNIT     CODE           ?PR?AT24C02_ACK?AT24C02
0017A3H   0017DCH   00003AH   BYTE   UNIT     CODE           ?PR?FPM10A_CMD_SEND_PACK_HEAD?AS608
0017DDH   001816H   00003AH   BYTE   UNIT     CODE           ?PR?FPM10A_DELETE_ALL_FINGERPRINT?AS608
001817H   00184EH   000038H   BYTE   UNIT     CODE           ?PR?SCAN?DIGITAL_TUBE
00184FH   001886H   000038H   BYTE   UNIT     CODE           ?PR?_PCF8591_READ_AD?PCF8591
001887H   0018BDH   000037H   BYTE   UNIT     CODE           ?PR?_I2C_SENDBYTE?MPU6050
0018BEH   0018F1H   000034H   BYTE   UNIT     CODE           ?PR?_HANZI_DISP?PARALLEL_12864
0018F2H   001924H   000033H   BYTE   UNIT     CODE           ?PR?_SINGLE_READI2C?MPU6050
001925H   001956H   000032H   BYTE   UNIT     CODE           ?PR?_WRITE_12864_STRING?PARALLEL_12864
001957H   001985H   00002FH   BYTE   UNIT     CODE           ?PR?_AT24C02_WRITE_PAGE?AT24C02
001986H   0019B4H   00002FH   BYTE   UNIT     CODE           ?PR?DS18B20_RESET?DS18B20
0019B5H   0019E3H   00002FH   BYTE   UNIT     CODE           ?PR?_BUZZ_TIMES?BUZZ
0019E4H   001A11H   00002EH   BYTE   UNIT     CODE           ?PR?_SEND_STRING?USART
001A12H   001A3FH   00002EH   BYTE   UNIT     CODE           ?PR?_FPM10A_RECEIVE_DATA?AS608
001A40H   001A6CH   00002DH   BYTE   UNIT     CODE           ?PR?_WBYTE_595?IO_EXPAND
001A6DH   001A99H   00002DH   BYTE   UNIT     CODE           ?PR?PCF8591_START?PCF8591
001A9AH   001AC1H   000028H   BYTE   UNIT     CODE           ?PR?FPM10A_CMD_GET_IMG?AS608
001AC2H   001AE9H   000028H   BYTE   UNIT     CODE           ?PR?FINGERPRINT_CMD_IMG_TO_BUFFER1?AS608
001AEAH   001B11H   000028H   BYTE   UNIT     CODE           ?PR?FPM10A_CMD_SEARCH_FINGER?AS608
001B12H   001B39H   000028H   BYTE   UNIT     CODE           ?PR?FPM10A_CMD_REG_MODEL?AS608
001B3AH   001B60H   000027H   BYTE   UNIT     CODE           ?PR?_LCD_DELAY?LCD1602
001B61H   001B86H   000026H   BYTE   UNIT     CODE           ?PR?_GETDATA?MPU6050
001B87H   001BABH   000025H   BYTE   UNIT     CODE           ?PR?_WBYTE_138?IO_EXPAND
001BACH   001BCEH   000023H   BYTE   UNIT     CODE           ?PR?_DS1302_WBYTE?DS1302
LX51 LINKER/LOCATER V4.66.97.0                                                        04/21/2023  13:03:53  PAGE 4


001BCFH   001BF1H   000023H   BYTE   UNIT     CODE           ?PR?CHECK_1602_BUSY?LCD1602
001BF2H   001C14H   000023H   BYTE   UNIT     CODE           ?PR?_SINGLE_WRITEI2C?MPU6050
001C15H   001C37H   000023H   BYTE   UNIT     CODE           ?PR?INITMPU6050?MPU6050
001C38H   001C59H   000022H   BYTE   UNIT     CODE           ?PR?DS1302_RBYTE?DS1302
001C5AH   001C79H   000020H   BYTE   UNIT     CODE           ?PR?_PCF8591_DAC?PCF8591
001C7AH   001C99H   000020H   BYTE   UNIT     CODE           ?PR?_DELAY_MS?DELAY
001C9AH   001CB9H   000020H   BYTE   UNIT     CODE           ?PR?_DELAY?DELAY
001CBAH   001CD8H   00001FH   BYTE   UNIT     CODE           ?PR?AT24C02_START?AT24C02
001CD9H   001CF7H   00001FH   BYTE   UNIT     CODE           ?PR?AT24C02_STOP?AT24C02
001CF8H   001D16H   00001FH   BYTE   UNIT     CODE           ?PR?LCD_12864_INIT?PARALLEL_12864
001D17H   001D34H   00001EH   BYTE   UNIT     CODE           ?PR?LCD_1602_INIT?LCD1602
001D35H   001D52H   00001EH   BYTE   UNIT     CODE           ?PR?DEVICE_CHECK?AS608
001D53H   001D6AH   000018H   BYTE   UNIT     CODE           ?PR?_WRITE_1602_STRING?LCD1602
001D6BH   001D81H   000017H   BYTE   UNIT     CODE           ?PR?PCF8591_SENDACK?PCF8591
001D82H   001D97H   000016H   BYTE   UNIT     CODE           ?PR?USART_INIT?USART
001D98H   001DACH   000015H   BYTE   UNIT     CODE           ?PR?AT24C02_INIT?AT24C02
001DADH   001DC1H   000015H   BYTE   UNIT     CODE           ?PR?_WRITE_1602_DATA?LCD1602
001DC2H   001DD6H   000015H   BYTE   UNIT     CODE           ?PR?PCF8591_STOP?PCF8591
001DD7H   001DE9H   000013H   BYTE   UNIT     CODE           ?PR?_AT24C02_READ_ADD?AT24C02
001DEAH   001DFCH   000013H   BYTE   UNIT     CODE           ?PR?TIMER1_INIT?TIME
001DFDH   001E0FH   000013H   BYTE   UNIT     CODE           ?PR?I2C_START?MPU6050
001E10H   001E21H   000012H   BYTE   UNIT     CODE           ?PR?PCA_INIT?PWM
001E22H   001E33H   000012H   BYTE   UNIT     CODE           ?PR?I2C_SENDACK?MPU6050
001E34H   001E44H   000011H   BYTE   UNIT     CODE           ?PR?_WRITE_1602_COM?LCD1602
001E45H   001E55H   000011H   BYTE   UNIT     CODE           ?PR?PCF8591_CHECKACK?PCF8591
001E56H   001E66H   000011H   BYTE   UNIT     CODE           ?PR?TIMER0_INIT?TIME
001E67H   001E77H   000011H   BYTE   UNIT     CODE           ?PR?DELAY__HX711_US?HX711
001E78H   001E87H   000010H   BYTE   UNIT     CODE           ?PR?_DS1302_WDATA?DS1302
001E88H   001E97H   000010H   BYTE   UNIT     CODE           ?PR?I2C_STOP?MPU6050
001E98H   001EA7H   000010H   BYTE   UNIT     CODE           ?PR?I2C_RECVACK?MPU6050
001EA8H   001EB4H   00000DH   BYTE   UNIT     CODE           ?PR?MAIN?MAIN
001EB5H   001EC1H   00000DH   BYTE   UNIT     CODE           ?PR?_ADC_INIT?ADC
001EC2H   001ECEH   00000DH   BYTE   UNIT     CODE           ?PR?_AT24C02_WRITE_ADD?AT24C02
001ECFH   001EDBH   00000DH   BYTE   UNIT     CODE           ?PR?DS18B20_START?DS18B20
001EDCH   001EE6H   00000BH   BYTE   UNIT     CODE           ?PR?_DS1302_RDATA?DS1302
001EE7H   001EF1H   00000BH   BYTE   UNIT     CODE           ?PR?_DELAY_US?DELAY
001EF2H   001EF9H   000008H   BYTE   UNIT     CODE           ?PR?_SEND_BYTE?USART
001EFAH   001F01H   000008H   BYTE   UNIT     CODE           ?PR?UART_RECEIVE_BYTE?USART
001F02H   001F09H   000008H   BYTE   UNIT     CODE           ?PR?_SERIPUSHSEND?MPU6050
001F0AH   001F10H   000007H   BYTE   UNIT     CODE           ?PR?TIMER0INTERRUPT?TIME
001F11H   001F17H   000007H   BYTE   UNIT     CODE           ?PR?TIMER1INTERRUPT?TIME
001F18H   001F69H   000052H   BYTE   UNIT     CONST          ?CO?AS608
001F6AH   001F89H   000020H   BYTE   UNIT     CONST          ?CO?PARALLEL_12864
001F8AH   001F99H   000010H   BYTE   UNIT     CONST          ?CO?DIGITAL_TUBE

* * * * * * * * * * *  X D A T A   M E M O R Y  * * * * * * * * * * * * *
000000H   000028H   000029H   BYTE   UNIT     XDATA          ?XD?AS608
000029H   000044H   00001CH   BYTE   UNIT     XDATA          ?XD?_LCD_12864_DRAWLINE?PARALLEL_12864
000045H   000059H   000015H   BYTE   UNIT     XDATA          ?XD?DS1302
00005AH   000065H   00000CH   BYTE   UNIT     XDATA          ?XD?USART
000066H   00006DH   000008H   BYTE   UNIT     XDATA          ?XD?DS18B20
00006EH   000075H   000008H   BYTE   UNIT     XDATA          ?XD?_PHO_DISPLAY?PARALLEL_12864
000076H   00007CH   000007H   BYTE   UNIT     XDATA          ?XD?_IMG_DISPLEFT?PARALLEL_12864
00007DH   000082H   000006H   BYTE   UNIT     XDATA          ?XD?_SET_12864_POINT?PARALLEL_12864
000083H   000087H   000005H   BYTE   UNIT     XDATA          ?XD?CLEAR_12864?PARALLEL_12864
000088H   00008CH   000005H   BYTE   UNIT     XDATA          ?XD?_FPM10A_CMD_SAVE_FINGER?AS608
00008DH   000091H   000005H   BYTE   UNIT     XDATA          ?XD?_FPM10A_ADD_FINGERPRINT?AS608
000092H   000096H   000005H   BYTE   UNIT     XDATA          ?XD?FPM10A_FIND_FINGERPRINT?AS608
000097H   00009AH   000004H   BYTE   UNIT     XDATA          ?XD?_NUM_DISPLAY?PARALLEL_12864
00009BH   00009EH   000004H   BYTE   UNIT     XDATA          ?XD?HX711_READ?HX711
00009FH   0000A1H   000003H   BYTE   UNIT     XDATA          ?XD?_AT24C02_WRITE_PAGE?AT24C02
0000A2H   0000A4H   000003H   BYTE   UNIT     XDATA          ?XD?_WRITE_12864_STRING?PARALLEL_12864
0000A5H   0000A7H   000003H   BYTE   UNIT     XDATA          ?XD?_HANZI_DISP?PARALLEL_12864
0000A8H   0000AAH   000003H   BYTE   UNIT     XDATA          ?XD?_SEND_STRING?USART
0000ABH   0000ADH   000003H   BYTE   UNIT     XDATA          _XDATA_GROUP_
LX51 LINKER/LOCATER V4.66.97.0                                                        04/21/2023  13:03:53  PAGE 5


0000AEH   0000AFH   000002H   BYTE   UNIT     XDATA          ?XD?DIGITAL_TUBE
0000B0H   0000B1H   000002H   BYTE   UNIT     XDATA          ?XD?DS18B20_READBYTE?DS18B20
0000B2H   0000B3H   000002H   BYTE   UNIT     XDATA          ?XD?_DS18B20_WRITEBYTE?DS18B20
0000B4H   0000B5H   000002H   BYTE   UNIT     XDATA          ?XD?CHECK_12864_BUSY?PARALLEL_12864
0000B6H   0000B7H   000002H   BYTE   UNIT     XDATA          ?XD?_WRITE_12864_DATA?PARALLEL_12864
0000B8H   0000B9H   000002H   BYTE   UNIT     XDATA          ?XD?READ_12864_DATA?PARALLEL_12864
0000BAH   0000BBH   000002H   BYTE   UNIT     XDATA          ?XD?_WRITE_12864_COM?PARALLEL_12864
0000BCH   0000BDH   000002H   BYTE   UNIT     XDATA          ?XD?_PCF8591_SEND_BYTE?PCF8591
0000BEH   0000BFH   000002H   BYTE   UNIT     XDATA          ?XD?PCF8591_RECEIVE_BYTE?PCF8591
0000C0H   0000C1H   000002H   BYTE   UNIT     XDATA          ?XD?_PCF8591_READ_AD?PCF8591
0000C2H   0000C3H   000002H   BYTE   UNIT     XDATA          ?XD?HX711
0000C4H   0000C5H   000002H   BYTE   UNIT     XDATA          ?XD?FPM10A_CMD_SEND_PACK_HEAD?AS608
0000C6H   0000C7H   000002H   BYTE   UNIT     XDATA          ?XD?FPM10A_CMD_CHECK?AS608
0000C8H   0000C9H   000002H   BYTE   UNIT     XDATA          ?XD?_FPM10A_RECEIVE_DATA?AS608
0000CAH   0000CBH   000002H   BYTE   UNIT     XDATA          ?XD?_BUZZ_TIMES?BUZZ
0000CCH   0000CDH   000002H   BYTE   UNIT     XDATA          ?XD?_I2C_SENDBYTE?MPU6050
0000CEH   0000CFH   000002H   BYTE   UNIT     XDATA          ?XD?I2C_RECVBYTE?MPU6050
0000D0H   0000D1H   000002H   BYTE   UNIT     XDATA          ?XD?_SINGLE_WRITEI2C?MPU6050
0000D2H   0000D3H   000002H   BYTE   UNIT     XDATA          ?XD?_SINGLE_READI2C?MPU6050
0000D4H   0000D5H   000002H   BYTE   UNIT     XDATA          ?XD?_GETDATA?MPU6050
0000D6H   0000D6H   000001H   BYTE   UNIT     XDATA          ?XD?DS18B20_RESET?DS18B20
0000D7H   0000D7H   000001H   BYTE   UNIT     XDATA          ?XD?_PCF8591_DAC?PCF8591
0000D8H   0000D8H   000001H   BYTE   UNIT     XDATA          ?XD?STEPPER_MOTOR
0000D9H   0000D9H   000001H   BYTE   UNIT     XDATA          ?XD?FPM10A_CMD_GET_IMG?AS608
0000DAH   0000DAH   000001H   BYTE   UNIT     XDATA          ?XD?FINGERPRINT_CMD_IMG_TO_BUFFER1?AS608
0000DBH   0000DBH   000001H   BYTE   UNIT     XDATA          ?XD?FINGERPRINT_CMD_IMG_TO_BUFFER2?AS608
0000DCH   0000DCH   000001H   BYTE   UNIT     XDATA          ?XD?FPM10A_CMD_SEARCH_FINGER?AS608
0000DDH   0000DDH   000001H   BYTE   UNIT     XDATA          ?XD?FPM10A_CMD_REG_MODEL?AS608
0000DEH   0000DEH   000001H   BYTE   UNIT     XDATA          ?XD?FINGERPRINT_CMD_DELETE_ALL_MODEL?AS608
0000DFH   0000DFH   000001H   BYTE   UNIT     XDATA          ?XD?FPM10A_DELETE_ALL_FINGERPRINT?AS608
0000E0H   0000E0H   000001H   BYTE   UNIT     XDATA          ?XD?DEVICE_CHECK?AS608
0000E1H   0000E1H   000001H   BYTE   UNIT     XDATA          ?XD?KEYDOWN?KEY
0000E2H   0000E2H   000001H   BYTE   UNIT     XDATA          ?XD?KEY



OVERLAY MAP OF MODULE:   .\OBJ\project (MAIN)


FUNCTION/MODULE                             XDATA_GROUP
--> CALLED FUNCTION/MODULE                  START  STOP
=======================================================
INT0/INT_IT                                 ----- -----

*** NEW ROOT ******************************

INT1/INT_IT                                 ----- -----

*** NEW ROOT ******************************

TIMER0INTERRUPT/TIME                        ----- -----

*** NEW ROOT ******************************

TIMER1INTERRUPT/TIME                        ----- -----

*** NEW ROOT ******************************

USART_INTERRUPT/USART                       ----- -----

*** NEW ROOT ******************************

?C_C51STARTUP                               ----- -----
  +--> MAIN/MAIN
  +--> ?C_INITSEG
LX51 LINKER/LOCATER V4.66.97.0                                                        04/21/2023  13:03:53  PAGE 6



MAIN/MAIN                                   00ABH 00ACH
  +--> KEYSCAN/KEY

KEYSCAN/KEY                                 00ADH 00ADH
  +--> _DELAY_MS/DELAY

_DELAY_MS/DELAY                             ----- -----

?C_INITSEG                                  ----- -----



PUBLIC SYMBOLS OF MODULE:  .\OBJ\project (MAIN)


      VALUE       CLASS    TYPE      PUBLIC SYMBOL NAME
      =================================================
      02000029H   XDATA    BYTE      ?_LCD_12864_DrawLine?BYTE
      01000363H   CODE     ---       ?C?CLDOPTR
      0100034AH   CODE     ---       ?C?CLDPTR
      00000000H   NUMBER   ---       ?C?CODESEG
      01000324H   CODE     ---       ?C?COPY
      010001D6H   CODE     ---       ?C?FCASTC
      010001D1H   CODE     ---       ?C?FCASTI
      010001CCH   CODE     ---       ?C?FCASTL
      0100012FH   CODE     ---       ?C?FPDIV
      0100020AH   CODE     ---       ?C?FPGETOPN2
      01000026H   CODE     ---       ?C?FPMUL
      0100023FH   CODE     ---       ?C?FPNANRESULT
      01000249H   CODE     ---       ?C?FPOVERFLOW
      01000221H   CODE     ---       ?C?FPRESULT
      01000235H   CODE     ---       ?C?FPRESULT2
      01000246H   CODE     ---       ?C?FPUNDERFLOW
      010003F7H   CODE     ---       ?C?IILDX
      0100040DH   CODE     ---       ?C?ILDIX
      01000390H   CODE     ---       ?C?IMUL
      010004F1H   CODE     ---       ?C?LNEG
      01000512H   CODE     ---       ?C?LSHL
      01000531H   CODE     ---       ?C?LSTKXDATA
      01000525H   CODE     ---       ?C?LSTXDATA
      01000562H   CODE     ---       ?C?OFFXADD
      010003A2H   CODE     ---       ?C?UIDIV
      0100045FH   CODE     ---       ?C?ULDIV
      010004FFH   CODE     ---       ?C?ULSHR
      00000000H   NUMBER   ---       ?C?XDATASEG
      01000EE4H   CODE     ---       ?C_START
      01000000H   CODE     ---       ?C_STARTUP
      00000020H.1 BIT      BIT       ?I2C_SendACK?BIT
      00000020H.0 BIT      BIT       ?PCF8591_sendACK?BIT
      01001EB5H   CODE     ---       _ADC_Init
      01001DD7H   CODE     ---       _AT24C02_Read_Add
      01001EC2H   CODE     ---       _AT24C02_Write_Add
      0100158AH   CODE     ---       _AT24C02_Write_Byte
      01001957H   CODE     ---       _AT24C02_Write_Page
      010019B5H   CODE     ---       _Buzz_Times
      01001C9AH   CODE     ---       _Delay
      01001C7AH   CODE     ---       _Delay_Ms
      01001EE7H   CODE     ---       _Delay_Us
      01001EDCH   CODE     ---       _DS1302_Rdata
      01001BB2H   CODE     ---       _DS1302_WByte
      01001E7BH   CODE     ---       _DS1302_Wdata
      01001616H   CODE     ---       _DS18B20_WriteByte
      0100118BH   CODE     ---       _FPM10A_Add_Fingerprint
      01000BE1H   CODE     ---       _FPM10A_Cmd_Save_Finger
LX51 LINKER/LOCATER V4.66.97.0                                                        04/21/2023  13:03:53  PAGE 7


      01001A12H   CODE     ---       _FPM10A_Receive_Data
      010013D3H   CODE     ---       _GetADCResult
      01001B61H   CODE     ---       _GetData
      010018BEH   CODE     ---       _Hanzi_Disp
      01001887H   CODE     ---       _I2C_SendByte
      01000755H   CODE     ---       _img_displeft
      0100056EH   CODE     ---       _LCD_12864_DrawLine
      01001B44H   CODE     ---       _LCD_Delay
      01000986H   CODE     ---       _Num_Display
      01001C5AH   CODE     ---       _PCF8591_DAC
      0100184FH   CODE     ---       _PCF8591_Read_AD
      0100165AH   CODE     ---       _PCF8591_send_byte
      01000E05H   CODE     ---       _PHO_Display
      01001EF2H   CODE     ---       _Send_Byte
      010019E4H   CODE     ---       _Send_String
      01001F02H   CODE     ---       _SeriPushSend
      010008ADH   CODE     ---       _Set_12864_Point
      010018F2H   CODE     ---       _Single_ReadI2C
      01001BF2H   CODE     ---       _Single_WriteI2C
      01000F29H   CODE     ---       _stepper_motor
      01001B87H   CODE     ---       _wbyte_138
      01001A40H   CODE     ---       _wbyte_595
      010010C2H   CODE     ---       _Write_12864_Com
      01001210H   CODE     ---       _Write_12864_Data
      01001925H   CODE     ---       _Write_12864_String
      01001E34H   CODE     ---       _Write_1602_Com
      01001DB1H   CODE     ---       _Write_1602_Data
      01001D53H   CODE     ---       _Write_1602_String
      01000B1DH   CODE     ---       _Write_Num
      01001F6AH   CONST    ---       addr_tab
      0100177CH   CODE     ---       AT24C02_Ack
      01001D98H   CODE     ---       AT24C02_Init
      0100141DH   CODE     ---       AT24C02_Read_Byte
      01001CBAH   CODE     ---       AT24C02_Start
      01001CD9H   CODE     ---       AT24C02_Stop
      01001267H   CODE     ---       Check_12864_Busy
      01001BCFH   CODE     ---       Check_1602_Busy
      01000FAAH   CODE     ---       Clear_12864
      0200005CH   XDATA    ---       data_buffer
      0200005AH   XDATA    BYTE      data_length
      01001E67H   CODE     ---       Delay__hx711_us
      01001D35H   CODE     ---       Device_Check
      01001F8AH   CONST    ---       dis
      01001C38H   CODE     ---       DS1302_RByte
      01001725H   CODE     ---       DS18B20_End
      01001542H   CODE     ---       DS18B20_ReadByte
      01001986H   CODE     ---       DS18B20_Reset
      01001ECFH   CODE     ---       DS18B20_Start
      02000045H   XDATA    ---       dtime
      010014F9H   CODE     ---       FINGERPRINT_Cmd_Delete_All_Model
      01001AC2H   CODE     ---       FINGERPRINT_Cmd_Img_To_Buffer1
      010014B0H   CODE     ---       FINGERPRINT_Cmd_Img_To_Buffer2
      0200005BH   XDATA    BYTE      flag
      0100169EH   CODE     ---       FPM10A_Cmd_Check
      01001A9AH   CODE     ---       FPM10A_Cmd_Get_Img
      01001B12H   CODE     ---       FPM10A_Cmd_Reg_Model
      01001AEAH   CODE     ---       FPM10A_Cmd_Search_Finger
      010017A3H   CODE     ---       FPM10A_Cmd_Send_Pack_Head
      010017DDH   CODE     ---       FPM10A_Delete_All_Fingerprint
      01001F5EH   CONST    ---       FPM10A_Delete_All_Model
      01001027H   CODE     ---       FPM10A_Find_Fingerprint
      01001F18H   CONST    ---       FPM10A_Get_Device
      01001F28H   CONST    ---       FPM10A_Get_Img
      01001F2EH   CONST    ---       FPM10A_Get_Templete_Count
      01001F4AH   CONST    ---       FPM10A_Img_To_Buffer1
LX51 LINKER/LOCATER V4.66.97.0                                                        04/21/2023  13:03:53  PAGE 8


      01001F51H   CONST    ---       FPM10A_Img_To_Buffer2
      01001F22H   CONST    ---       FPM10A_Pack_Head
      02000009H   XDATA    ---       FPM10A_RECEICE_BUFFER
      01001F58H   CONST    ---       FPM10A_Reg_Model
      02000000H   XDATA    ---       FPM10A_Save_Finger
      01001F34H   CONST    ---       FPM10A_Search
      01001F3FH   CONST    ---       FPM10A_Search_0_9
      020000C2H   XDATA    WORD      GapValue
      01000A58H   CODE     ---       GetDS1302
      01000D50H   CODE     ---       HX711_Read
      01001E98H   CODE     ---       I2C_RecvACK
      010015D0H   CODE     ---       I2C_RecvByte
      01001E22H   CODE     ---       I2C_SendACK
      01001DFDH   CODE     ---       I2C_Start
      01001E88H   CODE     ---       I2C_Stop
      01001467H   CODE     ---       InitDS1302
      01001C15H   CODE     ---       InitMPU6050
      01000006H   CODE     ---       Int0
      01000007H   CODE     ---       Int1
      01000C9AH   CODE     ---       KeyDown
      01001119H   CODE     ---       KeyScan
      020000E2H   XDATA    BYTE      KeyValue
      01001CF8H   CODE     ---       LCD_12864_Init
      01001D17H   CODE     ---       LCD_1602_Init
      01001EA8H   CODE     ---       main
      01001E10H   CODE     ---       PCA_init
      01001E45H   CODE     ---       PCF8591_checkACK
      010016E2H   CODE     ---       PCF8591_receive_byte
      01001D6BH   CODE     ---       PCF8591_sendACK
      01001A6DH   CODE     ---       PCF8591_start
      01001DC2H   CODE     ---       PCF8591_stop
      01001387H   CODE     ---       Read_12864_Data
      01001817H   CODE     ---       scan
      02000053H   XDATA    ---       TIME
      01001E56H   CODE     ---       Timer0_init
      01001F0AH   CODE     ---       Timer0Interrupt
      01001DEAH   CODE     ---       Timer1_Init
      01001F11H   CODE     ---       Timer1Interrupt
      02000066H   XDATA    FLOAT     TP
      0200006AH   XDATA    WORD      TPH
      0200006CH   XDATA    WORD      TPL
      01001EFAH   CODE     ---       Uart_Receive_Byte
      01001D82H   CODE     ---       USART_Init
      01001334H   CODE     ---       USART_Interrupt
      020000AFH   XDATA    BYTE      wei



SYMBOL TABLE OF MODULE:  .\OBJ\project (MAIN)

      VALUE       REP       CLASS    TYPE      SYMBOL NAME
      ====================================================
      ---         MODULE    ---      ---       MAIN
      01001EA8H   PUBLIC    CODE     ---       main

      01001EA8H   BLOCK     CODE     ---       LVL=0
      01001EA8H   BLOCK     CODE     NEAR LAB  LVL=1
      020000ABH   SYMBOL    XDATA    VOID      key_number
      ---         BLOCKEND  ---      ---       LVL=1
      ---         BLOCKEND  ---      ---       LVL=0

      ---         MODULE    ---      ---       ADC
      010013D3H   PUBLIC    CODE     ---       _GetADCResult
      01001EB5H   PUBLIC    CODE     ---       _ADC_Init

LX51 LINKER/LOCATER V4.66.97.0                                                        04/21/2023  13:03:53  PAGE 9


      01001EB5H   BLOCK     CODE     ---       LVL=0
      ---         BLOCKEND  ---      ---       LVL=0

      010013D3H   BLOCK     CODE     ---       LVL=0
      010013D3H   BLOCK     CODE     NEAR LAB  LVL=1
      00000004H   SYMBOL    DATA     VOID      ADC_RESULT
      00000004H   SYMBOL    DATA     VOID      result
      ---         BLOCKEND  ---      ---       LVL=1
      ---         BLOCKEND  ---      ---       LVL=0

      ---         MODULE    ---      ---       AT24C02
      01001957H   PUBLIC    CODE     ---       _AT24C02_Write_Page
      01001DD7H   PUBLIC    CODE     ---       _AT24C02_Read_Add
      01001EC2H   PUBLIC    CODE     ---       _AT24C02_Write_Add
      01001D98H   PUBLIC    CODE     ---       AT24C02_Init
      0100141DH   PUBLIC    CODE     ---       AT24C02_Read_Byte
      0100158AH   PUBLIC    CODE     ---       _AT24C02_Write_Byte
      0100177CH   PUBLIC    CODE     ---       AT24C02_Ack
      01001CD9H   PUBLIC    CODE     ---       AT24C02_Stop
      01001CBAH   PUBLIC    CODE     ---       AT24C02_Start

      01001CBAH   BLOCK     CODE     ---       LVL=0
      ---         BLOCKEND  ---      ---       LVL=0

      01001CD9H   BLOCK     CODE     ---       LVL=0
      ---         BLOCKEND  ---      ---       LVL=0

      01001765H   BLOCK     CODE     ---       LVL=0
      ---         BLOCKEND  ---      ---       LVL=0

      0100177CH   BLOCK     CODE     ---       LVL=0
      0100177CH   BLOCK     CODE     NEAR LAB  LVL=1
      00000007H   SYMBOL    DATA     VOID      i
      ---         BLOCKEND  ---      ---       LVL=1
      ---         BLOCKEND  ---      ---       LVL=0

      0100158AH   BLOCK     CODE     ---       LVL=0
      0100158AH   BLOCK     CODE     NEAR LAB  LVL=1
      00000007H   SYMBOL    DATA     VOID      temp
      00000006H   SYMBOL    DATA     VOID      i
      ---         BLOCKEND  ---      ---       LVL=1
      ---         BLOCKEND  ---      ---       LVL=0

      0100141DH   BLOCK     CODE     ---       LVL=0
      0100141DH   BLOCK     CODE     NEAR LAB  LVL=1
      00000007H   SYMBOL    DATA     VOID      dat
      00000006H   SYMBOL    DATA     VOID      i
      ---         BLOCKEND  ---      ---       LVL=1
      ---         BLOCKEND  ---      ---       LVL=0

      01001D98H   BLOCK     CODE     ---       LVL=0
      ---         BLOCKEND  ---      ---       LVL=0

      01001EC2H   BLOCK     CODE     ---       LVL=0
      ---         BLOCKEND  ---      ---       LVL=0

      01001DD7H   BLOCK     CODE     ---       LVL=0
      01001DD9H   BLOCK     CODE     NEAR LAB  LVL=1
      00000007H   SYMBOL    DATA     VOID      dat
      ---         BLOCKEND  ---      ---       LVL=1
      ---         BLOCKEND  ---      ---       LVL=0

      01001957H   BLOCK     CODE     ---       LVL=0
      01001962H   BLOCK     CODE     NEAR LAB  LVL=1
      00000005H   SYMBOL    DATA     VOID      q
LX51 LINKER/LOCATER V4.66.97.0                                                        04/21/2023  13:03:53  PAGE 10


      ---         BLOCKEND  ---      ---       LVL=1
      ---         BLOCKEND  ---      ---       LVL=0

      ---         MODULE    ---      ---       DIGITAL_TUBE
      020000AFH   PUBLIC    XDATA    BYTE      wei
      01001F8AH   PUBLIC    CONST    ---       dis
      01001817H   PUBLIC    CODE     ---       scan

      01001817H   BLOCK     CODE     ---       LVL=0
      01001817H   BLOCK     CODE     NEAR LAB  LVL=1
      020000AEH   SYMBOL    XDATA    VOID      i
      ---         BLOCKEND  ---      ---       LVL=1
      ---         BLOCKEND  ---      ---       LVL=0

      ---         MODULE    ---      ---       DS18B20
      0200006CH   PUBLIC    XDATA    WORD      TPL
      0200006AH   PUBLIC    XDATA    WORD      TPH
      02000066H   PUBLIC    XDATA    FLOAT     TP
      01001725H   PUBLIC    CODE     ---       DS18B20_End
      01001ECFH   PUBLIC    CODE     ---       DS18B20_Start
      01001616H   PUBLIC    CODE     ---       _DS18B20_WriteByte
      01001542H   PUBLIC    CODE     ---       DS18B20_ReadByte
      01001986H   PUBLIC    CODE     ---       DS18B20_Reset

      01001986H   BLOCK     CODE     ---       LVL=0
      01001986H   BLOCK     CODE     NEAR LAB  LVL=1
      020000D6H   SYMBOL    XDATA    VOID      flag
      ---         BLOCKEND  ---      ---       LVL=1
      ---         BLOCKEND  ---      ---       LVL=0

      01001542H   BLOCK     CODE     ---       LVL=0
      01001542H   BLOCK     CODE     NEAR LAB  LVL=1
      020000B0H   SYMBOL    XDATA    VOID      i
      020000B1H   SYMBOL    XDATA    VOID      dat
      ---         BLOCKEND  ---      ---       LVL=1
      ---         BLOCKEND  ---      ---       LVL=0

      01001616H   BLOCK     CODE     ---       LVL=0
      0100161BH   BLOCK     CODE     NEAR LAB  LVL=1
      020000B3H   SYMBOL    XDATA    VOID      i
      ---         BLOCKEND  ---      ---       LVL=1
      ---         BLOCKEND  ---      ---       LVL=0

      01001ECFH   BLOCK     CODE     ---       LVL=0
      ---         BLOCKEND  ---      ---       LVL=0

      01001725H   BLOCK     CODE     ---       LVL=0
      ---         BLOCKEND  ---      ---       LVL=0

      ---         MODULE    ---      ---       DS1302
      02000053H   PUBLIC    XDATA    ---       TIME
      02000045H   PUBLIC    XDATA    ---       dtime
      01000A58H   PUBLIC    CODE     ---       GetDS1302
      01001467H   PUBLIC    CODE     ---       InitDS1302
      01001EDCH   PUBLIC    CODE     ---       _DS1302_Rdata
      01001E7BH   PUBLIC    CODE     ---       _DS1302_Wdata
      01001C38H   PUBLIC    CODE     ---       DS1302_RByte
      01001BB2H   PUBLIC    CODE     ---       _DS1302_WByte

      01001BACH   BLOCK     CODE     ---       LVL=0
      ---         BLOCKEND  ---      ---       LVL=0

      01001BB2H   BLOCK     CODE     ---       LVL=0
      01001BB2H   BLOCK     CODE     NEAR LAB  LVL=1
      00000006H   SYMBOL    DATA     VOID      i
LX51 LINKER/LOCATER V4.66.97.0                                                        04/21/2023  13:03:53  PAGE 11


      ---         BLOCKEND  ---      ---       LVL=1
      ---         BLOCKEND  ---      ---       LVL=0

      01001C38H   BLOCK     CODE     ---       LVL=0
      01001C38H   BLOCK     CODE     NEAR LAB  LVL=1
      00000006H   SYMBOL    DATA     VOID      i
      00000007H   SYMBOL    DATA     VOID      ndata
      ---         BLOCKEND  ---      ---       LVL=1
      ---         BLOCKEND  ---      ---       LVL=0

      01001E78H   BLOCK     CODE     ---       LVL=0
      ---         BLOCKEND  ---      ---       LVL=0

      01001E7BH   BLOCK     CODE     ---       LVL=0
      ---         BLOCKEND  ---      ---       LVL=0

      01001EDCH   BLOCK     CODE     ---       LVL=0
      01001EDCH   BLOCK     CODE     NEAR LAB  LVL=1
      00000007H   SYMBOL    DATA     VOID      ndata
      ---         BLOCKEND  ---      ---       LVL=1
      ---         BLOCKEND  ---      ---       LVL=0

      01001467H   BLOCK     CODE     ---       LVL=0
      ---         BLOCKEND  ---      ---       LVL=0

      01000A58H   BLOCK     CODE     ---       LVL=0
      ---         BLOCKEND  ---      ---       LVL=0

      ---         MODULE    ---      ---       INT_IT
      01000007H   PUBLIC    CODE     ---       Int1
      01000006H   PUBLIC    CODE     ---       Int0

      01000006H   BLOCK     CODE     ---       LVL=0
      ---         BLOCKEND  ---      ---       LVL=0

      01000007H   BLOCK     CODE     ---       LVL=0
      ---         BLOCKEND  ---      ---       LVL=0

      ---         MODULE    ---      ---       IO_EXPAND
      01001B87H   PUBLIC    CODE     ---       _wbyte_138
      01001A40H   PUBLIC    CODE     ---       _wbyte_595

      01001A40H   BLOCK     CODE     ---       LVL=0
      01001A40H   BLOCK     CODE     NEAR LAB  LVL=1
      00000006H   SYMBOL    DATA     VOID      i
      ---         BLOCKEND  ---      ---       LVL=1
      ---         BLOCKEND  ---      ---       LVL=0

      01001B87H   BLOCK     CODE     ---       LVL=0
      ---         BLOCKEND  ---      ---       LVL=0

      ---         MODULE    ---      ---       LCD1602
      01001D17H   PUBLIC    CODE     ---       LCD_1602_Init
      01000B1DH   PUBLIC    CODE     ---       _Write_Num
      01001D53H   PUBLIC    CODE     ---       _Write_1602_String
      01001DB1H   PUBLIC    CODE     ---       _Write_1602_Data
      01001E34H   PUBLIC    CODE     ---       _Write_1602_Com
      01001BCFH   PUBLIC    CODE     ---       Check_1602_Busy
      01001B44H   PUBLIC    CODE     ---       _LCD_Delay

      01001B3AH   BLOCK     CODE     ---       LVL=0
      ---         BLOCKEND  ---      ---       LVL=0

      01001B44H   BLOCK     CODE     ---       LVL=0
      01001B44H   BLOCK     CODE     NEAR LAB  LVL=1
LX51 LINKER/LOCATER V4.66.97.0                                                        04/21/2023  13:03:53  PAGE 12


      00000007H   SYMBOL    DATA     VOID      x
      00000006H   SYMBOL    DATA     VOID      y
      ---         BLOCKEND  ---      ---       LVL=1
      ---         BLOCKEND  ---      ---       LVL=0

      01001BCFH   BLOCK     CODE     ---       LVL=0
      01001BCFH   BLOCK     CODE     NEAR LAB  LVL=1
      00000006H   SYMBOL    DATA     VOID      time
      ---         BLOCKEND  ---      ---       LVL=1
      ---         BLOCKEND  ---      ---       LVL=0

      01001E34H   BLOCK     CODE     ---       LVL=0
      ---         BLOCKEND  ---      ---       LVL=0

      01001DADH   BLOCK     CODE     ---       LVL=0
      ---         BLOCKEND  ---      ---       LVL=0

      01001DB1H   BLOCK     CODE     ---       LVL=0
      ---         BLOCKEND  ---      ---       LVL=0

      01001D53H   BLOCK     CODE     ---       LVL=0
      ---         BLOCKEND  ---      ---       LVL=0

      01000B1DH   BLOCK     CODE     ---       LVL=0
      ---         BLOCKEND  ---      ---       LVL=0

      01001D17H   BLOCK     CODE     ---       LVL=0
      ---         BLOCKEND  ---      ---       LVL=0

      ---         MODULE    ---      ---       PARALLEL_12864
      01001F6AH   PUBLIC    CONST    ---       addr_tab
      02000029H   PUBLIC    XDATA    BYTE      ?_LCD_12864_DrawLine?BYTE
      0100056EH   PUBLIC    CODE     ---       _LCD_12864_DrawLine
      010008ADH   PUBLIC    CODE     ---       _Set_12864_Point
      01000FAAH   PUBLIC    CODE     ---       Clear_12864
      01000755H   PUBLIC    CODE     ---       _img_displeft
      01000E05H   PUBLIC    CODE     ---       _PHO_Display
      01000986H   PUBLIC    CODE     ---       _Num_Display
      010018BEH   PUBLIC    CODE     ---       _Hanzi_Disp
      01001925H   PUBLIC    CODE     ---       _Write_12864_String
      01001CF8H   PUBLIC    CODE     ---       LCD_12864_Init
      010010C2H   PUBLIC    CODE     ---       _Write_12864_Com
      01001387H   PUBLIC    CODE     ---       Read_12864_Data
      01001210H   PUBLIC    CODE     ---       _Write_12864_Data
      01001267H   PUBLIC    CODE     ---       Check_12864_Busy

      01001267H   BLOCK     CODE     ---       LVL=0
      01001267H   BLOCK     CODE     NEAR LAB  LVL=1
      020000B4H   SYMBOL    XDATA    VOID      flag
      020000B5H   SYMBOL    XDATA    VOID      i
      ---         BLOCKEND  ---      ---       LVL=1
      ---         BLOCKEND  ---      ---       LVL=0

      010011FCH   BLOCK     CODE     ---       LVL=0
      ---         BLOCKEND  ---      ---       LVL=0

      01001210H   BLOCK     CODE     ---       LVL=0
      01001215H   BLOCK     CODE     NEAR LAB  LVL=1
      020000B7H   SYMBOL    XDATA    VOID      i
      ---         BLOCKEND  ---      ---       LVL=1
      ---         BLOCKEND  ---      ---       LVL=0

      01001387H   BLOCK     CODE     ---       LVL=0
      01001387H   BLOCK     CODE     NEAR LAB  LVL=1
      020000B8H   SYMBOL    XDATA    VOID      date
LX51 LINKER/LOCATER V4.66.97.0                                                        04/21/2023  13:03:53  PAGE 13


      020000B9H   SYMBOL    XDATA    VOID      i
      ---         BLOCKEND  ---      ---       LVL=1
      ---         BLOCKEND  ---      ---       LVL=0

      010010A4H   BLOCK     CODE     ---       LVL=0
      ---         BLOCKEND  ---      ---       LVL=0

      010010C2H   BLOCK     CODE     ---       LVL=0
      010010C7H   BLOCK     CODE     NEAR LAB  LVL=1
      020000BBH   SYMBOL    XDATA    VOID      i
      ---         BLOCKEND  ---      ---       LVL=1
      ---         BLOCKEND  ---      ---       LVL=0

      01001CF8H   BLOCK     CODE     ---       LVL=0
      ---         BLOCKEND  ---      ---       LVL=0

      01001925H   BLOCK     CODE     ---       LVL=0
      01001930H   BLOCK     CODE     NEAR LAB  LVL=1
      00000001H   SYMBOL    DATA     VOID      p
      ---         BLOCKEND  ---      ---       LVL=1
      ---         BLOCKEND  ---      ---       LVL=0

      010018BEH   BLOCK     CODE     ---       LVL=0
      ---         BLOCKEND  ---      ---       LVL=0

      01000986H   BLOCK     CODE     ---       LVL=0
      0100098EH   BLOCK     CODE     NEAR LAB  LVL=1
      02000099H   SYMBOL    XDATA    VOID      i
      ---         BLOCKEND  ---      ---       LVL=1
      ---         BLOCKEND  ---      ---       LVL=0

      01000E05H   BLOCK     CODE     ---       LVL=0
      01000E10H   BLOCK     CODE     NEAR LAB  LVL=1
      02000071H   SYMBOL    XDATA    VOID      COUNT3
      02000072H   SYMBOL    XDATA    VOID      COUNT1
      02000073H   SYMBOL    XDATA    VOID      COUNT2
      02000074H   SYMBOL    XDATA    VOID      LCD_X
      02000075H   SYMBOL    XDATA    VOID      LCD_Y
      ---         BLOCKEND  ---      ---       LVL=1
      ---         BLOCKEND  ---      ---       LVL=0

      01000755H   BLOCK     CODE     ---       LVL=0
      01000760H   BLOCK     CODE     NEAR LAB  LVL=1
      02000079H   SYMBOL    XDATA    VOID      i
      0200007AH   SYMBOL    XDATA    VOID      j
      0200007BH   SYMBOL    XDATA    VOID      m
      0200007CH   SYMBOL    XDATA    VOID      n
      ---         BLOCKEND  ---      ---       LVL=1
      ---         BLOCKEND  ---      ---       LVL=0

      01000FAAH   BLOCK     CODE     ---       LVL=0
      01000FAAH   BLOCK     CODE     NEAR LAB  LVL=1
      02000083H   SYMBOL    XDATA    VOID      COUNT3
      02000084H   SYMBOL    XDATA    VOID      COUNT1
      02000085H   SYMBOL    XDATA    VOID      COUNT2
      02000086H   SYMBOL    XDATA    VOID      LCD_X
      02000087H   SYMBOL    XDATA    VOID      LCD_Y
      ---         BLOCKEND  ---      ---       LVL=1
      ---         BLOCKEND  ---      ---       LVL=0

      010008ADH   BLOCK     CODE     ---       LVL=0
      010008ADH   BLOCK     CODE     NEAR LAB  LVL=1
      0200007DH   SYMBOL    XDATA    VOID      x_byte
      0200007EH   SYMBOL    XDATA    VOID      x_bit
      0200007FH   SYMBOL    XDATA    VOID      y_byte
LX51 LINKER/LOCATER V4.66.97.0                                                        04/21/2023  13:03:53  PAGE 14


      02000080H   SYMBOL    XDATA    VOID      y_bit
      02000081H   SYMBOL    XDATA    VOID      date1
      02000082H   SYMBOL    XDATA    VOID      date2
      ---         BLOCKEND  ---      ---       LVL=1
      ---         BLOCKEND  ---      ---       LVL=0

      0100056EH   BLOCK     CODE     ---       LVL=0
      0100057CH   BLOCK     CODE     NEAR LAB  LVL=1
      02000031H   SYMBOL    XDATA    VOID      t
      02000033H   SYMBOL    XDATA    VOID      xerr
      02000035H   SYMBOL    XDATA    VOID      yerr
      02000037H   SYMBOL    XDATA    VOID      delta_x
      02000039H   SYMBOL    XDATA    VOID      delta_y
      0200003BH   SYMBOL    XDATA    VOID      distance
      0200003DH   SYMBOL    XDATA    VOID      incx
      0200003FH   SYMBOL    XDATA    VOID      incy
      02000041H   SYMBOL    XDATA    VOID      uRow
      02000043H   SYMBOL    XDATA    VOID      uCol
      ---         BLOCKEND  ---      ---       LVL=1
      ---         BLOCKEND  ---      ---       LVL=0

      ---         MODULE    ---      ---       PCF8591
      01001C5AH   PUBLIC    CODE     ---       _PCF8591_DAC
      0100184FH   PUBLIC    CODE     ---       _PCF8591_Read_AD
      010016E2H   PUBLIC    CODE     ---       PCF8591_receive_byte
      0100165AH   PUBLIC    CODE     ---       _PCF8591_send_byte
      00000020H.0 PUBLIC    BIT      BIT       ?PCF8591_sendACK?BIT
      01001D6BH   PUBLIC    CODE     ---       PCF8591_sendACK
      01001E45H   PUBLIC    CODE     ---       PCF8591_checkACK
      01001DC2H   PUBLIC    CODE     ---       PCF8591_stop
      01001A6DH   PUBLIC    CODE     ---       PCF8591_start

      01001A6DH   BLOCK     CODE     ---       LVL=0
      ---         BLOCKEND  ---      ---       LVL=0

      01001DC2H   BLOCK     CODE     ---       LVL=0
      ---         BLOCKEND  ---      ---       LVL=0

      01001E45H   BLOCK     CODE     ---       LVL=0
      ---         BLOCKEND  ---      ---       LVL=0

      01001D6BH   BLOCK     CODE     ---       LVL=0
      ---         BLOCKEND  ---      ---       LVL=0

      0100165AH   BLOCK     CODE     ---       LVL=0
      0100165AH   BLOCK     CODE     NEAR LAB  LVL=1
      020000BCH   SYMBOL    XDATA    VOID      i
      020000BDH   SYMBOL    XDATA    VOID      temp
      ---         BLOCKEND  ---      ---       LVL=1
      ---         BLOCKEND  ---      ---       LVL=0

      010016E2H   BLOCK     CODE     ---       LVL=0
      010016E2H   BLOCK     CODE     NEAR LAB  LVL=1
      020000BEH   SYMBOL    XDATA    VOID      i
      020000BFH   SYMBOL    XDATA    VOID      temp
      ---         BLOCKEND  ---      ---       LVL=1
      ---         BLOCKEND  ---      ---       LVL=0

      0100184FH   BLOCK     CODE     ---       LVL=0
      01001854H   BLOCK     CODE     NEAR LAB  LVL=1
      020000C1H   SYMBOL    XDATA    VOID      ad_data
      ---         BLOCKEND  ---      ---       LVL=1
      ---         BLOCKEND  ---      ---       LVL=0

      01001C5AH   BLOCK     CODE     ---       LVL=0
LX51 LINKER/LOCATER V4.66.97.0                                                        04/21/2023  13:03:53  PAGE 15


      ---         BLOCKEND  ---      ---       LVL=0

      ---         MODULE    ---      ---       PWM
      01001E10H   PUBLIC    CODE     ---       PCA_init

      01001E10H   BLOCK     CODE     ---       LVL=0
      ---         BLOCKEND  ---      ---       LVL=0

      ---         MODULE    ---      ---       STEPPER_MOTOR
      01000F29H   PUBLIC    CODE     ---       _stepper_motor

      01000F29H   BLOCK     CODE     ---       LVL=0
      01000F29H   BLOCK     CODE     NEAR LAB  LVL=1
      020000D8H   SYMBOL    XDATA    VOID      phase
      ---         BLOCKEND  ---      ---       LVL=1
      ---         BLOCKEND  ---      ---       LVL=0

      ---         MODULE    ---      ---       TIME
      01001F11H   PUBLIC    CODE     ---       Timer1Interrupt
      01001F0AH   PUBLIC    CODE     ---       Timer0Interrupt
      01001DEAH   PUBLIC    CODE     ---       Timer1_Init
      01001E56H   PUBLIC    CODE     ---       Timer0_init

      01001E56H   BLOCK     CODE     ---       LVL=0
      ---         BLOCKEND  ---      ---       LVL=0

      01001DEAH   BLOCK     CODE     ---       LVL=0
      ---         BLOCKEND  ---      ---       LVL=0

      01001F0AH   BLOCK     CODE     ---       LVL=0
      ---         BLOCKEND  ---      ---       LVL=0

      01001F11H   BLOCK     CODE     ---       LVL=0
      ---         BLOCKEND  ---      ---       LVL=0

      ---         MODULE    ---      ---       USART
      0200005CH   PUBLIC    XDATA    ---       data_buffer
      0200005BH   PUBLIC    XDATA    BYTE      flag
      0200005AH   PUBLIC    XDATA    BYTE      data_length
      01001EFAH   PUBLIC    CODE     ---       Uart_Receive_Byte
      01001334H   PUBLIC    CODE     ---       USART_Interrupt
      010019E4H   PUBLIC    CODE     ---       _Send_String
      01001EF2H   PUBLIC    CODE     ---       _Send_Byte
      01001D82H   PUBLIC    CODE     ---       USART_Init

      01001D82H   BLOCK     CODE     ---       LVL=0
      ---         BLOCKEND  ---      ---       LVL=0

      01001EF2H   BLOCK     CODE     ---       LVL=0
      ---         BLOCKEND  ---      ---       LVL=0

      010019E4H   BLOCK     CODE     ---       LVL=0
      ---         BLOCKEND  ---      ---       LVL=0

      01001334H   BLOCK     CODE     ---       LVL=0
      ---         BLOCKEND  ---      ---       LVL=0

      01001EFAH   BLOCK     CODE     ---       LVL=0
      01001EFAH   BLOCK     CODE     NEAR LAB  LVL=1
      00000007H   SYMBOL    DATA     VOID      dat
      ---         BLOCKEND  ---      ---       LVL=1
      ---         BLOCKEND  ---      ---       LVL=0

      ---         MODULE    ---      ---       HX711
      020000C2H   PUBLIC    XDATA    WORD      GapValue
LX51 LINKER/LOCATER V4.66.97.0                                                        04/21/2023  13:03:53  PAGE 16


      01000D50H   PUBLIC    CODE     ---       HX711_Read
      01001E67H   PUBLIC    CODE     ---       Delay__hx711_us

      01001E67H   BLOCK     CODE     ---       LVL=0
      ---         BLOCKEND  ---      ---       LVL=0

      01000D50H   BLOCK     CODE     ---       LVL=0
      01000D50H   BLOCK     CODE     NEAR LAB  LVL=1
      0200009BH   SYMBOL    XDATA    VOID      count
      00000003H   SYMBOL    DATA     VOID      i
      ---         BLOCKEND  ---      ---       LVL=1
      ---         BLOCKEND  ---      ---       LVL=0

      ---         MODULE    ---      ---       AS608
      02000009H   PUBLIC    XDATA    ---       FPM10A_RECEICE_BUFFER
      02000000H   PUBLIC    XDATA    ---       FPM10A_Save_Finger
      01001F5EH   PUBLIC    CONST    ---       FPM10A_Delete_All_Model
      01001F58H   PUBLIC    CONST    ---       FPM10A_Reg_Model
      01001F51H   PUBLIC    CONST    ---       FPM10A_Img_To_Buffer2
      01001F4AH   PUBLIC    CONST    ---       FPM10A_Img_To_Buffer1
      01001F3FH   PUBLIC    CONST    ---       FPM10A_Search_0_9
      01001F34H   PUBLIC    CONST    ---       FPM10A_Search
      01001F2EH   PUBLIC    CONST    ---       FPM10A_Get_Templete_Count
      01001F28H   PUBLIC    CONST    ---       FPM10A_Get_Img
      01001F22H   PUBLIC    CONST    ---       FPM10A_Pack_Head
      01001F18H   PUBLIC    CONST    ---       FPM10A_Get_Device
      01001D35H   PUBLIC    CODE     ---       Device_Check
      010017DDH   PUBLIC    CODE     ---       FPM10A_Delete_All_Fingerprint
      01001027H   PUBLIC    CODE     ---       FPM10A_Find_Fingerprint
      0100118BH   PUBLIC    CODE     ---       _FPM10A_Add_Fingerprint
      01000BE1H   PUBLIC    CODE     ---       _FPM10A_Cmd_Save_Finger
      010014F9H   PUBLIC    CODE     ---       FINGERPRINT_Cmd_Delete_All_Model
      01001B12H   PUBLIC    CODE     ---       FPM10A_Cmd_Reg_Model
      01001AEAH   PUBLIC    CODE     ---       FPM10A_Cmd_Search_Finger
      010014B0H   PUBLIC    CODE     ---       FINGERPRINT_Cmd_Img_To_Buffer2
      01001AC2H   PUBLIC    CODE     ---       FINGERPRINT_Cmd_Img_To_Buffer1
      01001A9AH   PUBLIC    CODE     ---       FPM10A_Cmd_Get_Img
      01001A12H   PUBLIC    CODE     ---       _FPM10A_Receive_Data
      0100169EH   PUBLIC    CODE     ---       FPM10A_Cmd_Check
      010017A3H   PUBLIC    CODE     ---       FPM10A_Cmd_Send_Pack_Head

      010017A3H   BLOCK     CODE     ---       LVL=0
      010017A3H   BLOCK     CODE     NEAR LAB  LVL=1
      020000C4H   SYMBOL    XDATA    VOID      i
      ---         BLOCKEND  ---      ---       LVL=1
      ---         BLOCKEND  ---      ---       LVL=0

      0100169EH   BLOCK     CODE     ---       LVL=0
      0100169EH   BLOCK     CODE     NEAR LAB  LVL=1
      020000C6H   SYMBOL    XDATA    VOID      i
      ---         BLOCKEND  ---      ---       LVL=1
      ---         BLOCKEND  ---      ---       LVL=0

      01001A12H   BLOCK     CODE     ---       LVL=0
      01001A17H   BLOCK     CODE     NEAR LAB  LVL=1
      020000C9H   SYMBOL    XDATA    VOID      i
      ---         BLOCKEND  ---      ---       LVL=1
      ---         BLOCKEND  ---      ---       LVL=0

      01001A9AH   BLOCK     CODE     ---       LVL=0
      01001A9AH   BLOCK     CODE     NEAR LAB  LVL=1
      020000D9H   SYMBOL    XDATA    VOID      i
      ---         BLOCKEND  ---      ---       LVL=1
      ---         BLOCKEND  ---      ---       LVL=0

LX51 LINKER/LOCATER V4.66.97.0                                                        04/21/2023  13:03:53  PAGE 17


      01001AC2H   BLOCK     CODE     ---       LVL=0
      01001AC2H   BLOCK     CODE     NEAR LAB  LVL=1
      020000DAH   SYMBOL    XDATA    VOID      i
      ---         BLOCKEND  ---      ---       LVL=1
      ---         BLOCKEND  ---      ---       LVL=0

      010014B0H   BLOCK     CODE     ---       LVL=0
      010014B0H   BLOCK     CODE     NEAR LAB  LVL=1
      020000DBH   SYMBOL    XDATA    VOID      i
      ---         BLOCKEND  ---      ---       LVL=1
      ---         BLOCKEND  ---      ---       LVL=0

      01001AEAH   BLOCK     CODE     ---       LVL=0
      01001AEAH   BLOCK     CODE     NEAR LAB  LVL=1
      020000DCH   SYMBOL    XDATA    VOID      i
      ---         BLOCKEND  ---      ---       LVL=1
      ---         BLOCKEND  ---      ---       LVL=0

      01001B12H   BLOCK     CODE     ---       LVL=0
      01001B12H   BLOCK     CODE     NEAR LAB  LVL=1
      020000DDH   SYMBOL    XDATA    VOID      i
      ---         BLOCKEND  ---      ---       LVL=1
      ---         BLOCKEND  ---      ---       LVL=0

      010014F9H   BLOCK     CODE     ---       LVL=0
      010014F9H   BLOCK     CODE     NEAR LAB  LVL=1
      020000DEH   SYMBOL    XDATA    VOID      i
      ---         BLOCKEND  ---      ---       LVL=1
      ---         BLOCKEND  ---      ---       LVL=0

      01000BE1H   BLOCK     CODE     ---       LVL=0
      01000BE5H   BLOCK     CODE     NEAR LAB  LVL=1
      02000088H   SYMBOL    XDATA    VOID      temp
      0200008CH   SYMBOL    XDATA    VOID      i
      ---         BLOCKEND  ---      ---       LVL=1
      ---         BLOCKEND  ---      ---       LVL=0

      0100118BH   BLOCK     CODE     ---       LVL=0
      01001193H   BLOCK     CODE     NEAR LAB  LVL=1
      0200008FH   SYMBOL    XDATA    VOID      id_show
      ---         BLOCKEND  ---      ---       LVL=1
      ---         BLOCKEND  ---      ---       LVL=0

      01001027H   BLOCK     CODE     ---       LVL=0
      01001027H   BLOCK     CODE     NEAR LAB  LVL=1
      02000092H   SYMBOL    XDATA    VOID      find_fingerid
      02000094H   SYMBOL    XDATA    VOID      id_show
      ---         BLOCKEND  ---      ---       LVL=1
      ---         BLOCKEND  ---      ---       LVL=0

      010017DDH   BLOCK     CODE     ---       LVL=0
      010017DDH   BLOCK     CODE     NEAR LAB  LVL=1
      020000DFH   SYMBOL    XDATA    VOID      i
      ---         BLOCKEND  ---      ---       LVL=1
      ---         BLOCKEND  ---      ---       LVL=0

      01001D35H   BLOCK     CODE     ---       LVL=0
      01001D35H   BLOCK     CODE     NEAR LAB  LVL=1
      020000E0H   SYMBOL    XDATA    VOID      i
      ---         BLOCKEND  ---      ---       LVL=1
      ---         BLOCKEND  ---      ---       LVL=0

      ---         MODULE    ---      ---       BUZZ
      010019B5H   PUBLIC    CODE     ---       _Buzz_Times

LX51 LINKER/LOCATER V4.66.97.0                                                        04/21/2023  13:03:53  PAGE 18


      010019B5H   BLOCK     CODE     ---       LVL=0
      010019BAH   BLOCK     CODE     NEAR LAB  LVL=1
      020000CBH   SYMBOL    XDATA    VOID      i
      ---         BLOCKEND  ---      ---       LVL=1
      ---         BLOCKEND  ---      ---       LVL=0

      ---         MODULE    ---      ---       DELAY
      01001C9AH   PUBLIC    CODE     ---       _Delay
      01001C7AH   PUBLIC    CODE     ---       _Delay_Ms
      01001EE7H   PUBLIC    CODE     ---       _Delay_Us

      01001EE7H   BLOCK     CODE     ---       LVL=0
      ---         BLOCKEND  ---      ---       LVL=0

      01001C7AH   BLOCK     CODE     ---       LVL=0
      01001C7AH   BLOCK     CODE     NEAR LAB  LVL=1
      00000004H   SYMBOL    DATA     VOID      i
      00000002H   SYMBOL    DATA     VOID      j
      ---         BLOCKEND  ---      ---       LVL=1
      ---         BLOCKEND  ---      ---       LVL=0

      01001C9AH   BLOCK     CODE     ---       LVL=0
      01001C9AH   BLOCK     CODE     NEAR LAB  LVL=1
      00000004H   SYMBOL    DATA     VOID      i
      00000002H   SYMBOL    DATA     VOID      j
      ---         BLOCKEND  ---      ---       LVL=1
      ---         BLOCKEND  ---      ---       LVL=0

      ---         MODULE    ---      ---       MPU6050
      01001B61H   PUBLIC    CODE     ---       _GetData
      01001C15H   PUBLIC    CODE     ---       InitMPU6050
      010018F2H   PUBLIC    CODE     ---       _Single_ReadI2C
      01001BF2H   PUBLIC    CODE     ---       _Single_WriteI2C
      010015D0H   PUBLIC    CODE     ---       I2C_RecvByte
      01001887H   PUBLIC    CODE     ---       _I2C_SendByte
      01001E98H   PUBLIC    CODE     ---       I2C_RecvACK
      00000020H.1 PUBLIC    BIT      BIT       ?I2C_SendACK?BIT
      01001E22H   PUBLIC    CODE     ---       I2C_SendACK
      01001E88H   PUBLIC    CODE     ---       I2C_Stop
      01001DFDH   PUBLIC    CODE     ---       I2C_Start
      01001F02H   PUBLIC    CODE     ---       _SeriPushSend

      01001F02H   BLOCK     CODE     ---       LVL=0
      ---         BLOCKEND  ---      ---       LVL=0

      01001DFDH   BLOCK     CODE     ---       LVL=0
      ---         BLOCKEND  ---      ---       LVL=0

      01001E88H   BLOCK     CODE     ---       LVL=0
      ---         BLOCKEND  ---      ---       LVL=0

      01001E22H   BLOCK     CODE     ---       LVL=0
      ---         BLOCKEND  ---      ---       LVL=0

      01001E98H   BLOCK     CODE     ---       LVL=0
      ---         BLOCKEND  ---      ---       LVL=0

      01001887H   BLOCK     CODE     ---       LVL=0
      0100188CH   BLOCK     CODE     NEAR LAB  LVL=1
      020000CDH   SYMBOL    XDATA    VOID      i
      ---         BLOCKEND  ---      ---       LVL=1
      ---         BLOCKEND  ---      ---       LVL=0

      010015D0H   BLOCK     CODE     ---       LVL=0
      010015D0H   BLOCK     CODE     NEAR LAB  LVL=1
LX51 LINKER/LOCATER V4.66.97.0                                                        04/21/2023  13:03:53  PAGE 19


      020000CEH   SYMBOL    XDATA    VOID      i
      020000CFH   SYMBOL    XDATA    VOID      dat
      ---         BLOCKEND  ---      ---       LVL=1
      ---         BLOCKEND  ---      ---       LVL=0

      01001BF2H   BLOCK     CODE     ---       LVL=0
      ---         BLOCKEND  ---      ---       LVL=0

      010018F2H   BLOCK     CODE     ---       LVL=0
      010018F7H   BLOCK     CODE     NEAR LAB  LVL=1
      020000D3H   SYMBOL    XDATA    VOID      REG_data
      ---         BLOCKEND  ---      ---       LVL=1
      ---         BLOCKEND  ---      ---       LVL=0

      01001C15H   BLOCK     CODE     ---       LVL=0
      ---         BLOCKEND  ---      ---       LVL=0

      01001B61H   BLOCK     CODE     ---       LVL=0
      01001B66H   BLOCK     CODE     NEAR LAB  LVL=1
      020000D5H   SYMBOL    XDATA    VOID      H
      00000005H   SYMBOL    DATA     VOID      L
      ---         BLOCKEND  ---      ---       LVL=1
      ---         BLOCKEND  ---      ---       LVL=0

      ---         MODULE    ---      ---       KEY
      020000E2H   PUBLIC    XDATA    BYTE      KeyValue
      01001119H   PUBLIC    CODE     ---       KeyScan
      01000C9AH   PUBLIC    CODE     ---       KeyDown

      01000C9AH   BLOCK     CODE     ---       LVL=0
      01000C9AH   BLOCK     CODE     NEAR LAB  LVL=1
      020000E1H   SYMBOL    XDATA    VOID      a
      ---         BLOCKEND  ---      ---       LVL=1
      ---         BLOCKEND  ---      ---       LVL=0

      01001119H   BLOCK     CODE     ---       LVL=0
      01001119H   BLOCK     CODE     NEAR LAB  LVL=1
      020000ADH   SYMBOL    XDATA    VOID      KeyNumber
      ---         BLOCKEND  ---      ---       LVL=1
      ---         BLOCKEND  ---      ---       LVL=0

      ---         MODULE    ---      ---       ?C?FPMUL
      01000026H   PUBLIC    CODE     ---       ?C?FPMUL

      ---         MODULE    ---      ---       ?C?FPDIV
      0100012FH   PUBLIC    CODE     ---       ?C?FPDIV

      ---         MODULE    ---      ---       ?C?FCAST
      010001D6H   PUBLIC    CODE     ---       ?C?FCASTC
      010001D1H   PUBLIC    CODE     ---       ?C?FCASTI
      010001CCH   PUBLIC    CODE     ---       ?C?FCASTL

      ---         MODULE    ---      ---       ?C?FPGETOPN
      0100020AH   PUBLIC    CODE     ---       ?C?FPGETOPN2
      0100023FH   PUBLIC    CODE     ---       ?C?FPNANRESULT
      01000249H   PUBLIC    CODE     ---       ?C?FPOVERFLOW
      01000221H   PUBLIC    CODE     ---       ?C?FPRESULT
      01000235H   PUBLIC    CODE     ---       ?C?FPRESULT2
      01000246H   PUBLIC    CODE     ---       ?C?FPUNDERFLOW

      ---         MODULE    ---      ---       ?C_STARTUP
      01000000H   PUBLIC    CODE     ---       ?C_STARTUP

      ---         MODULE    ---      ---       ?C?COPY
      01000324H   PUBLIC    CODE     ---       ?C?COPY
LX51 LINKER/LOCATER V4.66.97.0                                                        04/21/2023  13:03:53  PAGE 20



      ---         MODULE    ---      ---       ?C?CLDPTR
      0100034AH   PUBLIC    CODE     ---       ?C?CLDPTR

      ---         MODULE    ---      ---       ?C?CLDOPTR
      01000363H   PUBLIC    CODE     ---       ?C?CLDOPTR

      ---         MODULE    ---      ---       ?C?IMUL
      01000390H   PUBLIC    CODE     ---       ?C?IMUL

      ---         MODULE    ---      ---       ?C?UIDIV
      010003A2H   PUBLIC    CODE     ---       ?C?UIDIV

      ---         MODULE    ---      ---       ?C?IILDX
      010003F7H   PUBLIC    CODE     ---       ?C?IILDX

      ---         MODULE    ---      ---       ?C?ILDIX
      0100040DH   PUBLIC    CODE     ---       ?C?ILDIX

      ---         MODULE    ---      ---       ?C?ULDIV
      0100045FH   PUBLIC    CODE     ---       ?C?ULDIV

      ---         MODULE    ---      ---       ?C?LNEG
      010004F1H   PUBLIC    CODE     ---       ?C?LNEG

      ---         MODULE    ---      ---       ?C?ULSHR
      010004FFH   PUBLIC    CODE     ---       ?C?ULSHR

      ---         MODULE    ---      ---       ?C?LSHL
      01000512H   PUBLIC    CODE     ---       ?C?LSHL

      ---         MODULE    ---      ---       ?C?LSTXDATA
      01000525H   PUBLIC    CODE     ---       ?C?LSTXDATA

      ---         MODULE    ---      ---       ?C?LSTKXDATA
      01000531H   PUBLIC    CODE     ---       ?C?LSTKXDATA

      ---         MODULE    ---      ---       ?C?OFFXADD
      01000562H   PUBLIC    CODE     ---       ?C?OFFXADD

      ---         MODULE    ---      ---       ?C_INIT
      01000EE4H   PUBLIC    CODE     ---       ?C_START



*** WARNING L57: UNCALLED FUNCTION, IGNORED FOR OVERLAY PROCESS
    NAME:    _ADC_INIT/ADC

*** WARNING L57: UNCALLED FUNCTION, IGNORED FOR OVERLAY PROCESS
    NAME:    _GETADCRESULT/ADC

*** WARNING L57: UNCALLED FUNCTION, IGNORED FOR OVERLAY PROCESS
    NAME:    AT24C02_INIT/AT24C02

*** WARNING L57: UNCALLED FUNCTION, IGNORED FOR OVERLAY PROCESS
    NAME:    _AT24C02_WRITE_ADD/AT24C02

*** WARNING L57: UNCALLED FUNCTION, IGNORED FOR OVERLAY PROCESS
    NAME:    _AT24C02_READ_ADD/AT24C02

*** WARNING L57: UNCALLED FUNCTION, IGNORED FOR OVERLAY PROCESS
    NAME:    _AT24C02_WRITE_PAGE/AT24C02

*** WARNING L57: UNCALLED FUNCTION, IGNORED FOR OVERLAY PROCESS
    NAME:    SCAN/DIGITAL_TUBE
LX51 LINKER/LOCATER V4.66.97.0                                                        04/21/2023  13:03:53  PAGE 21



*** WARNING L57: UNCALLED FUNCTION, IGNORED FOR OVERLAY PROCESS
    NAME:    DS18B20_START/DS18B20

*** WARNING L57: UNCALLED FUNCTION, IGNORED FOR OVERLAY PROCESS
    NAME:    DS18B20_END/DS18B20

*** WARNING L57: UNCALLED FUNCTION, IGNORED FOR OVERLAY PROCESS
    NAME:    INITDS1302/DS1302

*** WARNING L57: UNCALLED FUNCTION, IGNORED FOR OVERLAY PROCESS
    NAME:    GETDS1302/DS1302

*** WARNING L57: UNCALLED FUNCTION, IGNORED FOR OVERLAY PROCESS
    NAME:    _WBYTE_595/IO_EXPAND

*** WARNING L57: UNCALLED FUNCTION, IGNORED FOR OVERLAY PROCESS
    NAME:    _WBYTE_138/IO_EXPAND

*** WARNING L57: UNCALLED FUNCTION, IGNORED FOR OVERLAY PROCESS
    NAME:    _WRITE_1602_STRING/LCD1602

*** WARNING L57: UNCALLED FUNCTION, IGNORED FOR OVERLAY PROCESS
    NAME:    _WRITE_NUM/LCD1602

*** WARNING L57: UNCALLED FUNCTION, IGNORED FOR OVERLAY PROCESS
    NAME:    LCD_1602_INIT/LCD1602

*** WARNING L57: UNCALLED FUNCTION, IGNORED FOR OVERLAY PROCESS
    NAME:    LCD_12864_INIT/PARALLEL_12864

*** WARNING L57: UNCALLED FUNCTION, IGNORED FOR OVERLAY PROCESS
    NAME:    _WRITE_12864_STRING/PARALLEL_12864

*** WARNING L57: UNCALLED FUNCTION, IGNORED FOR OVERLAY PROCESS
    NAME:    _HANZI_DISP/PARALLEL_12864

*** WARNING L57: UNCALLED FUNCTION, IGNORED FOR OVERLAY PROCESS
    NAME:    _NUM_DISPLAY/PARALLEL_12864

*** WARNING L57: UNCALLED FUNCTION, IGNORED FOR OVERLAY PROCESS
    NAME:    _PHO_DISPLAY/PARALLEL_12864

*** WARNING L57: UNCALLED FUNCTION, IGNORED FOR OVERLAY PROCESS
    NAME:    _IMG_DISPLEFT/PARALLEL_12864

*** WARNING L57: UNCALLED FUNCTION, IGNORED FOR OVERLAY PROCESS
    NAME:    CLEAR_12864/PARALLEL_12864

*** WARNING L57: UNCALLED FUNCTION, IGNORED FOR OVERLAY PROCESS
    NAME:    _LCD_12864_DRAWLINE/PARALLEL_12864

*** WARNING L57: UNCALLED FUNCTION, IGNORED FOR OVERLAY PROCESS
    NAME:    _PCF8591_READ_AD/PCF8591

*** WARNING L57: UNCALLED FUNCTION, IGNORED FOR OVERLAY PROCESS
    NAME:    _PCF8591_DAC/PCF8591

*** WARNING L57: UNCALLED FUNCTION, IGNORED FOR OVERLAY PROCESS
    NAME:    PCA_INIT/PWM

*** WARNING L57: UNCALLED FUNCTION, IGNORED FOR OVERLAY PROCESS
    NAME:    _STEPPER_MOTOR/STEPPER_MOTOR

*** WARNING L57: UNCALLED FUNCTION, IGNORED FOR OVERLAY PROCESS
LX51 LINKER/LOCATER V4.66.97.0                                                        04/21/2023  13:03:53  PAGE 22


    NAME:    TIMER0_INIT/TIME

*** WARNING L57: UNCALLED FUNCTION, IGNORED FOR OVERLAY PROCESS
    NAME:    TIMER1_INIT/TIME

*** WARNING L57: UNCALLED FUNCTION, IGNORED FOR OVERLAY PROCESS
    NAME:    USART_INIT/USART

*** WARNING L57: UNCALLED FUNCTION, IGNORED FOR OVERLAY PROCESS
    NAME:    _SEND_STRING/USART

*** WARNING L57: UNCALLED FUNCTION, IGNORED FOR OVERLAY PROCESS
    NAME:    HX711_READ/HX711

*** WARNING L57: UNCALLED FUNCTION, IGNORED FOR OVERLAY PROCESS
    NAME:    _FPM10A_ADD_FINGERPRINT/AS608

*** WARNING L57: UNCALLED FUNCTION, IGNORED FOR OVERLAY PROCESS
    NAME:    FPM10A_FIND_FINGERPRINT/AS608

*** WARNING L57: UNCALLED FUNCTION, IGNORED FOR OVERLAY PROCESS
    NAME:    FPM10A_DELETE_ALL_FINGERPRINT/AS608

*** WARNING L57: UNCALLED FUNCTION, IGNORED FOR OVERLAY PROCESS
    NAME:    DEVICE_CHECK/AS608

*** WARNING L57: UNCALLED FUNCTION, IGNORED FOR OVERLAY PROCESS
    NAME:    _SERIPUSHSEND/MPU6050

*** WARNING L57: UNCALLED FUNCTION, IGNORED FOR OVERLAY PROCESS
    NAME:    INITMPU6050/MPU6050

*** WARNING L57: UNCALLED FUNCTION, IGNORED FOR OVERLAY PROCESS
    NAME:    _GETDATA/MPU6050

*** WARNING L57: UNCALLED FUNCTION, IGNORED FOR OVERLAY PROCESS
    NAME:    KEYDOWN/KEY

Program Size: data=9.2 xdata=227 const=130 code=7942
LX51 RUN COMPLETE.  41 WARNING(S),  0 ERROR(S)
