BL51 BANKED LINKER/LOCATER V6.22.2.0                                                    06/11/2022  16:11:09  PAGE 1


BL51 BANKED LINKER/LOCATER V6.22.2.0, INVOKED BY:
C:\KEIL_V5\C51\BIN\BL51.EXE .\OBJ\main.obj, .\OBJ\4_4_key.obj, .\OBJ\ADC.obj, .\OBJ\AT24C02.obj, .\OBJ\Digital_tube.obj,
>>  .\OBJ\DS18B20.obj, .\OBJ\ds1302.obj, .\OBJ\int_it.obj, .\OBJ\IO_expand.obj, .\OBJ\LCD1602.obj, .\OBJ\parallel_12864.
>> obj, .\OBJ\PCF8591.obj, .\OBJ\PWM.obj, .\OBJ\stepper_motor.obj, .\OBJ\time.obj, .\OBJ\usart.obj, .\OBJ\HX711.obj, .\O
>> BJ\as608.obj, .\OBJ\buzz.obj, .\OBJ\delay.obj TO .\OBJ\project PRINT (.\project.m51) RAMSIZE (256) DISABLEWARNING (16
>> )


MEMORY MODEL: LARGE WITH FLOATING POINT ARITHMETIC


INPUT MODULES INCLUDED:
  .\OBJ\main.obj (MAIN)
  .\OBJ\4_4_key.obj (4_4_KEY)
  .\OBJ\ADC.obj (ADC)
  .\OBJ\AT24C02.obj (AT24C02)
  .\OBJ\Digital_tube.obj (DIGITAL_TUBE)
  .\OBJ\DS18B20.obj (DS18B20)
  .\OBJ\ds1302.obj (DS1302)
  .\OBJ\int_it.obj (INT_IT)
  .\OBJ\IO_expand.obj (IO_EXPAND)
  .\OBJ\LCD1602.obj (LCD1602)
  .\OBJ\parallel_12864.obj (PARALLEL_12864)
  .\OBJ\PCF8591.obj (PCF8591)
  .\OBJ\PWM.obj (PWM)
  .\OBJ\stepper_motor.obj (STEPPER_MOTOR)
  .\OBJ\time.obj (TIME)
  .\OBJ\usart.obj (USART)
  .\OBJ\HX711.obj (HX711)
  .\OBJ\as608.obj (AS608)
  .\OBJ\buzz.obj (BUZZ)
  .\OBJ\delay.obj (DELAY)
  C:\KEIL_V5\C51\LIB\C51FPL.LIB (?C?FPMUL)
  C:\KEIL_V5\C51\LIB\C51FPL.LIB (?C?FPDIV)
  C:\KEIL_V5\C51\LIB\C51FPL.LIB (?C?FCAST)
  C:\KEIL_V5\C51\LIB\C51FPL.LIB (?C?CASTF)
  C:\KEIL_V5\C51\LIB\C51FPL.LIB (?C?FPGETOPN)
  C:\KEIL_V5\C51\LIB\C51L.LIB (?C_STARTUP)
  C:\KEIL_V5\C51\LIB\C51L.LIB (?C?COPY)
  C:\KEIL_V5\C51\LIB\C51L.LIB (?C?CLDPTR)
  C:\KEIL_V5\C51\LIB\C51L.LIB (?C?CLDOPTR)
  C:\KEIL_V5\C51\LIB\C51L.LIB (?C?IMUL)
  C:\KEIL_V5\C51\LIB\C51L.LIB (?C?UIDIV)
  C:\KEIL_V5\C51\LIB\C51L.LIB (?C?SIDIV)
  C:\KEIL_V5\C51\LIB\C51L.LIB (?C?IILDX)
  C:\KEIL_V5\C51\LIB\C51L.LIB (?C?ILDIX)
  C:\KEIL_V5\C51\LIB\C51L.LIB (?C?ULDIV)
  C:\KEIL_V5\C51\LIB\C51L.LIB (?C?LNEG)
  C:\KEIL_V5\C51\LIB\C51L.LIB (?C?ULSHR)
  C:\KEIL_V5\C51\LIB\C51L.LIB (?C?LSHL)
  C:\KEIL_V5\C51\LIB\C51L.LIB (?C?LSTXDATA)
  C:\KEIL_V5\C51\LIB\C51L.LIB (?C?LSTKXDATA)
  C:\KEIL_V5\C51\LIB\C51L.LIB (?C?OFFXADD)
  C:\KEIL_V5\C51\LIB\C51L.LIB (?C_INIT)


LINK MAP OF MODULE:  .\OBJ\project (MAIN)

BL51 BANKED LINKER/LOCATER V6.22.2.0                                                  06/11/2022  16:11:09  PAGE 2



            TYPE    BASE      LENGTH    RELOCATION   SEGMENT NAME
            -----------------------------------------------------

            * * * * * * *   D A T A   M E M O R Y   * * * * * * *
            REG     0000H     0008H     ABSOLUTE     "REG BANK 0"
                    0008H     0018H                  *** GAP ***
            BIT     0020H.0   0000H.1   UNIT         ?BI?PCF8591_SENDACK?PCF8591
                    0020H.1   0000H.7                *** GAP ***
            IDATA   0021H     0001H     UNIT         ?STACK

            * * * * * * *  X D A T A   M E M O R Y  * * * * * * *
            XDATA   0000H     002BH     UNIT         ?XD?AS608
            XDATA   002BH     0022H     UNIT         _XDATA_GROUP_
            XDATA   004DH     001CH     UNIT         ?XD?_LCD_12864_DRAWLINE?PARALLEL_12864
            XDATA   0069H     0015H     UNIT         ?XD?DS1302
            XDATA   007EH     000CH     UNIT         ?XD?USART
            XDATA   008AH     0008H     UNIT         ?XD?DS18B20
            XDATA   0092H     0008H     UNIT         ?XD?_PHO_DISPLAY?PARALLEL_12864
            XDATA   009AH     0007H     UNIT         ?XD?_IMG_DISPLEFT?PARALLEL_12864
            XDATA   00A1H     0006H     UNIT         ?XD?_SET_12864_POINT?PARALLEL_12864
            XDATA   00A7H     0005H     UNIT         ?XD?CLEAR_12864?PARALLEL_12864
            XDATA   00ACH     0005H     UNIT         ?XD?_FPM10A_CMD_SAVE_FINGER?AS608
            XDATA   00B1H     0005H     UNIT         ?XD?FPM10A_FIND_FINGERPRINT?AS608
            XDATA   00B6H     0003H     UNIT         ?XD?_AT24C02_WRITE_PAGE?AT24C02
            XDATA   00B9H     0003H     UNIT         ?XD?_SEND_STRING?USART
            XDATA   00BCH     0003H     UNIT         ?XD?FPM10A_ADD_FINGERPRINT?AS608
            XDATA   00BFH     0002H     UNIT         ?XD?DIGITAL_TUBE
            XDATA   00C1H     0002H     UNIT         ?XD?DS18B20_READBYTE?DS18B20
            XDATA   00C3H     0002H     UNIT         ?XD?_DS18B20_WRITEBYTE?DS18B20
            XDATA   00C5H     0002H     UNIT         ?XD?READ_12864_DATA?PARALLEL_12864
            XDATA   00C7H     0002H     UNIT         ?XD?_PCF8591_SEND_BYTE?PCF8591
            XDATA   00C9H     0002H     UNIT         ?XD?PCF8591_RECEIVE_BYTE?PCF8591
            XDATA   00CBH     0002H     UNIT         ?XD?_PCF8591_READ_AD?PCF8591
            XDATA   00CDH     0002H     UNIT         ?XD?HX711
            XDATA   00CFH     0002H     UNIT         ?XD?FPM10A_CMD_SEND_PACK_HEAD?AS608
            XDATA   00D1H     0002H     UNIT         ?XD?FPM10A_CMD_CHECK?AS608
            XDATA   00D3H     0002H     UNIT         ?XD?_FPM10A_RECEIVE_DATA?AS608
            XDATA   00D5H     0002H     UNIT         ?XD?_BUZZ_TIMES?BUZZ
            XDATA   00D7H     0001H     UNIT         ?XD?4_4_KEY
            XDATA   00D8H     0001H     UNIT         ?XD?DS18B20_RESET?DS18B20
            XDATA   00D9H     0001H     UNIT         ?XD?_PCF8591_DAC?PCF8591
            XDATA   00DAH     0001H     UNIT         ?XD?STEPPER_MOTOR
            XDATA   00DBH     0001H     UNIT         ?XD?FPM10A_CMD_GET_IMG?AS608
            XDATA   00DCH     0001H     UNIT         ?XD?FINGERPRINT_CMD_IMG_TO_BUFFER1?AS608
            XDATA   00DDH     0001H     UNIT         ?XD?FINGERPRINT_CMD_IMG_TO_BUFFER2?AS608
            XDATA   00DEH     0001H     UNIT         ?XD?FPM10A_CMD_SEARCH_FINGER?AS608
            XDATA   00DFH     0001H     UNIT         ?XD?FPM10A_CMD_REG_MODEL?AS608
            XDATA   00E0H     0001H     UNIT         ?XD?FINGERPRINT_CMD_DELETE_ALL_MODEL?AS608
            XDATA   00E1H     0001H     UNIT         ?XD?FPM10A_DELETE_ALL_FINGERPRINT?AS608
            XDATA   00E2H     0001H     UNIT         ?XD?DEVICE_CHECK?AS608

            * * * * * * *   C O D E   M E M O R Y   * * * * * * *
            CODE    0000H     0003H     ABSOLUTE     
            CODE    0003H     0003H     ABSOLUTE     
            CODE    0006H     0001H     UNIT         ?PR?INT0?INT_IT
            CODE    0007H     0001H     UNIT         ?PR?INT1?INT_IT
BL51 BANKED LINKER/LOCATER V6.22.2.0                                                  06/11/2022  16:11:09  PAGE 3


                    0008H     0003H                  *** GAP ***
            CODE    000BH     0003H     ABSOLUTE     
                    000EH     0005H                  *** GAP ***
            CODE    0013H     0003H     ABSOLUTE     
                    0016H     0005H                  *** GAP ***
            CODE    001BH     0003H     ABSOLUTE     
                    001EH     0005H                  *** GAP ***
            CODE    0023H     0003H     ABSOLUTE     
            CODE    0026H     05B5H     UNIT         ?C?LIB_CODE
            CODE    05DBH     01E7H     UNIT         ?PR?_LCD_12864_DRAWLINE?PARALLEL_12864
            CODE    07C2H     01DBH     UNIT         ?PR?MAIN?MAIN
            CODE    099DH     0159H     UNIT         ?PR?_IMG_DISPLEFT?PARALLEL_12864
            CODE    0AF6H     00DCH     UNIT         ?PR?FPM10A_ADD_FINGERPRINT?AS608
            CODE    0BD2H     00D9H     UNIT         ?PR?_SET_12864_POINT?PARALLEL_12864
            CODE    0CABH     00D2H     UNIT         ?PR?_NUM_DISPLAY?PARALLEL_12864
            CODE    0D7DH     00C5H     UNIT         ?PR?GETDS1302?DS1302
            CODE    0E42H     00C4H     UNIT         ?PR?_WRITE_NUM?LCD1602
            CODE    0F06H     00B9H     UNIT         ?PR?_FPM10A_CMD_SAVE_FINGER?AS608
            CODE    0FBFH     00B6H     UNIT         ?PR?KEYDOWN?4_4_KEY
            CODE    1075H     00B5H     UNIT         ?PR?HX711_READ?HX711
            CODE    112AH     0098H     UNIT         ?PR?_PHO_DISPLAY?PARALLEL_12864
            CODE    11C2H     008CH     UNIT         ?C_C51STARTUP
            CODE    124EH     007DH     UNIT         ?PR?CLEAR_12864?PARALLEL_12864
            CODE    12CBH     0075H     UNIT         ?PR?_WRITE_12864_COM?PARALLEL_12864
            CODE    1340H     0073H     UNIT         ?PR?FPM10A_FIND_FINGERPRINT?AS608
            CODE    13B3H     006EH     UNIT         ?PR?_STEPPER_MOTOR?STEPPER_MOTOR
            CODE    1421H     006BH     UNIT         ?PR?_WRITE_12864_DATA?PARALLEL_12864
            CODE    148CH     006AH     UNIT         ?PR?CHECK_12864_BUSY?PARALLEL_12864
            CODE    14F6H     0068H     UNIT         ?C_INITSEG
            CODE    155EH     0053H     UNIT         ?PR?USART_INTERRUPT?USART
            CODE    15B1H     0052H     UNIT         ?CO?AS608
            CODE    1603H     004CH     UNIT         ?PR?READ_12864_DATA?PARALLEL_12864
            CODE    164FH     004AH     UNIT         ?PR?_GETADCRESULT?ADC
            CODE    1699H     004AH     UNIT         ?PR?AT24C02_READ_BYTE?AT24C02
            CODE    16E3H     0049H     UNIT         ?PR?INITDS1302?DS1302
            CODE    172CH     0049H     UNIT         ?PR?FINGERPRINT_CMD_IMG_TO_BUFFER2?AS608
            CODE    1775H     0049H     UNIT         ?PR?FINGERPRINT_CMD_DELETE_ALL_MODEL?AS608
            CODE    17BEH     0048H     UNIT         ?PR?DS18B20_READBYTE?DS18B20
            CODE    1806H     0046H     UNIT         ?PR?_AT24C02_WRITE_BYTE?AT24C02
            CODE    184CH     0044H     UNIT         ?PR?_DS18B20_WRITEBYTE?DS18B20
            CODE    1890H     0044H     UNIT         ?PR?_PCF8591_SEND_BYTE?PCF8591
            CODE    18D4H     0044H     UNIT         ?PR?FPM10A_CMD_CHECK?AS608
            CODE    1918H     0044H     UNIT         ?PR?FPM10A_DELETE_ALL_FINGERPRINT?AS608
            CODE    195CH     0043H     UNIT         ?PR?PCF8591_RECEIVE_BYTE?PCF8591
            CODE    199FH     0040H     UNIT         ?PR?DS18B20_END?DS18B20
            CODE    19DFH     003EH     UNIT         ?PR?AT24C02_ACK?AT24C02
            CODE    1A1DH     003AH     UNIT         ?PR?FPM10A_CMD_SEND_PACK_HEAD?AS608
            CODE    1A57H     0038H     UNIT         ?PR?SCAN?DIGITAL_TUBE
            CODE    1A8FH     0038H     UNIT         ?PR?_PCF8591_READ_AD?PCF8591
            CODE    1AC7H     0038H     UNIT         ?PR?DEVICE_CHECK?AS608
            CODE    1AFFH     0034H     UNIT         ?PR?_HANZI_DISP?PARALLEL_12864
            CODE    1B33H     0032H     UNIT         ?PR?_WRITE_12864_STRING?PARALLEL_12864
            CODE    1B65H     002FH     UNIT         ?PR?_AT24C02_WRITE_PAGE?AT24C02
            CODE    1B94H     002FH     UNIT         ?PR?DS18B20_RESET?DS18B20
            CODE    1BC3H     002FH     UNIT         ?PR?_BUZZ_TIMES?BUZZ
            CODE    1BF2H     002EH     UNIT         ?PR?_SEND_STRING?USART
            CODE    1C20H     002EH     UNIT         ?PR?_FPM10A_RECEIVE_DATA?AS608
BL51 BANKED LINKER/LOCATER V6.22.2.0                                                  06/11/2022  16:11:09  PAGE 4


            CODE    1C4EH     002DH     UNIT         ?PR?_WBYTE_595?IO_EXPAND
            CODE    1C7BH     002DH     UNIT         ?PR?PCF8591_START?PCF8591
            CODE    1CA8H     0029H     UNIT         ?CO?MAIN
            CODE    1CD1H     0028H     UNIT         ?PR?FPM10A_CMD_GET_IMG?AS608
            CODE    1CF9H     0028H     UNIT         ?PR?FINGERPRINT_CMD_IMG_TO_BUFFER1?AS608
            CODE    1D21H     0028H     UNIT         ?PR?FPM10A_CMD_SEARCH_FINGER?AS608
            CODE    1D49H     0028H     UNIT         ?PR?FPM10A_CMD_REG_MODEL?AS608
            CODE    1D71H     0027H     UNIT         ?PR?_LCD_DELAY?LCD1602
            CODE    1D98H     0025H     UNIT         ?PR?_WBYTE_138?IO_EXPAND
            CODE    1DBDH     0023H     UNIT         ?PR?_DS1302_WBYTE?DS1302
            CODE    1DE0H     0023H     UNIT         ?PR?CHECK_1602_BUSY?LCD1602
            CODE    1E03H     0022H     UNIT         ?PR?DS1302_RBYTE?DS1302
            CODE    1E25H     0020H     UNIT         ?CO?PARALLEL_12864
            CODE    1E45H     0020H     UNIT         ?PR?_PCF8591_DAC?PCF8591
            CODE    1E65H     0020H     UNIT         ?PR?_DELAY_MS?DELAY
            CODE    1E85H     0020H     UNIT         ?PR?_DELAY?DELAY
            CODE    1EA5H     001FH     UNIT         ?PR?AT24C02_START?AT24C02
            CODE    1EC4H     001FH     UNIT         ?PR?AT24C02_STOP?AT24C02
            CODE    1EE3H     001FH     UNIT         ?PR?LCD_12864_INIT?PARALLEL_12864
            CODE    1F02H     001EH     UNIT         ?PR?LCD_1602_INIT?LCD1602
            CODE    1F20H     0019H     UNIT         ?PR?USART_INIT?USART
            CODE    1F39H     0018H     UNIT         ?PR?_WRITE_1602_STRING?LCD1602
            CODE    1F51H     0017H     UNIT         ?PR?PCF8591_SENDACK?PCF8591
            CODE    1F68H     0015H     UNIT         ?PR?AT24C02_INIT?AT24C02
            CODE    1F7DH     0015H     UNIT         ?PR?_WRITE_1602_DATA?LCD1602
            CODE    1F92H     0015H     UNIT         ?PR?PCF8591_STOP?PCF8591
            CODE    1FA7H     0013H     UNIT         ?PR?_AT24C02_READ_ADD?AT24C02
            CODE    1FBAH     0013H     UNIT         ?PR?TIMER1_INIT?TIME
            CODE    1FCDH     0012H     UNIT         ?PR?PCA_INIT?PWM
            CODE    1FDFH     0011H     UNIT         ?PR?_WRITE_1602_COM?LCD1602
            CODE    1FF0H     0011H     UNIT         ?PR?PCF8591_CHECKACK?PCF8591
            CODE    2001H     0011H     UNIT         ?PR?TIMER0_INIT?TIME
            CODE    2012H     0011H     UNIT         ?PR?DELAY__HX711_US?HX711
            CODE    2023H     0010H     UNIT         ?CO?DIGITAL_TUBE
            CODE    2033H     0010H     UNIT         ?PR?_DS1302_WDATA?DS1302
            CODE    2043H     000DH     UNIT         ?PR?_ADC_INIT?ADC
            CODE    2050H     000DH     UNIT         ?PR?_AT24C02_WRITE_ADD?AT24C02
            CODE    205DH     000DH     UNIT         ?PR?DS18B20_START?DS18B20
            CODE    206AH     000BH     UNIT         ?PR?_DS1302_RDATA?DS1302
            CODE    2075H     000BH     UNIT         ?PR?_DELAY_US?DELAY
            CODE    2080H     0008H     UNIT         ?PR?_SEND_BYTE?USART
            CODE    2088H     0008H     UNIT         ?PR?UART_RECEIVE_BYTE?USART
            CODE    2090H     0007H     UNIT         ?PR?TIMER0INTERRUPT?TIME
            CODE    2097H     0007H     UNIT         ?PR?TIMER1INTERRUPT?TIME



OVERLAY MAP OF MODULE:   .\OBJ\project (MAIN)


SEGMENT                                            XDATA_GROUP
  +--> CALLED SEGMENT                            START    LENGTH
----------------------------------------------------------------
?C_C51STARTUP                                    -----    -----
  +--> ?PR?MAIN?MAIN
  +--> ?C_INITSEG

BL51 BANKED LINKER/LOCATER V6.22.2.0                                                  06/11/2022  16:11:09  PAGE 5


?PR?MAIN?MAIN                                    002BH    001AH
  +--> ?CO?MAIN
  +--> ?PR?LCD_12864_INIT?PARALLEL_12864
  +--> ?PR?_HANZI_DISP?PARALLEL_12864
  +--> ?PR?_ADC_INIT?ADC
  +--> ?PR?_AT24C02_WRITE_ADD?AT24C02
  +--> ?PR?_DELAY_MS?DELAY
  +--> ?PR?HX711_READ?HX711
  +--> ?PR?KEYDOWN?4_4_KEY
  +--> ?PR?_NUM_DISPLAY?PARALLEL_12864
  +--> ?PR?_GETADCRESULT?ADC
  +--> ?PR?GETDS1302?DS1302
  +--> ?CO?PARALLEL_12864
  +--> ?PR?_WRITE_12864_COM?PARALLEL_12864
  +--> ?PR?_WRITE_12864_DATA?PARALLEL_12864
  +--> ?PR?_WRITE_12864_STRING?PARALLEL_12864

?PR?LCD_12864_INIT?PARALLEL_12864                -----    -----
  +--> ?PR?_DELAY_US?DELAY
  +--> ?PR?_WRITE_12864_COM?PARALLEL_12864

?PR?_WRITE_12864_COM?PARALLEL_12864              0049H    0002H
  +--> ?CO?PARALLEL_12864
  +--> ?PR?CHECK_12864_BUSY?PARALLEL_12864
  +--> ?PR?_DELAY_US?DELAY

?PR?CHECK_12864_BUSY?PARALLEL_12864              004BH    0002H
  +--> ?PR?_DELAY_US?DELAY

?PR?_HANZI_DISP?PARALLEL_12864                   0045H    0003H
  +--> ?PR?_WRITE_12864_COM?PARALLEL_12864
  +--> ?PR?_WRITE_12864_DATA?PARALLEL_12864

?PR?_WRITE_12864_DATA?PARALLEL_12864             0049H    0002H
  +--> ?PR?CHECK_12864_BUSY?PARALLEL_12864
  +--> ?PR?_DELAY_US?DELAY

?PR?_AT24C02_WRITE_ADD?AT24C02                   -----    -----
  +--> ?PR?AT24C02_ACK?AT24C02
  +--> ?PR?AT24C02_STOP?AT24C02

?PR?AT24C02_ACK?AT24C02                          -----    -----
  +--> ?PR?AT24C02_STOP?AT24C02
  +--> ?PR?AT24C02_START?AT24C02
  +--> ?PR?_AT24C02_WRITE_BYTE?AT24C02

?PR?HX711_READ?HX711                             0045H    0004H
  +--> ?PR?DELAY__HX711_US?HX711

?PR?KEYDOWN?4_4_KEY                              0045H    0001H
  +--> ?PR?_DELAY_MS?DELAY

?PR?_NUM_DISPLAY?PARALLEL_12864                  0045H    0004H
  +--> ?PR?_WRITE_12864_COM?PARALLEL_12864
  +--> ?PR?_WRITE_12864_DATA?PARALLEL_12864

?PR?GETDS1302?DS1302                             -----    -----
BL51 BANKED LINKER/LOCATER V6.22.2.0                                                  06/11/2022  16:11:09  PAGE 6


  +--> ?PR?_DS1302_RDATA?DS1302

?PR?_DS1302_RDATA?DS1302                         -----    -----
  +--> ?PR?_DS1302_WBYTE?DS1302
  +--> ?PR?DS1302_RBYTE?DS1302

?PR?_WRITE_12864_STRING?PARALLEL_12864           0045H    0003H
  +--> ?PR?_WRITE_12864_DATA?PARALLEL_12864



SYMBOL TABLE OF MODULE:  .\OBJ\project (MAIN)

  VALUE           TYPE          NAME
  ----------------------------------

  -------         MODULE        MAIN
  C:0000H         SYMBOL        _ICE_DUMMY_
  D:0090H         PUBLIC        P1
  D:00A0H         PUBLIC        P2
  D:00A8H         PUBLIC        IE
  D:00B8H         PUBLIC        IP
  D:00D8H         PUBLIC        CCON
  C:07C2H         PUBLIC        main
  D:0098H         PUBLIC        SCON
  D:0088H         PUBLIC        TCON
  C:1CC0H         SYMBOL        _?ix1000
  D:00D0H         PUBLIC        PSW
  -------         PROC          MAIN
  -------         DO            
  X:002BH         SYMBOL        KeyValue_old
  X:002CH         SYMBOL        chs
  X:003DH         SYMBOL        Weight_Maopi
  X:003FH         SYMBOL        Weight_Shiwu
  X:0041H         SYMBOL        result
  -------         ENDDO         
  C:07C2H         LINE#         5
  C:07C2H         LINE#         6
  C:07C2H         LINE#         7
  C:07CAH         LINE#         9
  C:07DDH         LINE#         11
  C:07E4H         LINE#         12
  C:07E8H         LINE#         14
  C:07F0H         LINE#         17
  C:07F3H         LINE#         19
  C:07FFH         LINE#         21
  C:0804H         LINE#         23
  C:080BH         LINE#         27
  C:0812H         LINE#         28
  C:0822H         LINE#         30
  C:0822H         LINE#         31
  C:0822H         LINE#         32
  C:0825H         LINE#         34
  C:0831H         LINE#         35
  C:083EH         LINE#         36
  C:084CH         LINE#         37
  C:0854H         LINE#         39
BL51 BANKED LINKER/LOCATER V6.22.2.0                                                  06/11/2022  16:11:09  PAGE 7


  C:0861H         LINE#         40
  C:086CH         LINE#         41
  C:0892H         LINE#         52
  C:0895H         LINE#         53
  C:089DH         LINE#         54
  C:08A5H         LINE#         55
  C:08A9H         LINE#         56
  C:08B1H         LINE#         57
  C:08B9H         LINE#         58
  C:08BDH         LINE#         59
  C:08C5H         LINE#         60
  C:08CDH         LINE#         61
  C:08D0H         LINE#         62
  C:08DCH         LINE#         65
  C:08F3H         LINE#         67
  C:08FBH         LINE#         68
  C:0902H         LINE#         70
  C:090BH         LINE#         71
  C:092EH         LINE#         72
  C:0951H         LINE#         73
  C:0974H         LINE#         74
  C:098AH         LINE#         75
  C:0993H         LINE#         77
  C:099AH         LINE#         79
  -------         ENDPROC       MAIN
  -------         ENDMOD        MAIN

  -------         MODULE        4_4_KEY
  C:0000H         SYMBOL        _ICE_DUMMY_
  D:00B0H         PUBLIC        P3
  D:00A8H         PUBLIC        IE
  D:00B8H         PUBLIC        IP
  D:00D8H         PUBLIC        CCON
  X:00D7H         PUBLIC        KeyValue
  D:0098H         PUBLIC        SCON
  D:0088H         PUBLIC        TCON
  C:0FBFH         PUBLIC        KeyDown
  D:00D0H         PUBLIC        PSW
  -------         PROC          KEYDOWN
  -------         DO            
  X:0045H         SYMBOL        a
  -------         ENDDO         
  C:0FBFH         LINE#         16
  C:0FBFH         LINE#         17
  C:0FBFH         LINE#         18
  C:0FC4H         LINE#         20
  C:0FC7H         LINE#         21
  C:0FD1H         LINE#         22
  C:0FD1H         LINE#         23
  C:0FD8H         LINE#         24
  C:0FE2H         LINE#         25
  C:0FE2H         LINE#         27
  C:0FE5H         LINE#         28
  C:0FF7H         LINE#         29
  C:0FF7H         LINE#         30
  C:0FFEH         LINE#         31
  C:1006H         LINE#         32
BL51 BANKED LINKER/LOCATER V6.22.2.0                                                  06/11/2022  16:11:09  PAGE 8


  C:100EH         LINE#         33
  C:1014H         LINE#         34
  C:1014H         LINE#         36
  C:1017H         LINE#         37
  C:102AH         LINE#         38
  C:102AH         LINE#         39
  C:1031H         LINE#         40
  C:103AH         LINE#         41
  C:1043H         LINE#         42
  C:104AH         LINE#         43
  C:104AH         LINE#         44
  C:1065H         LINE#         45
  C:1065H         LINE#         46
  C:106CH         LINE#         47
  C:1072H         LINE#         48
  C:1074H         LINE#         49
  C:1074H         LINE#         50
  C:1074H         LINE#         51
  -------         ENDPROC       KEYDOWN
  -------         ENDMOD        4_4_KEY

  -------         MODULE        ADC
  C:0000H         SYMBOL        _ICE_DUMMY_
  D:00A8H         PUBLIC        IE
  D:00BDH         PUBLIC        ADC_RES
  D:00B8H         PUBLIC        IP
  D:00D8H         PUBLIC        CCON
  D:00BCH         PUBLIC        ADC_CONTR
  D:0098H         PUBLIC        SCON
  D:0088H         PUBLIC        TCON
  C:2043H         PUBLIC        _ADC_Init
  D:009DH         PUBLIC        P1ASF
  D:00BEH         PUBLIC        ADC_RESL
  C:164FH         PUBLIC        _GetADCResult
  D:00D0H         PUBLIC        PSW
  -------         PROC          _ADC_INIT
  D:0007H         SYMBOL        port
  C:2043H         LINE#         16
  C:2043H         LINE#         17
  C:2043H         LINE#         18
  C:2045H         LINE#         19
  C:2048H         LINE#         20
  C:204BH         LINE#         25
  C:204CH         LINE#         26
  C:204DH         LINE#         27
  C:204EH         LINE#         28
  C:204FH         LINE#         29
  -------         ENDPROC       _ADC_INIT
  -------         PROC          _GETADCRESULT
  D:0007H         SYMBOL        channel
  -------         DO            
  D:0004H         SYMBOL        ADC_RESULT
  D:0004H         SYMBOL        result
  -------         ENDDO         
  C:164FH         LINE#         36
  C:164FH         LINE#         37
  C:164FH         LINE#         38
BL51 BANKED LINKER/LOCATER V6.22.2.0                                                  06/11/2022  16:11:09  PAGE 9


  C:1652H         LINE#         40
  C:1657H         LINE#         41
  C:1658H         LINE#         42
  C:1659H         LINE#         43
  C:165AH         LINE#         44
  C:165BH         LINE#         45
  C:1660H         LINE#         46
  C:1663H         LINE#         47
  C:1669H         LINE#         48
  C:1680H         LINE#         49
  -------         ENDPROC       _GETADCRESULT
  -------         ENDMOD        ADC

  -------         MODULE        AT24C02
  C:0000H         SYMBOL        _ICE_DUMMY_
  D:00A0H         PUBLIC        P2
  C:1806H         PUBLIC        _AT24C02_Write_Byte
  D:00A8H         PUBLIC        IE
  C:19F6H         PUBLIC        AT24C02_Ack
  C:1EA5H         PUBLIC        AT24C02_Start
  C:1F68H         PUBLIC        AT24C02_Init
  D:00B8H         PUBLIC        IP
  B:00D0H.7       PUBLIC        CY
  D:00D8H         PUBLIC        CCON
  C:1EC4H         PUBLIC        AT24C02_Stop
  D:0098H         PUBLIC        SCON
  D:0088H         PUBLIC        TCON
  B:00A0H.7       PUBLIC        AT24C02_SDA
  B:00A0H.6       PUBLIC        AT24C02_SCL
  C:1FA7H         PUBLIC        _AT24C02_Read_Add
  C:1B65H         PUBLIC        _AT24C02_Write_Page
  C:1699H         PUBLIC        AT24C02_Read_Byte
  D:00D0H         PUBLIC        PSW
  C:2050H         PUBLIC        _AT24C02_Write_Add
  -------         PROC          AT24C02_START
  C:1EA5H         LINE#         17
  C:1EA5H         LINE#         18
  C:1EA5H         LINE#         19
  C:1EAFH         LINE#         20
  C:1EB9H         LINE#         21
  C:1EC3H         LINE#         22
  -------         ENDPROC       AT24C02_START
  -------         PROC          AT24C02_STOP
  C:1EC4H         LINE#         29
  C:1EC4H         LINE#         30
  C:1EC4H         LINE#         31
  C:1ECEH         LINE#         32
  C:1ED8H         LINE#         33
  C:1EE2H         LINE#         34
  -------         ENDPROC       AT24C02_STOP
  C:19DFH         SYMBOL        L?0022
  C:19F1H         SYMBOL        L?0023
  -------         PROC          L?0021
  -------         ENDPROC       L?0021
  C:19DFH         SYMBOL        L?0022
  C:19F1H         SYMBOL        L?0023
  -------         PROC          AT24C02_ACK
BL51 BANKED LINKER/LOCATER V6.22.2.0                                                  06/11/2022  16:11:09  PAGE 10


  -------         DO            
  D:0007H         SYMBOL        i
  -------         ENDDO         
  C:19F6H         LINE#         41
  C:19F6H         LINE#         42
  C:19F6H         LINE#         43
  C:19F8H         LINE#         44
  C:1A02H         LINE#         45
  C:1A12H         LINE#         46
  C:1A1CH         LINE#         47
  -------         ENDPROC       AT24C02_ACK
  -------         PROC          _AT24C02_WRITE_BYTE
  D:0006H         SYMBOL        dat
  -------         DO            
  D:0007H         SYMBOL        temp
  D:0006H         SYMBOL        i
  -------         ENDDO         
  C:1806H         LINE#         53
  C:1806H         LINE#         54
  C:1806H         LINE#         56
  C:1806H         LINE#         57
  C:1812H         LINE#         58
  C:1812H         LINE#         59
  C:1816H         LINE#         60
  C:1820H         LINE#         61
  C:182AH         LINE#         62
  C:1834H         LINE#         63
  C:1837H         LINE#         64
  C:1841H         LINE#         65
  C:184BH         LINE#         66
  -------         ENDPROC       _AT24C02_WRITE_BYTE
  -------         PROC          AT24C02_READ_BYTE
  -------         DO            
  D:0007H         SYMBOL        dat
  D:0006H         SYMBOL        i
  -------         ENDDO         
  C:1699H         LINE#         72
  C:1699H         LINE#         73
  C:1699H         LINE#         75
  C:16A3H         LINE#         76
  C:16ADH         LINE#         77
  C:16B9H         LINE#         78
  C:16B9H         LINE#         79
  C:16C3H         LINE#         80
  C:16D5H         LINE#         81
  C:16DFH         LINE#         82
  C:16E2H         LINE#         83
  C:16E2H         LINE#         84
  -------         ENDPROC       AT24C02_READ_BYTE
  -------         PROC          AT24C02_INIT
  C:1F68H         LINE#         91
  C:1F68H         LINE#         92
  C:1F68H         LINE#         93
  C:1F72H         LINE#         94
  C:1F7CH         LINE#         95
  -------         ENDPROC       AT24C02_INIT
  -------         PROC          _AT24C02_WRITE_ADD
BL51 BANKED LINKER/LOCATER V6.22.2.0                                                  06/11/2022  16:11:09  PAGE 11


  D:0004H         SYMBOL        dat
  D:0005H         SYMBOL        add
  C:2050H         LINE#         103
  C:2052H         LINE#         104
  C:2052H         LINE#         105
  C:2052H         LINE#         106
  C:2052H         LINE#         107
  C:2052H         LINE#         108
  C:2052H         LINE#         109
  C:2052H         LINE#         110
  C:2055H         LINE#         111
  C:2057H         LINE#         112
  C:205AH         LINE#         113
  -------         ENDPROC       _AT24C02_WRITE_ADD
  -------         PROC          _AT24C02_READ_ADD
  D:0005H         SYMBOL        add
  -------         DO            
  D:0007H         SYMBOL        dat
  -------         ENDDO         
  C:1FA7H         LINE#         121
  C:1FA9H         LINE#         122
  C:1FA9H         LINE#         124
  C:1FA9H         LINE#         125
  C:1FA9H         LINE#         126
  C:1FA9H         LINE#         127
  C:1FA9H         LINE#         128
  C:1FA9H         LINE#         129
  C:1FACH         LINE#         130
  C:1FAFH         LINE#         131
  C:1FB1H         LINE#         132
  C:1FB4H         LINE#         133
  C:1FB7H         LINE#         134
  -------         ENDPROC       _AT24C02_READ_ADD
  -------         PROC          _AT24C02_WRITE_PAGE
  X:00B6H         SYMBOL        dat
  D:0005H         SYMBOL        add
  -------         DO            
  D:0005H         SYMBOL        q
  -------         ENDDO         
  C:1B65H         LINE#         145
  C:1B70H         LINE#         146
  C:1B70H         LINE#         148
  C:1B70H         LINE#         149
  C:1B70H         LINE#         150
  C:1B70H         LINE#         151
  C:1B70H         LINE#         152
  C:1B70H         LINE#         153
  C:1B73H         LINE#         154
  C:1B8BH         LINE#         155
  C:1B8BH         LINE#         156
  C:1B8BH         LINE#         157
  C:1B8EH         LINE#         158
  C:1B91H         LINE#         159
  -------         ENDPROC       _AT24C02_WRITE_PAGE
  -------         ENDMOD        AT24C02

  -------         MODULE        DIGITAL_TUBE
BL51 BANKED LINKER/LOCATER V6.22.2.0                                                  06/11/2022  16:11:09  PAGE 12


  C:0000H         SYMBOL        _ICE_DUMMY_
  D:0090H         PUBLIC        P1
  D:00A0H         PUBLIC        P2
  D:00A8H         PUBLIC        IE
  D:00B8H         PUBLIC        IP
  D:00D8H         PUBLIC        CCON
  C:1A57H         PUBLIC        scan
  D:0098H         PUBLIC        SCON
  D:0088H         PUBLIC        TCON
  C:2023H         PUBLIC        dis
  B:00A0H.0       PUBLIC        LE1
  B:00A0H.1       PUBLIC        LE2
  X:00C0H         PUBLIC        wei
  D:00D0H         PUBLIC        PSW
  -------         PROC          SCAN
  -------         DO            
  X:00BFH         SYMBOL        i
  -------         ENDDO         
  C:1A57H         LINE#         22
  C:1A57H         LINE#         23
  C:1A57H         LINE#         26
  C:1A5FH         LINE#         27
  C:1A61H         LINE#         28
  C:1A63H         LINE#         29
  C:1A67H         LINE#         31
  C:1A71H         LINE#         32
  C:1A73H         LINE#         33
  C:1A75H         LINE#         34
  C:1A7BH         LINE#         35
  C:1A82H         LINE#         37
  C:1A8EH         LINE#         39
  -------         ENDPROC       SCAN
  -------         ENDMOD        DIGITAL_TUBE

  -------         MODULE        DS18B20
  C:0000H         SYMBOL        _ICE_DUMMY_
  D:0090H         PUBLIC        P1
  C:1B94H         PUBLIC        DS18B20_Reset
  D:00A8H         PUBLIC        IE
  B:0090H.7       PUBLIC        DQ
  C:205DH         PUBLIC        DS18B20_Start
  D:00B8H         PUBLIC        IP
  C:17BEH         PUBLIC        DS18B20_ReadByte
  C:199FH         PUBLIC        DS18B20_End
  X:008AH         PUBLIC        TP
  D:00D8H         PUBLIC        CCON
  C:184CH         PUBLIC        _DS18B20_WriteByte
  D:0098H         PUBLIC        SCON
  D:0088H         PUBLIC        TCON
  X:008EH         PUBLIC        TPH
  X:0090H         PUBLIC        TPL
  D:00D0H         PUBLIC        PSW
  -------         PROC          DS18B20_RESET
  -------         DO            
  X:00D8H         SYMBOL        flag
  -------         ENDDO         
  C:1B94H         LINE#         20
BL51 BANKED LINKER/LOCATER V6.22.2.0                                                  06/11/2022  16:11:09  PAGE 13


  C:1B94H         LINE#         21
  C:1B94H         LINE#         24
  C:1B96H         LINE#         25
  C:1B9BH         LINE#         26
  C:1BA0H         LINE#         27
  C:1BA2H         LINE#         28
  C:1BA7H         LINE#         29
  C:1BADH         LINE#         30
  C:1BB4H         LINE#         32
  C:1BB9H         LINE#         33
  C:1BBEH         LINE#         34
  -------         ENDPROC       DS18B20_RESET
  -------         PROC          DS18B20_READBYTE
  -------         DO            
  X:00C1H         SYMBOL        i
  X:00C2H         SYMBOL        dat
  -------         ENDDO         
  C:17BEH         LINE#         43
  C:17BEH         LINE#         44
  C:17BEH         LINE#         46
  C:17C3H         LINE#         48
  C:17D4H         LINE#         49
  C:17D4H         LINE#         50
  C:17D6H         LINE#         51
  C:17DBH         LINE#         52
  C:17DDH         LINE#         53
  C:17E2H         LINE#         55
  C:17ECH         LINE#         56
  C:17F3H         LINE#         57
  C:17F8H         LINE#         58
  C:1800H         LINE#         60
  C:1805H         LINE#         61
  -------         ENDPROC       DS18B20_READBYTE
  -------         PROC          _DS18B20_WRITEBYTE
  X:00C3H         SYMBOL        dat
  -------         DO            
  X:00C4H         SYMBOL        i
  -------         ENDDO         
  C:184CH         LINE#         69
  C:1851H         LINE#         70
  C:1851H         LINE#         73
  C:1868H         LINE#         74
  C:1868H         LINE#         75
  C:186AH         LINE#         76
  C:186FH         LINE#         77
  C:1876H         LINE#         78
  C:187BH         LINE#         79
  C:187DH         LINE#         80
  C:1882H         LINE#         81
  C:1889H         LINE#         82
  C:188FH         LINE#         83
  -------         ENDPROC       _DS18B20_WRITEBYTE
  -------         PROC          DS18B20_START
  C:205DH         LINE#         91
  C:205DH         LINE#         92
  C:205DH         LINE#         93
  C:2060H         LINE#         94
BL51 BANKED LINKER/LOCATER V6.22.2.0                                                  06/11/2022  16:11:09  PAGE 14


  C:2065H         LINE#         95
  -------         ENDPROC       DS18B20_START
  -------         PROC          DS18B20_END
  C:199FH         LINE#         105
  C:199FH         LINE#         106
  C:199FH         LINE#         107
  C:19A2H         LINE#         108
  C:19A7H         LINE#         109
  C:19ACH         LINE#         110
  C:19B7H         LINE#         111
  C:19C2H         LINE#         113
  -------         ENDPROC       DS18B20_END
  -------         ENDMOD        DS18B20

  -------         MODULE        DS1302
  C:0000H         SYMBOL        _ICE_DUMMY_
  C:0D7DH         PUBLIC        GetDS1302
  D:0090H         PUBLIC        P1
  D:00A8H         PUBLIC        IE
  X:0069H         PUBLIC        dtime
  D:00B8H         PUBLIC        IP
  D:00D8H         PUBLIC        CCON
  C:1E03H         PUBLIC        DS1302_RByte
  C:1DC3H         PUBLIC        _DS1302_WByte
  C:206AH         PUBLIC        _DS1302_Rdata
  X:0077H         PUBLIC        TIME
  C:2036H         PUBLIC        _DS1302_Wdata
  D:0098H         PUBLIC        SCON
  D:0088H         PUBLIC        TCON
  B:0090H.7       PUBLIC        DS1302_RST
  B:0090H.6       PUBLIC        DS1302_IO
  B:0090H.5       PUBLIC        DS1302_SCLK
  C:16E3H         PUBLIC        InitDS1302
  D:00D0H         PUBLIC        PSW
  -------         PROC          L?0015
  -------         ENDPROC       L?0015
  -------         PROC          _DS1302_WBYTE
  D:0007H         SYMBOL        ndata
  -------         DO            
  D:0006H         SYMBOL        i
  -------         ENDDO         
  C:1DC3H         LINE#         37
  C:1DC3H         LINE#         38
  C:1DC3H         LINE#         40
  C:1DCFH         LINE#         41
  C:1DCFH         LINE#         42
  C:1DD3H         LINE#         43
  C:1DD5H         LINE#         44
  C:1DD6H         LINE#         45
  C:1DD8H         LINE#         46
  C:1DDCH         LINE#         47
  C:1DDFH         LINE#         48
  -------         ENDPROC       _DS1302_WBYTE
  -------         PROC          DS1302_RBYTE
  -------         DO            
  D:0006H         SYMBOL        i
  D:0007H         SYMBOL        ndata
BL51 BANKED LINKER/LOCATER V6.22.2.0                                                  06/11/2022  16:11:09  PAGE 15


  -------         ENDDO         
  C:1E03H         LINE#         55
  C:1E03H         LINE#         56
  C:1E03H         LINE#         58
  C:1E05H         LINE#         59
  C:1E11H         LINE#         60
  C:1E11H         LINE#         61
  C:1E13H         LINE#         62
  C:1E16H         LINE#         63
  C:1E1CH         LINE#         64
  C:1E1EH         LINE#         65
  C:1E1FH         LINE#         66
  C:1E21H         LINE#         68
  C:1E24H         LINE#         69
  C:1E24H         LINE#         70
  -------         ENDPROC       DS1302_RBYTE
  -------         PROC          L?0014
  -------         ENDPROC       L?0014
  -------         PROC          _DS1302_WDATA
  D:0007H         SYMBOL        nAddr
  D:0005H         SYMBOL        ndata
  C:2036H         LINE#         77
  C:2036H         LINE#         78
  C:2036H         LINE#         79
  C:2036H         LINE#         80
  C:2036H         LINE#         81
  C:2036H         LINE#         82
  C:2039H         LINE#         83
  C:203EH         LINE#         84
  C:2040H         LINE#         85
  C:2042H         LINE#         86
  -------         ENDPROC       _DS1302_WDATA
  -------         PROC          _DS1302_RDATA
  D:0007H         SYMBOL        nAddr
  -------         DO            
  D:0007H         SYMBOL        ndata
  -------         ENDDO         
  C:206AH         LINE#         93
  C:206AH         LINE#         94
  C:206AH         LINE#         96
  C:206AH         LINE#         97
  C:206AH         LINE#         98
  C:206AH         LINE#         99
  C:206DH         LINE#         100
  C:2070H         LINE#         101
  C:2072H         LINE#         102
  C:2074H         LINE#         103
  C:2074H         LINE#         104
  -------         ENDPROC       _DS1302_RDATA
  -------         PROC          INITDS1302
  C:16E3H         LINE#         111
  C:16E3H         LINE#         112
  C:16E3H         LINE#         113
  C:16EAH         LINE#         114
  C:16F1H         LINE#         122
  C:16FBH         LINE#         123
  C:1700H         LINE#         124
BL51 BANKED LINKER/LOCATER V6.22.2.0                                                  06/11/2022  16:11:09  PAGE 16


  C:1705H         LINE#         125
  C:170DH         LINE#         126
  C:1715H         LINE#         127
  C:171DH         LINE#         128
  C:1725H         LINE#         130
  -------         ENDPROC       INITDS1302
  -------         PROC          GETDS1302
  C:0D7DH         LINE#         138
  C:0D7DH         LINE#         139
  C:0D7DH         LINE#         140
  C:0D87H         LINE#         141
  C:0D92H         LINE#         142
  C:0D99H         LINE#         144
  C:0DA3H         LINE#         145
  C:0DAEH         LINE#         146
  C:0DB5H         LINE#         148
  C:0DBFH         LINE#         149
  C:0DCAH         LINE#         150
  C:0DD1H         LINE#         152
  C:0DDBH         LINE#         153
  C:0DE6H         LINE#         154
  C:0DEDH         LINE#         156
  C:0DF7H         LINE#         157
  C:0E02H         LINE#         158
  C:0E09H         LINE#         160
  C:0E13H         LINE#         161
  C:0E1EH         LINE#         162
  C:0E25H         LINE#         164
  C:0E2FH         LINE#         165
  C:0E3AH         LINE#         166
  C:0E41H         LINE#         167
  -------         ENDPROC       GETDS1302
  -------         ENDMOD        DS1302

  -------         MODULE        INT_IT
  C:0000H         SYMBOL        _ICE_DUMMY_
  D:00A8H         PUBLIC        IE
  D:00B8H         PUBLIC        IP
  D:00D8H         PUBLIC        CCON
  D:0098H         PUBLIC        SCON
  D:0088H         PUBLIC        TCON
  C:0006H         PUBLIC        Int0
  C:0007H         PUBLIC        Int1
  D:00D0H         PUBLIC        PSW
  -------         PROC          INT0
  C:0006H         LINE#         28
  C:0006H         LINE#         31
  -------         ENDPROC       INT0
  -------         PROC          INT1
  C:0007H         LINE#         36
  C:0007H         LINE#         39
  -------         ENDPROC       INT1
  -------         ENDMOD        INT_IT

  -------         MODULE        IO_EXPAND
  C:0000H         SYMBOL        _ICE_DUMMY_
  D:0090H         PUBLIC        P1
BL51 BANKED LINKER/LOCATER V6.22.2.0                                                  06/11/2022  16:11:09  PAGE 17


  D:00A8H         PUBLIC        IE
  B:0090H.5       PUBLIC        SH_CP
  B:0090H.7       PUBLIC        DS
  D:00B8H         PUBLIC        IP
  B:0090H.6       PUBLIC        ST_CP
  B:0090H.3       PUBLIC        HC138_EN
  D:00D8H         PUBLIC        CCON
  C:1D98H         PUBLIC        _wbyte_138
  C:1C4EH         PUBLIC        _wbyte_595
  D:0098H         PUBLIC        SCON
  D:0088H         PUBLIC        TCON
  B:0090H.0       PUBLIC        HC138_A
  B:0090H.1       PUBLIC        HC138_B
  B:0090H.2       PUBLIC        HC138_C
  D:00D0H         PUBLIC        PSW
  -------         PROC          _WBYTE_595
  D:0007H         SYMBOL        temp
  -------         DO            
  D:0006H         SYMBOL        i
  -------         ENDDO         
  C:1C4EH         LINE#         10
  C:1C4EH         LINE#         11
  C:1C4EH         LINE#         13
  C:1C50H         LINE#         14
  C:1C5CH         LINE#         15
  C:1C5CH         LINE#         16
  C:1C5EH         LINE#         17
  C:1C67H         LINE#         18
  C:1C69H         LINE#         19
  C:1C6BH         LINE#         20
  C:1C6FH         LINE#         21
  C:1C72H         LINE#         22
  C:1C74H         LINE#         23
  -------         ENDPROC       _WBYTE_595
  -------         PROC          _WBYTE_138
  D:0007H         SYMBOL        temp
  C:1D98H         LINE#         30
  C:1D98H         LINE#         31
  C:1D98H         LINE#         32
  C:1DA2H         LINE#         33
  C:1DA5H         LINE#         35
  C:1DA5H         LINE#         37
  C:1DA7H         LINE#         38
  C:1DACH         LINE#         39
  C:1DB3H         LINE#         40
  C:1DBCH         LINE#         42
  -------         ENDPROC       _WBYTE_138
  -------         ENDMOD        IO_EXPAND

  -------         MODULE        LCD1602
  C:0000H         SYMBOL        _ICE_DUMMY_
  D:0080H         PUBLIC        P0
  D:00A0H         PUBLIC        P2
  D:00A8H         PUBLIC        IE
  C:1DE0H         PUBLIC        Check_1602_Busy
  C:1F39H         PUBLIC        _Write_1602_String
  C:1F81H         PUBLIC        _Write_1602_Data
BL51 BANKED LINKER/LOCATER V6.22.2.0                                                  06/11/2022  16:11:09  PAGE 18


  D:00B8H         PUBLIC        IP
  C:0E42H         PUBLIC        _Write_Num
  D:00D8H         PUBLIC        CCON
  C:1D7BH         PUBLIC        _LCD_Delay
  D:0098H         PUBLIC        SCON
  D:0088H         PUBLIC        TCON
  C:1FDFH         PUBLIC        _Write_1602_Com
  B:00A0H.3       PUBLIC        EN_1602
  B:00A0H.5       PUBLIC        RS_1602
  B:00A0H.4       PUBLIC        RW_1602
  C:1F02H         PUBLIC        LCD_1602_Init
  D:00D0H         PUBLIC        PSW
  -------         PROC          L?0034
  -------         ENDPROC       L?0034
  -------         PROC          _LCD_DELAY
  D:0007H         SYMBOL        z
  -------         DO            
  D:0007H         SYMBOL        x
  D:0006H         SYMBOL        y
  -------         ENDDO         
  C:1D7BH         LINE#         13
  C:1D7BH         LINE#         14
  C:1D7BH         LINE#         16
  C:1D85H         LINE#         17
  C:1D97H         LINE#         18
  -------         ENDPROC       _LCD_DELAY
  -------         PROC          CHECK_1602_BUSY
  -------         DO            
  D:0006H         SYMBOL        time
  -------         ENDDO         
  C:1DE0H         LINE#         27
  C:1DE0H         LINE#         28
  C:1DE0H         LINE#         29
  C:1DE3H         LINE#         30
  C:1DE5H         LINE#         31
  C:1DE7H         LINE#         32
  C:1DE9H         LINE#         33
  C:1DEFH         LINE#         34
  C:1DEFH         LINE#         35
  C:1DF4H         LINE#         36
  C:1E00H         LINE#         37
  C:1E00H         LINE#         38
  C:1E02H         LINE#         39
  -------         ENDPROC       CHECK_1602_BUSY
  -------         PROC          _WRITE_1602_COM
  D:0005H         SYMBOL        zhiling
  C:1FDFH         LINE#         47
  C:1FE1H         LINE#         48
  C:1FE1H         LINE#         49
  C:1FE4H         LINE#         50
  C:1FE6H         LINE#         51
  C:1FE6H         LINE#         52
  C:1FE6H         LINE#         53
  C:1FE6H         LINE#         54
  C:1FE9H         LINE#         55
  C:1FEBH         LINE#         56
  -------         ENDPROC       _WRITE_1602_COM
BL51 BANKED LINKER/LOCATER V6.22.2.0                                                  06/11/2022  16:11:09  PAGE 19


  C:1F7DH         SYMBOL        L?0033
  -------         PROC          L?0032
  -------         ENDPROC       L?0032
  C:1F7DH         SYMBOL        L?0033
  -------         PROC          _WRITE_1602_DATA
  D:0005H         SYMBOL        shuju
  C:1F81H         LINE#         67
  C:1F83H         LINE#         68
  C:1F83H         LINE#         69
  C:1F86H         LINE#         70
  C:1F88H         LINE#         71
  C:1F88H         LINE#         72
  C:1F88H         LINE#         73
  C:1F88H         LINE#         74
  C:1F8BH         LINE#         75
  C:1F8DH         LINE#         76
  -------         ENDPROC       _WRITE_1602_DATA
  -------         PROC          _WRITE_1602_STRING
  D:0001H         SYMBOL        str
  D:0005H         SYMBOL        addr
  C:1F39H         LINE#         87
  C:1F39H         LINE#         88
  C:1F39H         LINE#         89
  C:1F3EH         LINE#         90
  C:1F44H         LINE#         91
  C:1F44H         LINE#         92
  C:1F47H         LINE#         93
  C:1F4EH         LINE#         94
  C:1F50H         LINE#         95
  -------         ENDPROC       _WRITE_1602_STRING
  -------         PROC          _WRITE_NUM
  D:0002H         SYMBOL        number
  D:0005H         SYMBOL        addr
  C:0E42H         LINE#         104
  C:0E46H         LINE#         105
  C:0E46H         LINE#         106
  C:0E4BH         LINE#         107
  C:0E5AH         LINE#         108
  C:0E5AH         LINE#         109
  C:0E5DH         LINE#         110
  C:0E75H         LINE#         111
  C:0E75H         LINE#         112
  C:0E75H         LINE#         113
  C:0E75H         LINE#         114
  C:0E77H         LINE#         115
  C:0E86H         LINE#         116
  C:0E86H         LINE#         117
  C:0E89H         LINE#         118
  C:0EA1H         LINE#         119
  C:0EA1H         LINE#         120
  C:0EA1H         LINE#         121
  C:0EA3H         LINE#         122
  C:0EB2H         LINE#         123
  C:0EB2H         LINE#         124
  C:0EB5H         LINE#         125
  C:0ED0H         LINE#         126
  C:0EDCH         LINE#         127
BL51 BANKED LINKER/LOCATER V6.22.2.0                                                  06/11/2022  16:11:09  PAGE 20


  C:0EDEH         LINE#         128
  C:0EEDH         LINE#         129
  C:0EEDH         LINE#         130
  C:0EF0H         LINE#         131
  C:0EFCH         LINE#         132
  C:0EFEH         LINE#         133
  C:0F05H         LINE#         134
  -------         ENDPROC       _WRITE_NUM
  -------         PROC          LCD_1602_INIT
  C:1F02H         LINE#         143
  C:1F02H         LINE#         144
  C:1F02H         LINE#         145
  C:1F07H         LINE#         147
  C:1F0CH         LINE#         149
  C:1F11H         LINE#         151
  C:1F16H         LINE#         152
  C:1F1BH         LINE#         153
  -------         ENDPROC       LCD_1602_INIT
  -------         ENDMOD        LCD1602

  -------         MODULE        PARALLEL_12864
  C:0000H         SYMBOL        _ICE_DUMMY_
  C:099DH         PUBLIC        _img_displeft
  D:0080H         PUBLIC        P0
  C:0BD2H         PUBLIC        _Set_12864_Point
  D:00A0H         PUBLIC        P2
  B:00A0H.3       PUBLIC        CE
  D:00A8H         PUBLIC        IE
  D:00B8H         PUBLIC        IP
  C:112AH         PUBLIC        _PHO_Display
  D:00D8H         PUBLIC        CCON
  B:00A0H.5       PUBLIC        RS
  B:00A0H.4       PUBLIC        RW
  C:1EE3H         PUBLIC        LCD_12864_Init
  D:0098H         PUBLIC        SCON
  D:0088H         PUBLIC        TCON
  C:05DBH         PUBLIC        _LCD_12864_DrawLine
  C:1E25H         PUBLIC        addr_tab
  C:1603H         PUBLIC        Read_12864_Data
  C:148CH         PUBLIC        Check_12864_Busy
  C:124EH         PUBLIC        Clear_12864
  C:1B33H         PUBLIC        _Write_12864_String
  C:1435H         PUBLIC        _Write_12864_Data
  B:00A0H.2       PUBLIC        PSB
  B:00A0H.0       PUBLIC        RES
  C:0CABH         PUBLIC        _Num_Display
  C:1AFFH         PUBLIC        _Hanzi_Disp
  C:12E9H         PUBLIC        _Write_12864_Com
  D:00D0H         PUBLIC        PSW
  -------         PROC          CHECK_12864_BUSY
  -------         DO            
  X:004BH         SYMBOL        flag
  X:004CH         SYMBOL        i
  -------         ENDDO         
  C:148CH         LINE#         27
  C:148CH         LINE#         28
  C:148CH         LINE#         29
BL51 BANKED LINKER/LOCATER V6.22.2.0                                                  06/11/2022  16:11:09  PAGE 21


  C:1491H         LINE#         30
  C:1494H         LINE#         31
  C:1496H         LINE#         32
  C:1498H         LINE#         33
  C:149EH         LINE#         34
  C:149EH         LINE#         35
  C:14AAH         LINE#         36
  C:14AAH         LINE#         37
  C:14AFH         LINE#         38
  C:14B1H         LINE#         39
  C:14B3H         LINE#         40
  C:14C2H         LINE#         41
  C:14C2H         LINE#         42
  C:14C7H         LINE#         43
  C:14C9H         LINE#         44
  C:14D5H         LINE#         45
  C:14DBH         LINE#         46
  C:14EAH         LINE#         47
  C:14EAH         LINE#         48
  C:14EFH         LINE#         49
  C:14F1H         LINE#         50
  C:14F3H         LINE#         51
  C:14F5H         LINE#         52
  -------         ENDPROC       CHECK_12864_BUSY
  C:1431H         SYMBOL        L?0119
  -------         PROC          L?0118
  -------         ENDPROC       L?0118
  C:1431H         SYMBOL        L?0119
  -------         PROC          _WRITE_12864_DATA
  X:0049H         SYMBOL        date
  -------         DO            
  X:004AH         SYMBOL        i
  -------         ENDDO         
  C:1435H         LINE#         60
  C:143AH         LINE#         61
  C:143AH         LINE#         63
  C:143DH         LINE#         64
  C:143FH         LINE#         65
  C:1441H         LINE#         66
  C:1450H         LINE#         67
  C:1450H         LINE#         68
  C:1455H         LINE#         69
  C:1457H         LINE#         70
  C:1459H         LINE#         71
  C:1468H         LINE#         72
  C:1468H         LINE#         73
  C:146DH         LINE#         74
  C:146FH         LINE#         75
  C:1475H         LINE#         76
  C:1482H         LINE#         77
  C:1482H         LINE#         78
  C:1487H         LINE#         79
  C:1489H         LINE#         80
  C:148BH         LINE#         81
  -------         ENDPROC       _WRITE_12864_DATA
  -------         PROC          READ_12864_DATA
  -------         DO            
BL51 BANKED LINKER/LOCATER V6.22.2.0                                                  06/11/2022  16:11:09  PAGE 22


  X:00C5H         SYMBOL        date
  X:00C6H         SYMBOL        i
  -------         ENDDO         
  C:1603H         LINE#         89
  C:1603H         LINE#         90
  C:1603H         LINE#         92
  C:1606H         LINE#         93
  C:1609H         LINE#         94
  C:160BH         LINE#         95
  C:1610H         LINE#         96
  C:1616H         LINE#         97
  C:1618H         LINE#         98
  C:1625H         LINE#         99
  C:1625H         LINE#         100
  C:162AH         LINE#         101
  C:162CH         LINE#         102
  C:162EH         LINE#         103
  C:163DH         LINE#         104
  C:163DH         LINE#         105
  C:1642H         LINE#         106
  C:1644H         LINE#         107
  C:164AH         LINE#         108
  C:164CH         LINE#         109
  C:164EH         LINE#         110
  -------         ENDPROC       READ_12864_DATA
  -------         PROC          L?0117
  -------         ENDPROC       L?0117
  -------         PROC          _WRITE_12864_COM
  X:0049H         SYMBOL        commod
  -------         DO            
  X:004AH         SYMBOL        i
  -------         ENDDO         
  C:12E9H         LINE#         117
  C:12EEH         LINE#         118
  C:12EEH         LINE#         120
  C:12F1H         LINE#         121
  C:12F3H         LINE#         122
  C:12F5H         LINE#         123
  C:1304H         LINE#         124
  C:1304H         LINE#         125
  C:1309H         LINE#         126
  C:130BH         LINE#         127
  C:130DH         LINE#         128
  C:131CH         LINE#         129
  C:131CH         LINE#         130
  C:1321H         LINE#         131
  C:1323H         LINE#         132
  C:1329H         LINE#         133
  C:1336H         LINE#         134
  C:1336H         LINE#         135
  C:133BH         LINE#         136
  C:133DH         LINE#         137
  C:133FH         LINE#         138
  -------         ENDPROC       _WRITE_12864_COM
  -------         PROC          LCD_12864_INIT
  C:1EE3H         LINE#         146
  C:1EE3H         LINE#         147
BL51 BANKED LINKER/LOCATER V6.22.2.0                                                  06/11/2022  16:11:09  PAGE 23


  C:1EE3H         LINE#         148
  C:1EE5H         LINE#         149
  C:1EE7H         LINE#         150
  C:1EECH         LINE#         151
  C:1EEEH         LINE#         152
  C:1EF3H         LINE#         153
  C:1EF8H         LINE#         154
  C:1EFDH         LINE#         155
  -------         ENDPROC       LCD_12864_INIT
  -------         PROC          _WRITE_12864_STRING
  X:0045H         SYMBOL        str
  -------         DO            
  D:0001H         SYMBOL        p
  -------         ENDDO         
  C:1B33H         LINE#         167
  C:1B3EH         LINE#         168
  C:1B3EH         LINE#         170
  C:1B49H         LINE#         171
  C:1B4FH         LINE#         172
  C:1B4FH         LINE#         173
  C:1B52H         LINE#         174
  C:1B62H         LINE#         175
  C:1B64H         LINE#         176
  -------         ENDPROC       _WRITE_12864_STRING
  -------         PROC          _HANZI_DISP
  D:0007H         SYMBOL        x
  D:0005H         SYMBOL        y
  X:0045H         SYMBOL        s
  C:1AFFH         LINE#         185
  C:1B08H         LINE#         186
  C:1B08H         LINE#         187
  C:1B0BH         LINE#         188
  C:1B23H         LINE#         189
  C:1B23H         LINE#         190
  C:1B26H         LINE#         191
  C:1B30H         LINE#         192
  C:1B32H         LINE#         193
  -------         ENDPROC       _HANZI_DISP
  -------         PROC          _NUM_DISPLAY
  D:0007H         SYMBOL        x
  D:0005H         SYMBOL        y
  X:0045H         SYMBOL        number
  -------         DO            
  X:0047H         SYMBOL        i
  -------         ENDDO         
  C:0CABH         LINE#         200
  C:0CB3H         LINE#         201
  C:0CB3H         LINE#         202
  C:0CB9H         LINE#         203
  C:0CBCH         LINE#         204
  C:0CC9H         LINE#         205
  C:0CC9H         LINE#         206
  C:0CE4H         LINE#         207
  C:0CE4H         LINE#         208
  C:0CF4H         LINE#         209
  C:0CF6H         LINE#         211
  C:0D02H         LINE#         212
BL51 BANKED LINKER/LOCATER V6.22.2.0                                                  06/11/2022  16:11:09  PAGE 24


  C:0D02H         LINE#         213
  C:0D19H         LINE#         214
  C:0D19H         LINE#         215
  C:0D20H         LINE#         216
  C:0D4DH         LINE#         217
  C:0D62H         LINE#         218
  C:0D67H         LINE#         219
  C:0D67H         LINE#         220
  C:0D67H         LINE#         221
  C:0D67H         LINE#         222
  -------         ENDPROC       _NUM_DISPLAY
  -------         PROC          _PHO_DISPLAY
  X:0092H         SYMBOL        s
  -------         DO            
  X:0095H         SYMBOL        COUNT3
  X:0096H         SYMBOL        COUNT1
  X:0097H         SYMBOL        COUNT2
  X:0098H         SYMBOL        LCD_X
  X:0099H         SYMBOL        LCD_Y
  -------         ENDDO         
  C:112AH         LINE#         232
  C:1135H         LINE#         233
  C:1135H         LINE#         234
  C:113FH         LINE#         236
  C:1145H         LINE#         237
  C:1145H         LINE#         238
  C:114BH         LINE#         239
  C:1151H         LINE#         240
  C:1157H         LINE#         241
  C:1157H         LINE#         243
  C:115DH         LINE#         244
  C:1162H         LINE#         245
  C:116AH         LINE#         246
  C:1172H         LINE#         247
  C:1177H         LINE#         248
  C:117DH         LINE#         249
  C:117DH         LINE#         250
  C:1194H         LINE#         251
  C:119CH         LINE#         252
  C:11A2H         LINE#         253
  C:11AAH         LINE#         254
  C:11B0H         LINE#         255
  C:11B8H         LINE#         256
  C:11BDH         LINE#         257
  -------         ENDPROC       _PHO_DISPLAY
  -------         PROC          _IMG_DISPLEFT
  X:009AH         SYMBOL        img
  -------         DO            
  X:009DH         SYMBOL        i
  X:009EH         SYMBOL        j
  X:009FH         SYMBOL        m
  X:00A0H         SYMBOL        n
  -------         ENDDO         
  C:099DH         LINE#         260
  C:09A8H         LINE#         261
  C:09A8H         LINE#         263
  C:09BDH         LINE#         264
BL51 BANKED LINKER/LOCATER V6.22.2.0                                                  06/11/2022  16:11:09  PAGE 25


  C:09BDH         LINE#         265
  C:09CFH         LINE#         266
  C:09CFH         LINE#         267
  C:09D4H         LINE#         268
  C:09DEH         LINE#         269
  C:09E8H         LINE#         270
  C:09EDH         LINE#         271
  C:0A18H         LINE#         272
  C:0A37H         LINE#         273
  C:0A40H         LINE#         274
  C:0A49H         LINE#         275
  C:0A5EH         LINE#         276
  C:0A5EH         LINE#         277
  C:0A70H         LINE#         278
  C:0A70H         LINE#         279
  C:0A75H         LINE#         280
  C:0A7FH         LINE#         281
  C:0A89H         LINE#         282
  C:0A8EH         LINE#         283
  C:0AC0H         LINE#         284
  C:0ADFH         LINE#         285
  C:0AE8H         LINE#         286
  C:0AF1H         LINE#         287
  -------         ENDPROC       _IMG_DISPLEFT
  -------         PROC          CLEAR_12864
  -------         DO            
  X:00A7H         SYMBOL        COUNT3
  X:00A8H         SYMBOL        COUNT1
  X:00A9H         SYMBOL        COUNT2
  X:00AAH         SYMBOL        LCD_X
  X:00ABH         SYMBOL        LCD_Y
  -------         ENDDO         
  C:124EH         LINE#         295
  C:124EH         LINE#         296
  C:124EH         LINE#         297
  C:125AH         LINE#         299
  C:1260H         LINE#         300
  C:1260H         LINE#         301
  C:1266H         LINE#         302
  C:126CH         LINE#         303
  C:1272H         LINE#         304
  C:1272H         LINE#         305
  C:1278H         LINE#         306
  C:127DH         LINE#         307
  C:1285H         LINE#         308
  C:128DH         LINE#         309
  C:1292H         LINE#         310
  C:1298H         LINE#         311
  C:1298H         LINE#         312
  C:129DH         LINE#         313
  C:12A5H         LINE#         314
  C:12ABH         LINE#         315
  C:12B3H         LINE#         316
  C:12B9H         LINE#         317
  C:12C1H         LINE#         318
  C:12C6H         LINE#         319
  -------         ENDPROC       CLEAR_12864
BL51 BANKED LINKER/LOCATER V6.22.2.0                                                  06/11/2022  16:11:09  PAGE 26


  -------         PROC          _SET_12864_POINT
  D:0007H         SYMBOL        x
  D:0005H         SYMBOL        y
  -------         DO            
  X:00A1H         SYMBOL        x_byte
  X:00A2H         SYMBOL        x_bit
  X:00A3H         SYMBOL        y_byte
  X:00A4H         SYMBOL        y_bit
  X:00A5H         SYMBOL        date1
  X:00A6H         SYMBOL        date2
  -------         ENDDO         
  C:0BD2H         LINE#         327
  C:0BD2H         LINE#         328
  C:0BD2H         LINE#         331
  C:0BD6H         LINE#         332
  C:0BDAH         LINE#         334
  C:0BE2H         LINE#         335
  C:0BE7H         LINE#         337
  C:0BEEH         LINE#         338
  C:0BF5H         LINE#         340
  C:0BFAH         LINE#         341
  C:0C04H         LINE#         342
  C:0C18H         LINE#         344
  C:0C1BH         LINE#         345
  C:0C23H         LINE#         346
  C:0C2BH         LINE#         347
  C:0C30H         LINE#         348
  C:0C3AH         LINE#         349
  C:0C4EH         LINE#         350
  C:0C5CH         LINE#         351
  C:0C5CH         LINE#         352
  C:0C75H         LINE#         353
  C:0C79H         LINE#         354
  C:0C7BH         LINE#         356
  C:0C7BH         LINE#         357
  C:0C83H         LINE#         358
  C:0CA1H         LINE#         359
  C:0CA1H         LINE#         360
  C:0CA6H         LINE#         361
  -------         ENDPROC       _SET_12864_POINT
  -------         PROC          _LCD_12864_DRAWLINE
  X:004DH         SYMBOL        x1
  X:004FH         SYMBOL        y1
  D:0002H         SYMBOL        x2
  X:0053H         SYMBOL        y2
  -------         DO            
  X:0055H         SYMBOL        t
  X:0057H         SYMBOL        xerr
  X:0059H         SYMBOL        yerr
  X:005BH         SYMBOL        delta_x
  X:005DH         SYMBOL        delta_y
  X:005FH         SYMBOL        distance
  X:0061H         SYMBOL        incx
  X:0063H         SYMBOL        incy
  X:0065H         SYMBOL        uRow
  X:0067H         SYMBOL        uCol
  -------         ENDDO         
BL51 BANKED LINKER/LOCATER V6.22.2.0                                                  06/11/2022  16:11:09  PAGE 27


  C:05DBH         LINE#         373
  C:05E9H         LINE#         374
  C:05E9H         LINE#         376
  C:05F4H         LINE#         379
  C:0609H         LINE#         380
  C:0624H         LINE#         381
  C:0633H         LINE#         382
  C:0639H         LINE#         383
  C:0655H         LINE#         384
  C:0661H         LINE#         385
  C:0676H         LINE#         386
  C:0692H         LINE#         387
  C:069EH         LINE#         388
  C:06B3H         LINE#         389
  C:06D9H         LINE#         390
  C:06DEH         LINE#         391
  C:0703H         LINE#         392
  C:0703H         LINE#         393
  C:0710H         LINE#         394
  C:0724H         LINE#         395
  C:0738H         LINE#         396
  C:0754H         LINE#         397
  C:0754H         LINE#         398
  C:0760H         LINE#         399
  C:0774H         LINE#         400
  C:0774H         LINE#         401
  C:0790H         LINE#         402
  C:0790H         LINE#         403
  C:079CH         LINE#         404
  C:07B0H         LINE#         405
  C:07B0H         LINE#         406
  C:07C1H         LINE#         407
  -------         ENDPROC       _LCD_12864_DRAWLINE
  -------         ENDMOD        PARALLEL_12864

  -------         MODULE        PCF8591
  C:0000H         SYMBOL        _ICE_DUMMY_
  D:00A0H         PUBLIC        P2
  D:00A8H         PUBLIC        IE
  C:1F51H         PUBLIC        PCF8591_sendACK
  C:195CH         PUBLIC        PCF8591_receive_byte
  D:00B8H         PUBLIC        IP
  D:00D8H         PUBLIC        CCON
  D:0098H         PUBLIC        SCON
  D:0088H         PUBLIC        TCON
  C:1C7BH         PUBLIC        PCF8591_start
  B:00A0H.7       PUBLIC        PCF8591_sda
  C:1890H         PUBLIC        _PCF8591_send_byte
  B:00A0H.6       PUBLIC        PCF8591_scl
  C:1E45H         PUBLIC        _PCF8591_DAC
  C:1F92H         PUBLIC        PCF8591_stop
  C:1FF0H         PUBLIC        PCF8591_checkACK
  C:1A8FH         PUBLIC        _PCF8591_Read_AD
  D:00D0H         PUBLIC        PSW
  -------         PROC          PCF8591_START
  C:1C7BH         LINE#         12
  C:1C7BH         LINE#         13
BL51 BANKED LINKER/LOCATER V6.22.2.0                                                  06/11/2022  16:11:09  PAGE 28


  C:1C7BH         LINE#         14
  C:1C85H         LINE#         15
  C:1C8FH         LINE#         16
  C:1C99H         LINE#         17
  C:1CA3H         LINE#         18
  -------         ENDPROC       PCF8591_START
  -------         PROC          PCF8591_STOP
  C:1F92H         LINE#         23
  C:1F92H         LINE#         24
  C:1F92H         LINE#         25
  C:1F94H         LINE#         26
  C:1F99H         LINE#         27
  C:1F9BH         LINE#         28
  C:1FA0H         LINE#         29
  C:1FA2H         LINE#         30
  -------         ENDPROC       PCF8591_STOP
  -------         PROC          PCF8591_CHECKACK
  C:1FF0H         LINE#         35
  C:1FF0H         LINE#         36
  C:1FF0H         LINE#         37
  C:1FF2H         LINE#         38
  C:1FF7H         LINE#         39
  C:1FFAH         LINE#         40
  C:1FFCH         LINE#         41
  -------         ENDPROC       PCF8591_CHECKACK
  -------         PROC          PCF8591_SENDACK
  B:0020H.0       SYMBOL        ACK
  C:1F51H         LINE#         46
  C:1F51H         LINE#         47
  C:1F51H         LINE#         48
  C:1F58H         LINE#         49
  C:1F5AH         LINE#         50
  C:1F5CH         LINE#         51
  C:1F61H         LINE#         52
  C:1F63H         LINE#         53
  -------         ENDPROC       PCF8591_SENDACK
  -------         PROC          _PCF8591_SEND_BYTE
  D:0007H         SYMBOL        date
  -------         DO            
  X:00C7H         SYMBOL        i
  X:00C8H         SYMBOL        temp
  -------         ENDDO         
  C:1890H         LINE#         58
  C:1890H         LINE#         59
  C:1890H         LINE#         61
  C:1895H         LINE#         62
  C:18A7H         LINE#         63
  C:18A7H         LINE#         64
  C:18B0H         LINE#         65
  C:18B2H         LINE#         66
  C:18B3H         LINE#         67
  C:18B5H         LINE#         68
  C:18BAH         LINE#         70
  C:18BCH         LINE#         71
  C:18C1H         LINE#         73
  C:18C9H         LINE#         74
  C:18D1H         LINE#         75
BL51 BANKED LINKER/LOCATER V6.22.2.0                                                  06/11/2022  16:11:09  PAGE 29


  -------         ENDPROC       _PCF8591_SEND_BYTE
  -------         PROC          PCF8591_RECEIVE_BYTE
  -------         DO            
  X:00C9H         SYMBOL        i
  X:00CAH         SYMBOL        temp
  -------         ENDDO         
  C:195CH         LINE#         80
  C:195CH         LINE#         81
  C:195CH         LINE#         83
  C:195EH         LINE#         84
  C:195FH         LINE#         85
  C:1971H         LINE#         86
  C:1971H         LINE#         87
  C:1973H         LINE#         88
  C:1978H         LINE#         90
  C:1985H         LINE#         91
  C:1987H         LINE#         92
  C:198CH         LINE#         94
  C:1994H         LINE#         95
  C:1999H         LINE#         96
  C:199EH         LINE#         97
  -------         ENDPROC       PCF8591_RECEIVE_BYTE
  -------         PROC          _PCF8591_READ_AD
  X:00CBH         SYMBOL        chn
  -------         DO            
  X:00CCH         SYMBOL        ad_data
  -------         ENDDO         
  C:1A8FH         LINE#         101
  C:1A94H         LINE#         102
  C:1A94H         LINE#         104
  C:1A97H         LINE#         105
  C:1A9AH         LINE#         106
  C:1A9FH         LINE#         107
  C:1AA9H         LINE#         109
  C:1AACH         LINE#         110
  C:1AB1H         LINE#         112
  C:1AB9H         LINE#         113
  C:1ABEH         LINE#         114
  C:1AC1H         LINE#         115
  C:1AC6H         LINE#         116
  -------         ENDPROC       _PCF8591_READ_AD
  -------         PROC          _PCF8591_DAC
  X:00D9H         SYMBOL        v
  C:1E45H         LINE#         121
  C:1E4AH         LINE#         122
  C:1E4AH         LINE#         123
  C:1E4DH         LINE#         124
  C:1E50H         LINE#         125
  C:1E55H         LINE#         126
  C:1E5AH         LINE#         127
  C:1E62H         LINE#         128
  -------         ENDPROC       _PCF8591_DAC
  -------         ENDMOD        PCF8591

  -------         MODULE        PWM
  C:0000H         SYMBOL        _ICE_DUMMY_
  D:00F9H         PUBLIC        CH
BL51 BANKED LINKER/LOCATER V6.22.2.0                                                  06/11/2022  16:11:09  PAGE 30


  D:00A8H         PUBLIC        IE
  D:00E9H         PUBLIC        CL
  B:00D8H.6       PUBLIC        CR
  D:00DAH         PUBLIC        CCAPM0
  D:00B8H         PUBLIC        IP
  D:00D9H         PUBLIC        CMOD
  D:00D8H         PUBLIC        CCON
  D:0098H         PUBLIC        SCON
  D:0088H         PUBLIC        TCON
  D:00F2H         PUBLIC        PCA_PWM0
  C:1FCDH         PUBLIC        PCA_init
  D:00D0H         PUBLIC        PSW
  -------         PROC          PCA_INIT
  C:1FCDH         LINE#         19
  C:1FCDH         LINE#         20
  C:1FCDH         LINE#         21
  C:1FD0H         LINE#         25
  C:1FD3H         LINE#         28
  C:1FD5H         LINE#         29
  C:1FD7H         LINE#         31
  C:1FDAH         LINE#         32
  C:1FDCH         LINE#         33
  C:1FDEH         LINE#         37
  -------         ENDPROC       PCA_INIT
  -------         ENDMOD        PWM

  -------         MODULE        STEPPER_MOTOR
  C:0000H         SYMBOL        _ICE_DUMMY_
  B:00A0H.0       PUBLIC        MOTOA
  D:00A0H         PUBLIC        P2
  B:00A0H.1       PUBLIC        MOTOB
  B:00A0H.2       PUBLIC        MOTOC
  B:00A0H.3       PUBLIC        MOTOD
  D:00A8H         PUBLIC        IE
  D:00B8H         PUBLIC        IP
  C:13B3H         PUBLIC        _stepper_motor
  D:00D8H         PUBLIC        CCON
  D:0098H         PUBLIC        SCON
  D:0088H         PUBLIC        TCON
  D:00D0H         PUBLIC        PSW
  -------         PROC          _STEPPER_MOTOR
  D:0007H         SYMBOL        Dir
  -------         DO            
  X:00DAH         SYMBOL        phase
  -------         ENDDO         
  C:13B3H         LINE#         12
  C:13B3H         LINE#         13
  C:13B3H         LINE#         16
  C:13C4H         LINE#         17
  C:13C4H         LINE#         18
  C:13C4H         LINE#         19
  C:13C6H         LINE#         20
  C:13C8H         LINE#         21
  C:13C8H         LINE#         22
  C:13C8H         LINE#         23
  C:13CAH         LINE#         25
  C:13CAH         LINE#         26
BL51 BANKED LINKER/LOCATER V6.22.2.0                                                  06/11/2022  16:11:09  PAGE 31


  C:13CCH         LINE#         27
  C:13CEH         LINE#         28
  C:13D0H         LINE#         29
  C:13D2H         LINE#         30
  C:13D4H         LINE#         32
  C:13D4H         LINE#         33
  C:13D6H         LINE#         34
  C:13D8H         LINE#         35
  C:13DAH         LINE#         36
  C:13DCH         LINE#         37
  C:13DEH         LINE#         39
  C:13DEH         LINE#         40
  C:13E0H         LINE#         41
  C:13E2H         LINE#         42
  C:13E4H         LINE#         43
  C:13E6H         LINE#         44
  C:13E6H         LINE#         45
  C:13E6H         LINE#         47
  C:13EEH         LINE#         48
  C:13F6H         LINE#         49
  C:13FAH         LINE#         50
  C:1400H         LINE#         52
  C:140FH         LINE#         53
  C:1412H         LINE#         54
  C:141AH         LINE#         55
  C:1420H         LINE#         56
  -------         ENDPROC       _STEPPER_MOTOR
  -------         ENDMOD        STEPPER_MOTOR

  -------         MODULE        TIME
  C:0000H         SYMBOL        _ICE_DUMMY_
  B:00A8H.7       PUBLIC        EA
  C:2090H         PUBLIC        Timer0Interrupt
  C:2097H         PUBLIC        Timer1Interrupt
  D:00A8H         PUBLIC        IE
  D:00B8H         PUBLIC        IP
  D:00D8H         PUBLIC        CCON
  C:1FBAH         PUBLIC        Timer1_Init
  D:0098H         PUBLIC        SCON
  D:0089H         PUBLIC        TMOD
  D:0088H         PUBLIC        TCON
  B:00A8H.3       PUBLIC        ET1
  C:2001H         PUBLIC        Timer0_init
  D:008CH         PUBLIC        TH0
  D:008AH         PUBLIC        TL0
  B:0088H.4       PUBLIC        TR0
  B:0088H.6       PUBLIC        TR1
  D:00D0H         PUBLIC        PSW
  -------         PROC          TIMER0_INIT
  C:2001H         LINE#         16
  C:2001H         LINE#         17
  C:2001H         LINE#         19
  C:2004H         LINE#         20
  C:2007H         LINE#         21
  C:200AH         LINE#         22
  C:200DH         LINE#         23
  C:200FH         LINE#         24
BL51 BANKED LINKER/LOCATER V6.22.2.0                                                  06/11/2022  16:11:09  PAGE 32


  C:2011H         LINE#         25
  -------         ENDPROC       TIMER0_INIT
  -------         PROC          TIMER1_INIT
  C:1FBAH         LINE#         31
  C:1FBAH         LINE#         32
  C:1FBAH         LINE#         34
  C:1FBDH         LINE#         35
  C:1FC0H         LINE#         37
  C:1FC3H         LINE#         38
  C:1FC6H         LINE#         41
  C:1FC8H         LINE#         42
  C:1FCAH         LINE#         43
  C:1FCCH         LINE#         44
  -------         ENDPROC       TIMER1_INIT
  -------         PROC          TIMER0INTERRUPT
  C:2090H         LINE#         51
  C:2090H         LINE#         53
  C:2093H         LINE#         54
  C:2096H         LINE#         56
  -------         ENDPROC       TIMER0INTERRUPT
  -------         PROC          TIMER1INTERRUPT
  C:2097H         LINE#         58
  C:2097H         LINE#         60
  C:209AH         LINE#         61
  C:209DH         LINE#         63
  -------         ENDPROC       TIMER1INTERRUPT
  -------         ENDMOD        TIME

  -------         MODULE        USART
  C:0000H         SYMBOL        _ICE_DUMMY_
  C:2080H         PUBLIC        _Send_Byte
  X:007EH         PUBLIC        data_length
  B:00A8H.7       PUBLIC        EA
  C:1F20H         PUBLIC        USART_Init
  D:00A8H         PUBLIC        IE
  B:00A8H.4       PUBLIC        ES
  D:00B8H         PUBLIC        IP
  B:0098H.0       PUBLIC        RI
  X:007FH         PUBLIC        flag
  B:0098H.1       PUBLIC        TI
  D:00D8H         PUBLIC        CCON
  D:0099H         PUBLIC        SBUF
  D:0087H         PUBLIC        PCON
  D:0098H         PUBLIC        SCON
  D:0089H         PUBLIC        TMOD
  D:0088H         PUBLIC        TCON
  C:2088H         PUBLIC        Uart_Receive_Byte
  D:008EH         PUBLIC        AUXR
  C:155EH         PUBLIC        USART_Interrupt
  D:008DH         PUBLIC        TH1
  D:008BH         PUBLIC        TL1
  B:0088H.6       PUBLIC        TR1
  C:1BF2H         PUBLIC        _Send_String
  X:0080H         PUBLIC        data_buffer
  D:00D0H         PUBLIC        PSW
  -------         PROC          USART_INIT
  C:1F20H         LINE#         26
BL51 BANKED LINKER/LOCATER V6.22.2.0                                                  06/11/2022  16:11:09  PAGE 33


  C:1F20H         LINE#         27
  C:1F20H         LINE#         28
  C:1F23H         LINE#         29
  C:1F26H         LINE#         30
  C:1F29H         LINE#         31
  C:1F2CH         LINE#         32
  C:1F2FH         LINE#         33
  C:1F32H         LINE#         34
  C:1F34H         LINE#         35
  C:1F36H         LINE#         36
  C:1F38H         LINE#         38
  -------         ENDPROC       USART_INIT
  -------         PROC          _SEND_BYTE
  D:0007H         SYMBOL        d
  C:2080H         LINE#         44
  C:2080H         LINE#         45
  C:2080H         LINE#         47
  C:2082H         LINE#         48
  C:2085H         LINE#         49
  C:2087H         LINE#         50
  -------         ENDPROC       _SEND_BYTE
  -------         PROC          _SEND_STRING
  X:00B9H         SYMBOL        str
  D:0004H         SYMBOL        length
  C:1BF2H         LINE#         57
  C:1BFDH         LINE#         58
  C:1BFDH         LINE#         59
  C:1C01H         LINE#         60
  C:1C01H         LINE#         61
  C:1C18H         LINE#         62
  C:1C1DH         LINE#         63
  C:1C1FH         LINE#         64
  -------         ENDPROC       _SEND_STRING
  -------         PROC          USART_INTERRUPT
  C:155EH         LINE#         71
  C:156BH         LINE#         73
  C:156DH         LINE#         74
  C:1570H         LINE#         75
  C:1570H         LINE#         76
  C:1572H         LINE#         77
  C:1586H         LINE#         78
  C:15A4H         LINE#         79
  C:15A4H         LINE#         80
  C:15A6H         LINE#         81
  -------         ENDPROC       USART_INTERRUPT
  -------         PROC          UART_RECEIVE_BYTE
  -------         DO            
  D:0007H         SYMBOL        dat
  -------         ENDDO         
  C:2088H         LINE#         84
  C:2088H         LINE#         85
  C:2088H         LINE#         87
  C:208BH         LINE#         88
  C:208DH         LINE#         89
  C:208FH         LINE#         90
  C:208FH         LINE#         91
  -------         ENDPROC       UART_RECEIVE_BYTE
BL51 BANKED LINKER/LOCATER V6.22.2.0                                                  06/11/2022  16:11:09  PAGE 34


  -------         ENDMOD        USART

  -------         MODULE        HX711
  C:0000H         SYMBOL        _ICE_DUMMY_
  D:0090H         PUBLIC        P1
  B:00A8H.7       PUBLIC        EA
  D:00A8H         PUBLIC        IE
  C:1075H         PUBLIC        HX711_Read
  D:00B8H         PUBLIC        IP
  X:00CDH         PUBLIC        GapValue
  D:00D8H         PUBLIC        CCON
  D:0098H         PUBLIC        SCON
  D:0088H         PUBLIC        TCON
  B:0090H.4       PUBLIC        HX711_DOUT
  C:2012H         PUBLIC        Delay__hx711_us
  D:00D0H         PUBLIC        PSW
  B:0090H.3       PUBLIC        HX711_SCK
  -------         PROC          DELAY__HX711_US
  C:2012H         LINE#         9
  C:2012H         LINE#         10
  C:2012H         LINE#         11
  C:2016H         LINE#         12
  C:201AH         LINE#         13
  C:201EH         LINE#         14
  C:2022H         LINE#         15
[...]
  C:1086H         LINE#         28
  C:1088H         LINE#         29
  C:108BH         LINE#         30
  C:108DH         LINE#         31
  C:1099H         LINE#         32
  C:1099H         LINE#         33
  C:109BH         LINE#         34
  C:10B4H         LINE#         35
  C:10B6H         LINE#         36
  C:10B9H         LINE#         37
  C:10D8H         LINE#         38
  C:10DBH         LINE#         39
  C:10DDH         LINE#         40
  C:10F6H         LINE#         41
  C:10F9H         LINE#         42
  C:10FBH         LINE#         43
  -------         ENDPROC       HX711_READ
  -------         ENDMOD        HX711

  -------         MODULE        AS608
BL51 BANKED LINKER/LOCATER V6.22.2.0                                                  06/11/2022  16:11:09  PAGE 35


  C:0000H         SYMBOL        _ICE_DUMMY_
  D:0090H         PUBLIC        P1
  D:00B0H         PUBLIC        P3
  B:0090H.4       PUBLIC        KEY_DOWN
  C:15C1H         PUBLIC        FPM10A_Get_Img
  C:1C20H         PUBLIC        _FPM10A_Receive_Data
  C:15F7H         PUBLIC        FPM10A_Delete_All_Model
  D:00A8H         PUBLIC        IE
  C:1AC7H         PUBLIC        Device_Check
  D:00B8H         PUBLIC        IP
  C:15E3H         PUBLIC        FPM10A_Img_To_Buffer1
  C:15EAH         PUBLIC        FPM10A_Img_To_Buffer2
  C:15C7H         PUBLIC        FPM10A_Get_Templete_Count
  C:1A1DH         PUBLIC        FPM10A_Cmd_Send_Pack_Head
  D:00D8H         PUBLIC        CCON
  C:1918H         PUBLIC        FPM10A_Delete_All_Fingerprint
  X:0000H         PUBLIC        finger_id
  C:0F06H         PUBLIC        _FPM10A_Cmd_Save_Finger
  D:0098H         PUBLIC        SCON
  D:0088H         PUBLIC        TCON
  X:0002H         PUBLIC        FPM10A_Save_Finger
  C:15BBH         PUBLIC        FPM10A_Pack_Head
  C:15B1H         PUBLIC        FPM10A_Get_Device
  C:18D4H         PUBLIC        FPM10A_Cmd_Check
  C:15CDH         PUBLIC        FPM10A_Search
  C:15FDH         SYMBOL        _?ix1000
  C:1600H         SYMBOL        _?ix1001
  C:1775H         PUBLIC        FINGERPRINT_Cmd_Delete_All_Model
  C:1D49H         PUBLIC        FPM10A_Cmd_Reg_Model
  C:1CF9H         PUBLIC        FINGERPRINT_Cmd_Img_To_Buffer1
  C:172CH         PUBLIC        FINGERPRINT_Cmd_Img_To_Buffer2
  C:15F1H         PUBLIC        FPM10A_Reg_Model
  C:1340H         PUBLIC        FPM10A_Find_Fingerprint
  C:0AF6H         PUBLIC        FPM10A_Add_Fingerprint
  B:0090H.5       PUBLIC        KEY_OK
  B:00B0H.7       PUBLIC        SRD
  C:15D8H         PUBLIC        FPM10A_Search_0_9
  B:0090H.6       PUBLIC        KEY_CANCEL
  C:1D21H         PUBLIC        FPM10A_Cmd_Search_Finger
  X:000BH         PUBLIC        FPM10A_RECEICE_BUFFER
  D:00D0H         PUBLIC        PSW
  C:1CD1H         PUBLIC        FPM10A_Cmd_Get_Img
  -------         PROC          FPM10A_CMD_SEND_PACK_HEAD
  -------         DO            
  X:00CFH         SYMBOL        i
  -------         ENDDO         
  C:1A1DH         LINE#         30
  C:1A1DH         LINE#         31
  C:1A1DH         LINE#         33
  C:1A36H         LINE#         34
  C:1A36H         LINE#         35
  C:1A46H         LINE#         36
  C:1A56H         LINE#         37
  -------         ENDPROC       FPM10A_CMD_SEND_PACK_HEAD
  -------         PROC          FPM10A_CMD_CHECK
  -------         DO            
  X:00D1H         SYMBOL        i
BL51 BANKED LINKER/LOCATER V6.22.2.0                                                  06/11/2022  16:11:09  PAGE 36


  -------         ENDDO         
  C:18D4H         LINE#         39
  C:18D4H         LINE#         40
  C:18D4H         LINE#         41
  C:18DBH         LINE#         42
  C:18DEH         LINE#         43
  C:18F7H         LINE#         44
  C:18F7H         LINE#         45
  C:1907H         LINE#         46
  C:1917H         LINE#         47
  -------         ENDPROC       FPM10A_CMD_CHECK
  -------         PROC          _FPM10A_RECEIVE_DATA
  X:00D3H         SYMBOL        ucLength
  -------         DO            
  X:00D4H         SYMBOL        i
  -------         ENDDO         
  C:1C20H         LINE#         49
  C:1C25H         LINE#         50
  C:1C25H         LINE#         53
  C:1C33H         LINE#         54
  C:1C4DH         LINE#         56
  -------         ENDPROC       _FPM10A_RECEIVE_DATA
  -------         PROC          FPM10A_CMD_GET_IMG
  -------         DO            
  X:00DBH         SYMBOL        i
  -------         ENDDO         
  C:1CD1H         LINE#         59
  C:1CD1H         LINE#         60
  C:1CD1H         LINE#         62
  C:1CD4H         LINE#         63
  C:1CE7H         LINE#         64
  C:1CE7H         LINE#         65
  C:1CF0H         LINE#         66
  C:1CF8H         LINE#         67
  -------         ENDPROC       FPM10A_CMD_GET_IMG
  -------         PROC          FINGERPRINT_CMD_IMG_TO_BUFFER1
  -------         DO            
  X:00DCH         SYMBOL        i
  -------         ENDDO         
  C:1CF9H         LINE#         69
  C:1CF9H         LINE#         70
  C:1CF9H         LINE#         72
  C:1CFCH         LINE#         73
  C:1D0FH         LINE#         74
  C:1D0FH         LINE#         75
  C:1D18H         LINE#         76
  C:1D20H         LINE#         77
  -------         ENDPROC       FINGERPRINT_CMD_IMG_TO_BUFFER1
  -------         PROC          FINGERPRINT_CMD_IMG_TO_BUFFER2
  -------         DO            
  X:00DDH         SYMBOL        i
  -------         ENDDO         
  C:172CH         LINE#         79
  C:172CH         LINE#         80
  C:172CH         LINE#         82
  C:173FH         LINE#         83
  C:173FH         LINE#         84
BL51 BANKED LINKER/LOCATER V6.22.2.0                                                  06/11/2022  16:11:09  PAGE 37


  C:1748H         LINE#         85
  C:1750H         LINE#         86
  C:1763H         LINE#         87
  C:1763H         LINE#         88
  C:176CH         LINE#         89
  C:1774H         LINE#         90
  -------         ENDPROC       FINGERPRINT_CMD_IMG_TO_BUFFER2
  -------         PROC          FPM10A_CMD_SEARCH_FINGER
  -------         DO            
  X:00DEH         SYMBOL        i
  -------         ENDDO         
  C:1D21H         LINE#         92
  C:1D21H         LINE#         93
  C:1D21H         LINE#         95
  C:1D24H         LINE#         96
  C:1D37H         LINE#         97
  C:1D37H         LINE#         98
  C:1D40H         LINE#         99
  C:1D48H         LINE#         100
  -------         ENDPROC       FPM10A_CMD_SEARCH_FINGER
  -------         PROC          FPM10A_CMD_REG_MODEL
  -------         DO            
  X:00DFH         SYMBOL        i
  -------         ENDDO         
  C:1D49H         LINE#         102
  C:1D49H         LINE#         103
  C:1D49H         LINE#         106
  C:1D4CH         LINE#         108
  C:1D5FH         LINE#         109
  C:1D5FH         LINE#         110
  C:1D68H         LINE#         111
  C:1D70H         LINE#         114
  -------         ENDPROC       FPM10A_CMD_REG_MODEL
  -------         PROC          FINGERPRINT_CMD_DELETE_ALL_MODEL
  -------         DO            
  X:00E0H         SYMBOL        i
  -------         ENDDO         
  C:1775H         LINE#         116
  C:1775H         LINE#         117
  C:1775H         LINE#         119
  C:1788H         LINE#         120
  C:1799H         LINE#         121
  C:17ACH         LINE#         122
  C:17ACH         LINE#         123
  C:17B5H         LINE#         124
  C:17BDH         LINE#         125
  -------         ENDPROC       FINGERPRINT_CMD_DELETE_ALL_MODEL
  -------         PROC          _FPM10A_CMD_SAVE_FINGER
  D:0002H         SYMBOL        storeID
  -------         DO            
  X:00ACH         SYMBOL        temp
  X:00B0H         SYMBOL        i
  -------         ENDDO         
  C:0F06H         LINE#         127
  C:0F0AH         LINE#         128
  C:0F0AH         LINE#         129
  C:0F14H         LINE#         131
BL51 BANKED LINKER/LOCATER V6.22.2.0                                                  06/11/2022  16:11:09  PAGE 38


  C:0F19H         LINE#         132
  C:0F1CH         LINE#         133
  C:0F2EH         LINE#         134
  C:0F67H         LINE#         135
  C:0F7EH         LINE#         136
  C:0F91H         LINE#         137
  C:0F94H         LINE#         138
  C:0FA7H         LINE#         139
  C:0FBEH         LINE#         140
  -------         ENDPROC       _FPM10A_CMD_SAVE_FINGER
  -------         PROC          FPM10A_ADD_FINGERPRINT
  -------         DO            
  X:00BCH         SYMBOL        id_show
  -------         ENDDO         
  C:0AF6H         LINE#         142
  C:0AF6H         LINE#         143
  C:0AF6H         LINE#         144
  C:0B09H         LINE#         146
  C:0B10H         LINE#         147
  C:0B10H         LINE#         148
  C:0B10H         LINE#         152
  C:0B13H         LINE#         153
  C:0B13H         LINE#         154
  C:0B1BH         LINE#         155
  C:0B1BH         LINE#         156
  C:0B1BH         LINE#         159
  C:0B1EH         LINE#         160
  C:0B1EH         LINE#         161
  C:0B21H         LINE#         162
  C:0B2DH         LINE#         163
  C:0B2DH         LINE#         164
  C:0B34H         LINE#         165
  C:0B36H         LINE#         167
  C:0B44H         LINE#         168
  C:0B44H         LINE#         177
  C:0B47H         LINE#         178
  C:0B47H         LINE#         179
  C:0B4AH         LINE#         182
  C:0B4DH         LINE#         183
  C:0B4DH         LINE#         185
  C:0B50H         LINE#         186
  C:0B50H         LINE#         187
  C:0B55H         LINE#         188
  C:0B55H         LINE#         189
  C:0B55H         LINE#         190
  C:0B58H         LINE#         191
  C:0B5DH         LINE#         193
  C:0B63H         LINE#         194
  C:0B63H         LINE#         195
  C:0B69H         LINE#         196
  C:0B6CH         LINE#         197
  C:0B71H         LINE#         200
  C:0B78H         LINE#         203
  C:0B78H         LINE#         204
  C:0B78H         LINE#         205
  C:0B7BH         LINE#         206
  C:0B7BH         LINE#         207
BL51 BANKED LINKER/LOCATER V6.22.2.0                                                  06/11/2022  16:11:09  PAGE 39


  C:0B80H         LINE#         208
  C:0B80H         LINE#         209
  C:0B80H         LINE#         210
  C:0B83H         LINE#         211
  C:0B88H         LINE#         213
  C:0B8EH         LINE#         214
  C:0B8EH         LINE#         215
  C:0B94H         LINE#         223
  C:0B97H         LINE#         224
  C:0B9CH         LINE#         225
  C:0B9FH         LINE#         226
  C:0BA4H         LINE#         227
  C:0BAFH         LINE#         228
  C:0BB4H         LINE#         229
  C:0BB9H         LINE#         230
  C:0BC0H         LINE#         231
  C:0BCEH         LINE#         232
  C:0BD1H         LINE#         233
  C:0BD1H         LINE#         234
  C:0BD1H         LINE#         236
  C:0BD1H         LINE#         237
  C:0BD1H         LINE#         238
  C:0BD1H         LINE#         240
  C:0BD1H         LINE#         242
  C:0BD1H         LINE#         243
  -------         ENDPROC       FPM10A_ADD_FINGERPRINT
  -------         PROC          FPM10A_FIND_FINGERPRINT
  -------         DO            
  X:00B1H         SYMBOL        find_fingerid
  X:00B3H         SYMBOL        id_show
  -------         ENDDO         
  C:1340H         LINE#         246
  C:1340H         LINE#         247
  C:1340H         LINE#         248
  C:1347H         LINE#         249
  C:1359H         LINE#         251
  C:1359H         LINE#         254
  C:135CH         LINE#         255
  C:1361H         LINE#         257
  C:1367H         LINE#         258
  C:1367H         LINE#         259
  C:136DH         LINE#         260
  C:1370H         LINE#         261
  C:1375H         LINE#         262
  C:1378H         LINE#         263
  C:137DH         LINE#         264
  C:1383H         LINE#         265
  C:1383H         LINE#         268
  C:1388H         LINE#         270
  C:139DH         LINE#         276
  C:139FH         LINE#         277
  C:13A6H         LINE#         278
  C:13A8H         LINE#         279
  C:13AAH         LINE#         281
  C:13AAH         LINE#         284
  C:13AFH         LINE#         285
  C:13AFH         LINE#         286
BL51 BANKED LINKER/LOCATER V6.22.2.0                                                  06/11/2022  16:11:09  PAGE 40


  C:13AFH         LINE#         287
  C:13B2H         LINE#         288
  -------         ENDPROC       FPM10A_FIND_FINGERPRINT
  -------         PROC          FPM10A_DELETE_ALL_FINGERPRINT
  -------         DO            
  X:00E1H         SYMBOL        i
  -------         ENDDO         
  C:1918H         LINE#         290
  C:1918H         LINE#         291
  C:1918H         LINE#         292
  C:191DH         LINE#         296
  C:191DH         LINE#         297
  C:1920H         LINE#         298
  C:1920H         LINE#         299
  C:1923H         LINE#         302
  C:192AH         LINE#         304
  C:193CH         LINE#         305
  C:193CH         LINE#         307
  C:1943H         LINE#         308
  C:194BH         LINE#         309
  C:194EH         LINE#         310
  C:1953H         LINE#         313
  C:1958H         LINE#         314
  C:1958H         LINE#         315
  C:1958H         LINE#         316
  C:195BH         LINE#         317
  -------         ENDPROC       FPM10A_DELETE_ALL_FINGERPRINT
  -------         PROC          DEVICE_CHECK
  -------         DO            
  X:00E2H         SYMBOL        i
  -------         ENDDO         
  C:1AC7H         LINE#         319
  C:1AC7H         LINE#         320
  C:1AC7H         LINE#         321
  C:1ACCH         LINE#         322
  C:1AD1H         LINE#         324
  C:1AE3H         LINE#         325
  C:1AE3H         LINE#         327
  C:1AEAH         LINE#         328
  C:1AF2H         LINE#         330
  C:1AF5H         LINE#         331
  C:1AFAH         LINE#         332
  C:1AFEH         LINE#         333
  C:1AFEH         LINE#         335
  C:1AFEH         LINE#         336
  -------         ENDPROC       DEVICE_CHECK
  -------         ENDMOD        AS608

  -------         MODULE        BUZZ
  C:0000H         SYMBOL        _ICE_DUMMY_
  D:0090H         PUBLIC        P1
  D:00A8H         PUBLIC        IE
  C:1BC3H         PUBLIC        _Buzz_Times
  D:00B8H         PUBLIC        IP
  D:00D8H         PUBLIC        CCON
  D:0098H         PUBLIC        SCON
  D:0088H         PUBLIC        TCON
BL51 BANKED LINKER/LOCATER V6.22.2.0                                                  06/11/2022  16:11:09  PAGE 41


  B:0090H.0       PUBLIC        buzz
  D:00D0H         PUBLIC        PSW
  -------         PROC          _BUZZ_TIMES
  X:00D5H         SYMBOL        times
  -------         DO            
  X:00D6H         SYMBOL        i
  -------         ENDDO         
  C:1BC3H         LINE#         4
  C:1BC8H         LINE#         5
  C:1BC8H         LINE#         6
  C:1BCBH         LINE#         7
  C:1BD7H         LINE#         8
  C:1BD7H         LINE#         9
  C:1BD9H         LINE#         10
  C:1BE0H         LINE#         11
  C:1BE2H         LINE#         12
  C:1BE9H         LINE#         13
  C:1BF1H         LINE#         14
  -------         ENDPROC       _BUZZ_TIMES
  -------         ENDMOD        BUZZ

  -------         MODULE        DELAY
  C:0000H         SYMBOL        _ICE_DUMMY_
  D:00A8H         PUBLIC        IE
  C:1E65H         PUBLIC        _Delay_Ms
  D:00B8H         PUBLIC        IP
  C:2075H         PUBLIC        _Delay_Us
  D:00D8H         PUBLIC        CCON
  D:0098H         PUBLIC        SCON
  D:0088H         PUBLIC        TCON
  C:1E85H         PUBLIC        _Delay
  D:00D0H         PUBLIC        PSW
  -------         PROC          _DELAY_US
  D:0007H         SYMBOL        n
  C:2075H         LINE#         9
  C:2075H         LINE#         10
  C:2075H         LINE#         11
  C:207BH         LINE#         12
  C:207BH         LINE#         13
  C:207CH         LINE#         14
  C:207DH         LINE#         15
  C:207FH         LINE#         16
  -------         ENDPROC       _DELAY_US
  -------         PROC          _DELAY_MS
  D:0006H         SYMBOL        time
  -------         DO            
  D:0004H         SYMBOL        i
  D:0002H         SYMBOL        j
  -------         ENDDO         
  C:1E65H         LINE#         23
  C:1E65H         LINE#         24
  C:1E65H         LINE#         26
  C:1E6FH         LINE#         27
  C:1E84H         LINE#         28
  -------         ENDPROC       _DELAY_MS
  -------         PROC          _DELAY
  D:0006H         SYMBOL        time
BL51 BANKED LINKER/LOCATER V6.22.2.0                                                  06/11/2022  16:11:09  PAGE 42


  -------         DO            
  D:0004H         SYMBOL        i
  D:0002H         SYMBOL        j
  -------         ENDDO         
  C:1E85H         LINE#         36
  C:1E85H         LINE#         37
  C:1E85H         LINE#         39
  C:1E8FH         LINE#         40
  C:1EA4H         LINE#         41
  -------         ENDPROC       _DELAY
  -------         ENDMOD        DELAY

  -------         MODULE        ?C?FPMUL
  C:0026H         PUBLIC        ?C?FPMUL
  -------         ENDMOD        ?C?FPMUL

  -------         MODULE        ?C?FPDIV
  C:012FH         PUBLIC        ?C?FPDIV
  -------         ENDMOD        ?C?FPDIV

  -------         MODULE        ?C?FCAST
  C:01D6H         PUBLIC        ?C?FCASTC
  C:01D1H         PUBLIC        ?C?FCASTI
  C:01CCH         PUBLIC        ?C?FCASTL
  -------         ENDMOD        ?C?FCAST

  -------         MODULE        ?C?CASTF
  C:020AH         PUBLIC        ?C?CASTF
  -------         ENDMOD        ?C?CASTF

  -------         MODULE        ?C?COPY
  C:035BH         PUBLIC        ?C?COPY
  -------         ENDMOD        ?C?COPY

  -------         MODULE        ?C?CLDPTR
  C:0381H         PUBLIC        ?C?CLDPTR
  -------         ENDMOD        ?C?CLDPTR

  -------         MODULE        ?C?CLDOPTR
  C:039AH         PUBLIC        ?C?CLDOPTR
  -------         ENDMOD        ?C?CLDOPTR

  -------         MODULE        ?C?IMUL
  C:03C7H         PUBLIC        ?C?IMUL
  -------         ENDMOD        ?C?IMUL

  -------         MODULE        ?C?UIDIV
  C:03D9H         PUBLIC        ?C?UIDIV
  -------         ENDMOD        ?C?UIDIV

  -------         MODULE        ?C?SIDIV
  C:042EH         PUBLIC        ?C?SIDIV
  -------         ENDMOD        ?C?SIDIV

  -------         MODULE        ?C?IILDX
  C:0464H         PUBLIC        ?C?IILDX
  -------         ENDMOD        ?C?IILDX
BL51 BANKED LINKER/LOCATER V6.22.2.0                                                  06/11/2022  16:11:09  PAGE 43



  -------         MODULE        ?C?ILDIX
  C:047AH         PUBLIC        ?C?ILDIX
  -------         ENDMOD        ?C?ILDIX

  -------         MODULE        ?C?ULDIV
  C:04CCH         PUBLIC        ?C?ULDIV
  -------         ENDMOD        ?C?ULDIV

  -------         MODULE        ?C?LNEG
  C:055EH         PUBLIC        ?C?LNEG
  -------         ENDMOD        ?C?LNEG

  -------         MODULE        ?C?ULSHR
  C:056CH         PUBLIC        ?C?ULSHR
  -------         ENDMOD        ?C?ULSHR

  -------         MODULE        ?C?LSHL
  C:057FH         PUBLIC        ?C?LSHL
  -------         ENDMOD        ?C?LSHL

  -------         MODULE        ?C?LSTXDATA
  C:0592H         PUBLIC        ?C?LSTXDATA
  -------         ENDMOD        ?C?LSTXDATA

  -------         MODULE        ?C?LSTKXDATA
  C:059EH         PUBLIC        ?C?LSTKXDATA
  -------         ENDMOD        ?C?LSTKXDATA

  -------         MODULE        ?C?OFFXADD
  C:05CFH         PUBLIC        ?C?OFFXADD
  -------         ENDMOD        ?C?OFFXADD

Program Size: data=9.1 xdata=227 code=8332
LINK/LOCATE RUN COMPLETE.  0 WARNING(S),  0 ERROR(S)
