C51 COMPILER V9.60.0.0   MAIN                                                              02/14/2022 12:41:40 PAGE 1   


C51 COMPILER V9.60.0.0, COMPILATION OF MODULE MAIN
OBJECT MODULE PLACED IN .\Objects\main.obj
COMPILER INVOKED BY: C:\Keil_v5\C51\BIN\C51.EXE USER\main.c LARGE RTX51 OPTIMIZE(8,SPEED) BROWSE INCDIR(.\0.96¡®OLED-SPI
                    -;.\0.96¡®OLED-SPI\BMP;.\USER;.\delay;.\°´¼ü;.\BMEBMP280;.\IIC;.\GPS;.\SPI;.\Ðý×ª±àÂëÆ÷;.\1.54'TFT) DEBUG OBJECTEXTEND PR
                    -INT(.\Listings\main.lst) TABS(2) OBJECT(.\Objects\main.obj)

line level    source

   1          #include "config.h"
   2          
   3          void main()
   4          {
   5   1        OLED_Init();
   6   1        OLED_Clear();
   7   1        OLED_DrawBMP(0,0,128,8,(unsigned char *)Apple_Logo);
   8   1        Lcd_Init(); 
   9   1        LCD_Clear(BLACK);
  10   1        LCD_ShowPicture(0,0,160,80,(unsigned char *)gImage_NASA);
  11   1        Init_BMP280();
  12   1        bmp280Convert();
  13   1        Uart_Init();
  14   1        Delay10ms();
  15   1        while(1)
  16   1        {
  17   2          GUI_MainFuction();
  18   2        //LCD_ShowPicture(0,0,160,80,(unsigned char *)gImage_WXJB);
  19   2        }
  20   1      }
  21          


MODULE INFORMATION:   STATIC OVERLAYABLE
   CODE SIZE        =     91    ----
   CONSTANT SIZE    =   ----    ----
   XDATA SIZE       =   ----    ----
   PDATA SIZE       =   ----    ----
   DATA SIZE        =   ----    ----
   IDATA SIZE       =   ----    ----
   BIT SIZE         =   ----    ----
END OF MODULE INFORMATION.


C51 COMPILATION COMPLETE.  0 WARNING(S),  0 ERROR(S)
