C51 COMPILER V9.60.0.0   DELAY                                                             03/12/2022 02:03:00 PAGE 1   


C51 COMPILER V9.60.0.0, COMPILATION OF MODULE DELAY
OBJECT MODULE PLACED IN .\Objects\delay.obj
COMPILER INVOKED BY: C:\Keil_v5\C51\BIN\C51.EXE Library\src\delay.c LARGE OPTIMIZE(8,SPEED) BROWSE INCDIR(.\Library\inc)
                    - DEBUG OBJECTEXTEND PRINT(.\Listings\delay.lst) TABS(2) OBJECT(.\Objects\delay.obj)

line level    source

   1          #include "delay.h"
   2          
   3          //@11.0592MHz
   4          //void Delay1ms()   
   5          //{
   6          //  unsigned char i, j;
   7          
   8          //  _nop_();
   9          //  i = 11;
  10          //  j = 190;
  11          //  do
  12          //  {
  13          //    while (--j);
  14          //  } while (--i);
  15          //}
  16          
  17          //void Delay10ms()    //@11.0592MHz
  18          //{
  19          //  unsigned char i, j;
  20          
  21          //  _nop_();
  22          //  _nop_();
  23          //  i = 108;
  24          //  j = 144;
  25          //  do
  26          //  {
  27          //    while (--j);
  28          //  } while (--i);
  29          //}
  30          
  31          //void Delay1us()   //@11.0592MHz
  32          //{
  33          //  _nop_();
  34          //}
  35          
  36          //void Delay10us()    //@11.0592MHz
  37          //{
  38          //  unsigned char i;
  39          
  40          //  _nop_();
  41          //  _nop_();
  42          //  _nop_();
  43          //  i = 24;
  44          //  while (--i);
  45          //}
  46          
  47          //void Delay5us()   //@11.0592MHz
  48          //{
  49          //  unsigned char i;
  50          
  51          //  _nop_();
  52          //  _nop_();
  53          //  _nop_();
  54          //  i = 10;
C51 COMPILER V9.60.0.0   DELAY                                                             03/12/2022 02:03:00 PAGE 2   

  55          //  while (--i);
  56          //}
  57          
  58          //void Delay200ms()   //@11.0592MHz
  59          //{
  60          //  unsigned char i, j, k;
  61          
  62          //  i = 9;
  63          //  j = 104;
  64          //  k = 139;
  65          //  do
  66          //  {
  67          //    do
  68          //    {
  69          //      while (--k);
  70          //    } while (--j);
  71          //  } while (--i);
  72          //}
  73          
  74          //void Delay100ms()   //@11.0592MHz
  75          //{
  76          //  unsigned char i, j, k;
  77          
  78          //  i = 5;
  79          //  j = 52;
  80          //  k = 195;
  81          //  do
  82          //  {
  83          //    do
  84          //    {
  85          //      while (--k);
  86          //    } while (--j);
  87          //  } while (--i);
  88          //}
  89          
  90          //void Delay1000us()    //@11.0592MHz
  91          //{
  92          //  unsigned char i, j;
  93          
  94          //  _nop_();
  95          //  _nop_();
  96          //  _nop_();
  97          //  i = 11;
  98          //  j = 190;
  99          //  do
 100          //  {
 101          //    while (--j);
 102          //  } while (--i);
 103          //}
 104          
 105          //void Delay1000ms()    //@11.0592MHz
 106          //{
 107          //  unsigned char i, j, k;
 108          
 109          //  _nop_();
 110          //  _nop_();
 111          //  i = 43;
 112          //  j = 6;
 113          //  k = 203;
 114          //  do
 115          //  {
 116          //    do
C51 COMPILER V9.60.0.0   DELAY                                                             03/12/2022 02:03:00 PAGE 3   

 117          //    {
 118          //      while (--k);
 119          //    } while (--j);
 120          //  } while (--i);
 121          //}
 122          
 123          void Delay50us()    //@11.0592MHz
 124          {
 125   1        unsigned char i;
 126   1      
 127   1        _nop_();
 128   1        _nop_();
 129   1        _nop_();
 130   1        i = 135;
 131   1        while (--i);
 132   1      }
 133          
 134          


MODULE INFORMATION:   STATIC OVERLAYABLE
   CODE SIZE        =      8    ----
   CONSTANT SIZE    =   ----    ----
   XDATA SIZE       =   ----    ----
   PDATA SIZE       =   ----    ----
   DATA SIZE        =   ----    ----
   IDATA SIZE       =   ----    ----
   BIT SIZE         =   ----    ----
END OF MODULE INFORMATION.


C51 COMPILATION COMPLETE.  0 WARNING(S),  0 ERROR(S)
