C51 COMPILER V9.60.0.0   MAIN                                                              03/20/2022 00:40:05 PAGE 1   


C51 COMPILER V9.60.0.0, COMPILATION OF MODULE MAIN
OBJECT MODULE PLACED IN .\Objects\main.obj
COMPILER INVOKED BY: C:\Keil_v5\C51\BIN\C51.EXE USER\main.c LARGE OPTIMIZE(8,SPEED) BROWSE INCDIR(.\Library\inc) DEBUG O
                    -BJECTEXTEND PRINT(.\Listings\main.lst) TABS(2) OBJECT(.\Objects\main.obj)

line level    source

   1          #include "main.h"
   2          
   3          struct sTime {  //日期时间结构体定义
   4              unsigned int  year;
   5              unsigned char mon;
   6              unsigned char day;
   7              unsigned char hour;
   8              unsigned char min;
   9              unsigned char sec;
  10              unsigned char week;
  11          };
  12          struct sTime bufTime;  //日期时间缓冲区
  13          
  14          void main(){
  15   1        InitDS1302();
  16   1        GetRealTime(&bufTime);
  17   1        while(1){
  18   2          GetRealTime(&bufTime);
  19   2          DigDisplay(0,bufTime.sec & 0x0F);
  20   2        }
  21   1      }


MODULE INFORMATION:   STATIC OVERLAYABLE
   CODE SIZE        =     35    ----
   CONSTANT SIZE    =   ----    ----
   XDATA SIZE       =      8    ----
   PDATA SIZE       =   ----    ----
   DATA SIZE        =   ----    ----
   IDATA SIZE       =   ----    ----
   BIT SIZE         =   ----    ----
END OF MODULE INFORMATION.


C51 COMPILATION COMPLETE.  0 WARNING(S),  0 ERROR(S)
